---
source: plink/linktest/harness/main.rs
---
linking exited with exit status: 0

=== stdout ===
ElfObject {
    env: ElfEnvironment {
        class: Elf64,
        endian: Little,
        abi: SystemV,
        machine: X86_64,
    },
    type_: Executable,
    entry: Some(
        0x401000,
    ),
    sections: {
        section#0: ElfSection {
            name: section#1:string#0,
            memory_address: 0x0,
            content: Null,
        },
        section#1: ElfSection {
            name: section#1:string#12,
            memory_address: 0x0,
            content: StringTable(
                ElfStringTable {
                    strings: {
                        0x0: "",
                        0x1: ".text",
                        0x7: ".bss",
                        0xc: ".shstrtab",
                    },
                },
            ),
        },
        section#2: ElfSection {
            name: section#1:string#1,
            memory_address: 0x401000,
            content: Program(
                ElfProgramSection {
                    perms: ElfPermissions(RX),
                    deduplication: Disabled,
                    raw: RawBytes {
                             ?0 ?1 ?2 ?3 ?4 ?5 ?6 ?7 ?8 ?9 ?a ?b ?c ?d ?e ?f   (len: 0x52)
                           +-------------------------------------------------+
                        0? | c6 04 25 00 00 40 00 68 c6 04 25 01 00 40 00 65 | ..%..@.h..%..@.e
                        1? | c6 04 25 02 00 40 00 6c c6 04 25 03 00 40 00 6c | ..%..@.l..%..@.l
                        2? | c6 04 25 04 00 40 00 6f c6 04 25 05 00 40 00 0a | ..%..@.o..%..@..
                        3? | b8 04 00 00 00 bb 01 00 00 00 b9 00 00 40 00 ba | .............@..
                        4? | 06 00 00 00 cd 80 b8 01 00 00 00 bb 00 00 00 00 | ................
                        5? | cd 80                                           | ..
                    },
                },
            ),
        },
        section#3: ElfSection {
            name: section#1:string#7,
            memory_address: 0x400000,
            content: Uninitialized(
                ElfUninitializedSection {
                    perms: ElfPermissions(RW),
                    len: 0x6,
                },
            ),
        },
    },
    segments: [
        ElfSegment {
            type_: Load,
            perms: ElfPermissions(RW),
            content: [
                Section(
                    section#3,
                ),
            ],
            align: 0x1000,
        },
        ElfSegment {
            type_: Load,
            perms: ElfPermissions(RX),
            content: [
                Section(
                    section#2,
                ),
            ],
            align: 0x1000,
        },
    ],
}


no stderr present

