---
source: plinky_test_harness/src/utils.rs
---
linking exited with exit status: 0

no stdout present

=== stderr ===
debug print: loaded object
 │
 │  section .text#1 (perms: rx) in hello.o
 │   │
 │   │  ╭─────────────────────────────────────────────────┬──────────────────╮
 │   │  │ 55 48 89 e5 ba 0c 00 00 00 48 8d 05 00 00 00 00 │ UH.......H...... │
 │   │  │ 48 89 c6 bf 01 00 00 00 ff 15 00 00 00 00 bf 00 │ H............... │
 │   │  │ 00 00 00 ff 15 00 00 00 00                      │ .........        │
 │   │  ╰─────────────────────────────────────────────────┴──────────────────╯
 │   │
 │   │    Relocations:
 │   │  ╭───────────────┬─────────────────────┬────────┬────────────────────╮
 │   │  │ Type          │ Symbol              │ Offset │ Addend             │
 │   │  ├───────────────┼─────────────────────┼────────┼────────────────────┤
 │   │  │ Relative32    │ <section .rodata#5> │ 0xc    │ 0xfffffffffffffffc │
 │   │  ├───────────────┼─────────────────────┼────────┼────────────────────┤
 │   │  │ GOTRelative32 │ write#12            │ 0x1a   │ 0xfffffffffffffffc │
 │   │  ├───────────────┼─────────────────────┼────────┼────────────────────┤
 │   │  │ GOTRelative32 │ exit#13             │ 0x25   │ 0xfffffffffffffffc │
 │   │  ╰───────────────┴─────────────────────┴────────┴────────────────────╯
 │   ┴
 │
 │  section .text#14 (perms: rx) in syscalls.o
 │   │
 │   │  ╭─────────────────────────────────────────────────┬──────────────────╮
 │   │  │ 50 53 51 48 c7 c0 04 00 00 00 48 89 fb 48 89 f1 │ PSQH......H..H.. │
 │   │  │ cd 80 59 5b 58 c3 48 c7 c0 01 00 00 00 48 89 fb │ ..Y[X.H......H.. │
 │   │  │ cd 80                                           │ ..               │
 │   │  ╰─────────────────────────────────────────────────┴──────────────────╯
 │   ┴
 ┴

debug print: object after relocations are applied
 │
 │  section .got#22 (perms: rw) in <plinky>
 │   │
 │   │  address: 0x402000
 │   │
 │   │  ╭─────────────────────────────────────────────────┬──────────────────╮
 │   │  │ 29 10 40 00 00 00 00 00 3f 10 40 00 00 00 00 00 │ ).@.....?.@..... │
 │   │  ╰─────────────────────────────────────────────────┴──────────────────╯
 │   ┴
 │
 │  section .text#1 (perms: rx) in hello.o
 │   │
 │   │  address: 0x401000
 │   │
 │   │  ╭─────────────────────────────────────────────────┬──────────────────╮
 │   │  │ 55 48 89 e5 ba 0c 00 00 00 48 8d 05 f0 ef ff ff │ UH.......H...... │
 │   │  │ 48 89 c6 bf 01 00 00 00 ff 15 e2 0f 00 00 bf 00 │ H............... │
 │   │  │ 00 00 00 ff 15 df 0f 00 00                      │ .........        │
 │   │  ╰─────────────────────────────────────────────────┴──────────────────╯
 │   ┴
 │
 │  section .text#14 (perms: rx) in syscalls.o
 │   │
 │   │  address: 0x401029
 │   │
 │   │  ╭─────────────────────────────────────────────────┬──────────────────╮
 │   │  │ 50 53 51 48 c7 c0 04 00 00 00 48 89 fb 48 89 f1 │ PSQH......H..H.. │
 │   │  │ cd 80 59 5b 58 c3 48 c7 c0 01 00 00 00 48 89 fb │ ..Y[X.H......H.. │
 │   │  │ cd 80                                           │ ..               │
 │   │  ╰─────────────────────────────────────────────────┴──────────────────╯
 │   ┴
 │
 │    Symbols:
 │  ╭──────────────────────────┬──────────┬────────────┬────────────┬─────────────────╮
 │  │ Name                     │ Type     │ Source     │ Visibility │ Value           │
 │  ├──────────────────────────┼──────────┼────────────┼────────────┼─────────────────┤
 │  │ <symbol#0>               │ none     │ <plinky>   │ local      │ <null>          │
 │  ├──────────────────────────┼──────────┼────────────┼────────────┼─────────────────┤
 │  │ <section .text#1>        │ section  │ hello.o    │ local      │ .text#1 + 0x0   │
 │  ├──────────────────────────┼──────────┼────────────┼────────────┼─────────────────┤
 │  │ <section .rodata#5>      │ section  │ hello.o    │ local      │ .rodata#5 + 0x0 │
 │  ├──────────────────────────┼──────────┼────────────┼────────────┼─────────────────┤
 │  │ _GLOBAL_OFFSET_TABLE_#11 │ none     │ hello.o    │ global     │ <undefined>     │
 │  ├──────────────────────────┼──────────┼────────────┼────────────┼─────────────────┤
 │  │ _start#2                 │ function │ hello.o    │ global     │ .text#1 + 0x0   │
 │  ├──────────────────────────┼──────────┼────────────┼────────────┼─────────────────┤
 │  │ exit#13                  │ none     │ syscalls.o │ global     │ .text#14 + 0x16 │
 │  ├──────────────────────────┼──────────┼────────────┼────────────┼─────────────────┤
 │  │ write#12                 │ none     │ syscalls.o │ global     │ .text#14 + 0x0  │
 │  ╰──────────────────────────┴──────────┴────────────┴────────────┴─────────────────╯
 ┴



