---
source: plinky_test_harness/src/utils.rs
---
linking exited with exit status: 0

no stdout present

=== stderr ===
debug print: loaded object
 │
 │  section .text#0 (perms: rx) in third.o inside archive archive.a
 │   │
 │   │  ╭────────────────┬───────╮
 │   │  │ e9 00 00 00 00 │ ..... │
 │   │  ╰────────────────┴───────╯
 │   │
 │   │    Relocations:
 │   │  ╭───────┬────────┬────────┬────────────────────╮
 │   │  │ Type  │ Symbol │ Offset │ Addend             │
 │   │  ├───────┼────────┼────────┼────────────────────┤
 │   │  │ PLT32 │ second │ 0x1    │ 0xfffffffffffffffc │
 │   │  ╰───────┴────────┴────────┴────────────────────╯
 │   ┴
 │
 │  section .text#1 (perms: rx) in second.o inside archive archive.a
 │   │
 │   │  ╭────────────────┬───────╮
 │   │  │ e9 00 00 00 00 │ ..... │
 │   │  ╰────────────────┴───────╯
 │   │
 │   │    Relocations:
 │   │  ╭───────┬────────┬────────┬────────────────────╮
 │   │  │ Type  │ Symbol │ Offset │ Addend             │
 │   │  ├───────┼────────┼────────┼────────────────────┤
 │   │  │ PLT32 │ first  │ 0x1    │ 0xfffffffffffffffc │
 │   │  ╰───────┴────────┴────────┴────────────────────╯
 │   ┴
 │
 │  section .text#2 (perms: rx) in first.o inside archive archive.a
 │   │
 │   │  ╭────┬───╮
 │   │  │ 90 │ . │
 │   │  ╰────┴───╯
 │   ┴
 ┴
