---
source: plink/linktest/harness/main.rs
---
linking exited with exit status: 0

=== stdout ===
debug print: calculated layout
 │  
 │  ╭─────────────┬──────────────┬───────────────┬────────────────╮
 │  │ Internal ID │ Section name │ Source object │ Memory address │
 │  ├─────────────┼──────────────┼───────────────┼────────────────┤
 │  │ section#1   │ .data        │ hello.o       │ 0x400000       │
 │  ├─────────────┼──────────────┼───────────────┼────────────────┤
 │  │ section#2   │ .text        │ hello.o       │ 0x401000       │
 │  ╰─────────────┴──────────────┴───────────────┴────────────────╯
 ┴


no stderr present

