---
source: plinky_test_harness/src/utils.rs
---
reading ELF exited with exit status: 0

=== stdout ===
  Metadata:
╭────────────┬────────────╮
│ Class      │ ELF 64bit  │
├────────────┼────────────┤
│ Endian     │ Little     │
├────────────┼────────────┤
│ ABI        │ System V   │
├────────────┼────────────┤
│ Machine    │ x86-64     │
├────────────┼────────────┤
│ Type       │ Executable │
├────────────┼────────────┤
│ Entrypoint │ 0x401000   │
╰────────────┴────────────╯

section #0 (address: 0x0)
 │
 │  empty section
 ┴

section .text#1 (address: 0x401000)
 │
 │  program data | permissions: R X
 │
 │  ╭─────────────────────────────────────────────────┬──────────────────╮
 │  │ b8 04 00 00 00 bb 01 00 00 00 b9 00 20 40 00 ba │ ............ @.. │
 │  │ 0d 00 00 00 cd 80 b8 04 00 00 00 bb 01 00 00 00 │ ................ │
 │  │ b9 0d 20 40 00 ba 0f 00 00 00 cd 80 b0 01 bb 00 │ .. @............ │
 │  │ 00 00 00 cd 80                                  │ .....            │
 │  ╰─────────────────────────────────────────────────┴──────────────────╯
 ┴

section .data#2 (address: 0x402000)
 │
 │  program data | permissions: RW
 │
 │  ╭─────────────────────────────────────────────────┬──────────────────╮
 │  │ 48 65 6c 6c 6f 20 77 6f 72 6c 64 21 0a 47 6f 6f │ Hello world!.Goo │
 │  │ 64 62 79 65 20 77 6f 72 6c 64 21 0a             │ dbye world!.     │
 │  ╰─────────────────────────────────────────────────┴──────────────────╯
 ┴

section .bss#3 (address: 0x402020)
 │
 │  uninitialized | len: 0x8 | permissions: RW 
 ┴

section .symtab#4 (address: 0x0)
 │
 │    Symbol table:
 │  ╭───────────────┬─────────┬────────┬────────────┬────────────┬──────────┬──────╮
 │  │ Name          │ Binding │ Type   │ Visibility │ Definition │ Value    │ Size │
 │  ├───────────────┼─────────┼────────┼────────────┼────────────┼──────────┼──────┤
 │  │ #0            │ Local   │ -      │ Default    │ Undefined  │ 0x0      │ 0x0  │
 │  ├───────────────┼─────────┼────────┼────────────┼────────────┼──────────┼──────┤
 │  │ hello.S#1     │ Local   │ File   │ Default    │ Absolute   │ 0x0      │ 0x0  │
 │  ├───────────────┼─────────┼────────┼────────────┼────────────┼──────────┼──────┤
 │  │ msg_hello#2   │ Local   │ -      │ Default    │ .data#2    │ 0x402000 │ 0x0  │
 │  ├───────────────┼─────────┼────────┼────────────┼────────────┼──────────┼──────┤
 │  │ len_hello#3   │ Local   │ -      │ Default    │ Absolute   │ 0xd      │ 0x0  │
 │  ├───────────────┼─────────┼────────┼────────────┼────────────┼──────────┼──────┤
 │  │ msg_goodbye#4 │ Local   │ -      │ Default    │ .data#2    │ 0x40200d │ 0x0  │
 │  ├───────────────┼─────────┼────────┼────────────┼────────────┼──────────┼──────┤
 │  │ len_goodbye#5 │ Local   │ -      │ Default    │ Absolute   │ 0xf      │ 0x0  │
 │  ├───────────────┼─────────┼────────┼────────────┼────────────┼──────────┼──────┤
 │  │ uninit#6      │ Local   │ Object │ Default    │ .bss#3     │ 0x402020 │ 0x8  │
 │  ├───────────────┼─────────┼────────┼────────────┼────────────┼──────────┼──────┤
 │  │ _start#7      │ Global  │ -      │ Default    │ .text#1    │ 0x401000 │ 0x0  │
 │  ├───────────────┼─────────┼────────┼────────────┼────────────┼──────────┼──────┤
 │  │ __bss_start#8 │ Global  │ -      │ Default    │ .bss#3     │ 0x40201c │ 0x0  │
 │  ├───────────────┼─────────┼────────┼────────────┼────────────┼──────────┼──────┤
 │  │ _edata#9      │ Global  │ -      │ Default    │ .data#2    │ 0x40201c │ 0x0  │
 │  ├───────────────┼─────────┼────────┼────────────┼────────────┼──────────┼──────┤
 │  │ _end#10       │ Global  │ -      │ Default    │ .bss#3     │ 0x402028 │ 0x0  │
 │  ╰───────────────┴─────────┴────────┴────────────┴────────────┴──────────┴──────╯
 ┴

section .strtab#5 (address: 0x0)
 │
 │    Strings table:
 │  ╭──────┬─────────────╮
 │  │ 0x0  │             │
 │  ├──────┼─────────────┤
 │  │ 0x1  │ hello.S     │
 │  ├──────┼─────────────┤
 │  │ 0x9  │ msg_hello   │
 │  ├──────┼─────────────┤
 │  │ 0x13 │ len_hello   │
 │  ├──────┼─────────────┤
 │  │ 0x1d │ msg_goodbye │
 │  ├──────┼─────────────┤
 │  │ 0x29 │ len_goodbye │
 │  ├──────┼─────────────┤
 │  │ 0x35 │ uninit      │
 │  ├──────┼─────────────┤
 │  │ 0x3c │ __bss_start │
 │  ├──────┼─────────────┤
 │  │ 0x48 │ _edata      │
 │  ├──────┼─────────────┤
 │  │ 0x4f │ _end        │
 │  ╰──────┴─────────────╯
 ┴

section .shstrtab#6 (address: 0x0)
 │
 │    Strings table:
 │  ╭──────┬───────────╮
 │  │ 0x0  │           │
 │  ├──────┼───────────┤
 │  │ 0x1  │ .symtab   │
 │  ├──────┼───────────┤
 │  │ 0x9  │ .strtab   │
 │  ├──────┼───────────┤
 │  │ 0x11 │ .shstrtab │
 │  ├──────┼───────────┤
 │  │ 0x1b │ .text     │
 │  ├──────┼───────────┤
 │  │ 0x21 │ .data     │
 │  ├──────┼───────────┤
 │  │ 0x27 │ .bss      │
 │  ╰──────┴───────────╯
 ┴

  Segments:
╭──────┬───────┬──────────┬─────────────┬──────────┬────────────────┬────────────╮
│ Type │ Perms │ Aligment │ File offset │ File len │ Memory address │ Memory len │
├──────┼───────┼──────────┼─────────────┼──────────┼────────────────┼────────────┤
│ Load │ R     │ 0x1000   │ 0x0         │ 0xe8     │ 0x400000       │ 0xe8       │
├──────┼───────┼──────────┼─────────────┼──────────┼────────────────┼────────────┤
│ Load │ R X   │ 0x1000   │ 0x1000      │ 0x35     │ 0x401000       │ 0x35       │
├──────┼───────┼──────────┼─────────────┼──────────┼────────────────┼────────────┤
│ Load │ RW    │ 0x1000   │ 0x2000      │ 0x1c     │ 0x402000       │ 0x28       │
╰──────┴───────┴──────────┴─────────────┴──────────┴────────────────┴────────────╯


no stderr present
