---
source: plinky_test_harness/src/utils.rs
---
reading ELF exited with exit status: 0

=== stdout ===
  Metadata:
╭────────────┬─────────────╮
│ Class      │ ELF 32bit   │
├────────────┼─────────────┤
│ Endian     │ Little      │
├────────────┼─────────────┤
│ ABI        │ System V    │
├────────────┼─────────────┤
│ Machine    │ x86         │
├────────────┼─────────────┤
│ Type       │ Relocatable │
├────────────┼─────────────┤
│ Entrypoint │ -           │
╰────────────┴─────────────╯

section #0 (address: 0x0)
 │
 │  empty section
 ┴

section .shstrtab#1 (address: 0x0)
 │
 │    Strings table:
 │  ╭──────┬───────────╮
 │  │ 0x0  │           │
 │  ├──────┼───────────┤
 │  │ 0x1  │ .symtab   │
 │  ├──────┼───────────┤
 │  │ 0x9  │ .strtab   │
 │  ├──────┼───────────┤
 │  │ 0x11 │ .shstrtab │
 │  ├──────┼───────────┤
 │  │ 0x1b │ .rel.text │
 │  ├──────┼───────────┤
 │  │ 0x25 │ .data     │
 │  ├──────┼───────────┤
 │  │ 0x2b │ .bss      │
 │  ╰──────┴───────────╯
 ┴

section .text#2 (address: 0x0)
 │
 │  program data | permissions: R X
 │
 │  ╭─────────────────────────────────────────────────┬──────────────────╮
 │  │ b8 04 00 00 00 bb 01 00 00 00 b9 00 00 00 00 ba │ ................ │
 │  │ 0d 00 00 00 cd 80 b8 04 00 00 00 bb 01 00 00 00 │ ................ │
 │  │ b9 0d 00 00 00 ba 0f 00 00 00 cd 80 b0 01 bb 00 │ ................ │
 │  │ 00 00 00 cd 80                                  │ .....            │
 │  ╰─────────────────────────────────────────────────┴──────────────────╯
 ┴

section .rel.text#3 (address: 0x0)
 │
 │  symbol table:       .symtab#4
 │  applies to section: .text#2
 │
 │    Relocations:
 │  ╭────────┬────────┬────────┬────────╮
 │  │ Type   │ Symbol │ Offset │ Addend │
 │  ├────────┼────────┼────────┼────────┤
 │  │ X86_32 │ #0     │ 0xb    │ -      │
 │  ├────────┼────────┼────────┼────────┤
 │  │ X86_32 │ #0     │ 0x21   │ -      │
 │  ╰────────┴────────┴────────┴────────╯
 ┴

section .symtab#4 (address: 0x0)
 │
 │    Symbol table:
 │  ╭───────────────┬─────────┬─────────┬────────────┬────────────┬───────┬──────╮
 │  │ Name          │ Binding │ Type    │ Visibility │ Definition │ Value │ Size │
 │  ├───────────────┼─────────┼─────────┼────────────┼────────────┼───────┼──────┤
 │  │ #0            │ Local   │ Section │ Default    │ .data#5    │ 0x0   │ 0x0  │
 │  ├───────────────┼─────────┼─────────┼────────────┼────────────┼───────┼──────┤
 │  │ #1            │ Local   │ -       │ Default    │ Undefined  │ 0x0   │ 0x0  │
 │  ├───────────────┼─────────┼─────────┼────────────┼────────────┼───────┼──────┤
 │  │ hello.S#2     │ Local   │ File    │ Default    │ Absolute   │ 0x0   │ 0x0  │
 │  ├───────────────┼─────────┼─────────┼────────────┼────────────┼───────┼──────┤
 │  │ msg_hello#3   │ Local   │ -       │ Default    │ .data#5    │ 0x0   │ 0x0  │
 │  ├───────────────┼─────────┼─────────┼────────────┼────────────┼───────┼──────┤
 │  │ len_hello#4   │ Local   │ -       │ Default    │ Absolute   │ 0xd   │ 0x0  │
 │  ├───────────────┼─────────┼─────────┼────────────┼────────────┼───────┼──────┤
 │  │ msg_goodbye#5 │ Local   │ -       │ Default    │ .data#5    │ 0xd   │ 0x0  │
 │  ├───────────────┼─────────┼─────────┼────────────┼────────────┼───────┼──────┤
 │  │ len_goodbye#6 │ Local   │ -       │ Default    │ Absolute   │ 0xf   │ 0x0  │
 │  ├───────────────┼─────────┼─────────┼────────────┼────────────┼───────┼──────┤
 │  │ uninit#7      │ Local   │ Object  │ Default    │ .bss#6     │ 0x0   │ 0x8  │
 │  ├───────────────┼─────────┼─────────┼────────────┼────────────┼───────┼──────┤
 │  │ _start#8      │ Global  │ -       │ Default    │ .text#2    │ 0x0   │ 0x0  │
 │  ╰───────────────┴─────────┴─────────┴────────────┴────────────┴───────┴──────╯
 ┴

section .data#5 (address: 0x0)
 │
 │  program data | permissions: RW
 │
 │  ╭─────────────────────────────────────────────────┬──────────────────╮
 │  │ 48 65 6c 6c 6f 20 77 6f 72 6c 64 21 0a 47 6f 6f │ Hello world!.Goo │
 │  │ 64 62 79 65 20 77 6f 72 6c 64 21 0a             │ dbye world!.     │
 │  ╰─────────────────────────────────────────────────┴──────────────────╯
 ┴

section .bss#6 (address: 0x0)
 │
 │  uninitialized | len: 0x8 | permissions: RW 
 ┴

section .strtab#7 (address: 0x0)
 │
 │    Strings table:
 │  ╭──────┬─────────────╮
 │  │ 0x0  │             │
 │  ├──────┼─────────────┤
 │  │ 0x1  │ hello.S     │
 │  ├──────┼─────────────┤
 │  │ 0x9  │ msg_hello   │
 │  ├──────┼─────────────┤
 │  │ 0x13 │ len_hello   │
 │  ├──────┼─────────────┤
 │  │ 0x1d │ msg_goodbye │
 │  ├──────┼─────────────┤
 │  │ 0x29 │ len_goodbye │
 │  ├──────┼─────────────┤
 │  │ 0x35 │ uninit      │
 │  ├──────┼─────────────┤
 │  │ 0x3c │ _start      │
 │  ╰──────┴─────────────╯
 ┴

No segments in the ELF file.

no stderr present
