---
source: plinky_test_harness/src/utils.rs
---
reading ELF exited with exit status: 0

=== stdout ===
section .hash (address: 0x154)
 │
 │  Hash table for .dynsym
 │
 │    Content:
 │  ╭───────────┬───────────────────╮
 │  │ Bucket ID │ Symbols in bucket │
 │  ├───────────┼───────────────────┤
 │  │ 0         │ c#0               │
 │  │           │ i#0               │
 │  │           │ l#0               │
 │  │           │ f#0               │
 │  │ 1         │ m#0               │
 │  │           │ a#0               │
 │  │           │ d#0               │
 │  │           │ g#0               │
 │  │           │ j#0               │
 │  │ 2         │ e#0               │
 │  │           │ h#0               │
 │  │           │ k#0               │
 │  │           │ n#0               │
 │  │           │ b#0               │
 │  ╰───────────┴───────────────────╯
 ┴

section .gnu.hash (address: 0x1a4)
 │
 │  GNU hash table for .dynsym
 │  Ignored symbols: 1
 │
 │    Bloom filter (shift of 7):
 │  ╭──────────────────────────────────╮
 │  │ 00000000000011111111111111000000 │
 │  │ 00000000000000000000000000000000 │
 │  │ 00000000000000000000000000000000 │
 │  │ 00000000000000000000000000000000 │
 │  ╰──────────────────────────────────╯
 │
 │    Content:
 │  ╭───────────┬───────────────────╮
 │  │ Bucket ID │ Symbols in bucket │
 │  ├───────────┼───────────────────┤
 │  │ 0         │ f#0               │
 │  │           │ l#0               │
 │  │           │ i#0               │
 │  │           │ c#0               │
 │  │ 1         │ j#0               │
 │  │           │ g#0               │
 │  │           │ d#0               │
 │  │           │ a#0               │
 │  │           │ m#0               │
 │  │ 2         │ b#0               │
 │  │           │ n#0               │
 │  │           │ k#0               │
 │  │           │ h#0               │
 │  │           │ e#0               │
 │  ╰───────────┴───────────────────╯
 ┴

section .dynsym (address: 0x208)
 │
 │    Dynamic symbol table:
 │  ╭───────────┬─────────┬──────────┬────────────┬────────────┬────────┬──────╮
 │  │ Name      │ Binding │ Type     │ Visibility │ Definition │ Value  │ Size │
 │  ├───────────┼─────────┼──────────┼────────────┼────────────┼────────┼──────┤
 │  │ <empty>#0 │ Local   │ -        │ Default    │ Undefined  │ 0x0    │ 0x0  │
 │  │ f#0       │ Global  │ Function │ Default    │ .text      │ 0x1050 │ 0x10 │
 │  │ l#0       │ Global  │ Function │ Default    │ .text      │ 0x10b0 │ 0x10 │
 │  │ i#0       │ Global  │ Function │ Default    │ .text      │ 0x1080 │ 0x10 │
 │  │ c#0       │ Global  │ Function │ Default    │ .text      │ 0x1020 │ 0x10 │
 │  │ j#0       │ Global  │ Function │ Default    │ .text      │ 0x1090 │ 0x10 │
 │  │ g#0       │ Global  │ Function │ Default    │ .text      │ 0x1060 │ 0x10 │
 │  │ d#0       │ Global  │ Function │ Default    │ .text      │ 0x1030 │ 0x10 │
 │  │ a#0       │ Global  │ Function │ Default    │ .text      │ 0x1000 │ 0x10 │
 │  │ m#0       │ Global  │ Function │ Default    │ .text      │ 0x10c0 │ 0x10 │
 │  │ b#0       │ Global  │ Function │ Default    │ .text      │ 0x1010 │ 0x10 │
 │  │ n#0       │ Global  │ Function │ Default    │ .text      │ 0x10d0 │ 0x10 │
 │  │ k#0       │ Global  │ Function │ Default    │ .text      │ 0x10a0 │ 0x10 │
 │  │ h#0       │ Global  │ Function │ Default    │ .text      │ 0x1070 │ 0x10 │
 │  │ e#0       │ Global  │ Function │ Default    │ .text      │ 0x1040 │ 0x10 │
 │  ╰───────────┴─────────┴──────────┴────────────┴────────────┴────────┴──────╯
 ┴

no stderr present
