---
source: plinky_test_harness/src/utils.rs
---
reading ELF exited with exit status: 0

=== stdout ===
section .hash (address: 0x238)
 │
 │  Hash table for .dynsym
 │
 │    Content:
 │  ╭───────────┬───────────────────╮
 │  │ Bucket ID │ Symbols in bucket │
 │  ├───────────┼───────────────────┤
 │  │ 0         │ c#0               │
 │  │           │ i#0               │
 │  │           │ l#0               │
 │  │           │ f#0               │
 │  │ 1         │ m#0               │
 │  │           │ a#0               │
 │  │           │ d#0               │
 │  │           │ g#0               │
 │  │           │ j#0               │
 │  │ 2         │ e#0               │
 │  │           │ h#0               │
 │  │           │ k#0               │
 │  │           │ n#0               │
 │  │           │ b#0               │
 │  ╰───────────┴───────────────────╯
 ┴

section .gnu.hash (address: 0x288)
 │
 │  GNU hash table for .dynsym
 │  Ignored symbols: 1
 │
 │    Bloom filter (shift of 7):
 │  ╭──────────────────────────────────────────────────────────────────╮
 │  │ 0000000000000000000100000000000000000000000011111111111111000000 │
 │  │ 0000000000000000000000000000000000000000000000000000000000000000 │
 │  ╰──────────────────────────────────────────────────────────────────╯
 │
 │    Content:
 │  ╭───────────┬───────────────────┬──────────────────╮
 │  │ Bucket ID │ Symbols in bucket │ Truncated hashes │
 │  ├───────────┼───────────────────┼──────────────────┤
 │  │ 0         │ f#0               │ 0002b60a         │
 │  │           │ l#0               │ 0002b610         │
 │  │           │ i#0               │ 0002b60e         │
 │  │           │ c#0               │ 0002b608         │
 │  │ 1         │ j#0               │ 0002b60e         │
 │  │           │ g#0               │ 0002b60c         │
 │  │           │ d#0               │ 0002b608         │
 │  │           │ a#0               │ 0002b606         │
 │  │           │ m#0               │ 0002b612         │
 │  │ 2         │ b#0               │ 0002b606         │
 │  │           │ n#0               │ 0002b612         │
 │  │           │ k#0               │ 0002b610         │
 │  │           │ h#0               │ 0002b60c         │
 │  │           │ e#0               │ 0002b60a         │
 │  ╰───────────┴───────────────────┴──────────────────╯
 ┴

section .dynsym (address: 0x2f0)
 │
 │    Dynamic symbol table:
 │  ╭───────────┬─────────┬──────────┬────────────┬────────────┬────────┬──────╮
 │  │ Name      │ Binding │ Type     │ Visibility │ Definition │ Value  │ Size │
 │  ├───────────┼─────────┼──────────┼────────────┼────────────┼────────┼──────┤
 │  │ <empty>#0 │ Local   │ -        │ Default    │ Undefined  │ 0x0    │ 0x0  │
 │  │ f#0       │ Global  │ Function │ Default    │ .text      │ 0x1023 │ 0x7  │
 │  │ l#0       │ Global  │ Function │ Default    │ .text      │ 0x104d │ 0x7  │
 │  │ i#0       │ Global  │ Function │ Default    │ .text      │ 0x1038 │ 0x7  │
 │  │ c#0       │ Global  │ Function │ Default    │ .text      │ 0x100e │ 0x7  │
 │  │ j#0       │ Global  │ Function │ Default    │ .text      │ 0x103f │ 0x7  │
 │  │ g#0       │ Global  │ Function │ Default    │ .text      │ 0x102a │ 0x7  │
 │  │ d#0       │ Global  │ Function │ Default    │ .text      │ 0x1015 │ 0x7  │
 │  │ a#0       │ Global  │ Function │ Default    │ .text      │ 0x1000 │ 0x7  │
 │  │ m#0       │ Global  │ Function │ Default    │ .text      │ 0x1054 │ 0x7  │
 │  │ b#0       │ Global  │ Function │ Default    │ .text      │ 0x1007 │ 0x7  │
 │  │ n#0       │ Global  │ Function │ Default    │ .text      │ 0x105b │ 0x7  │
 │  │ k#0       │ Global  │ Function │ Default    │ .text      │ 0x1046 │ 0x7  │
 │  │ h#0       │ Global  │ Function │ Default    │ .text      │ 0x1031 │ 0x7  │
 │  │ e#0       │ Global  │ Function │ Default    │ .text      │ 0x101c │ 0x7  │
 │  ╰───────────┴─────────┴──────────┴────────────┴────────────┴────────┴──────╯
 ┴

no stderr present
