---
source: plink_elf/tests/snapshot.rs
---
Object {
    env: Environment {
        class: Elf32,
        endian: Little,
        abi: SystemV,
        machine: X86,
    },
    type_: Relocatable,
    entry: None,
    flags: 0x0,
    sections: {
        "": Section {
            name: "",
            memory_address: 0x0,
            content: Null,
        },
        ".data": Section {
            name: ".data",
            memory_address: 0x0,
            content: Program(
                ProgramSection {
                    writeable: true,
                    allocated: true,
                    executable: false,
                    raw: RawBytes {
                        48 65 6c 6c 6f 20 77 6f 72 6c 64 21 0a 47 6f 6f 64 62 79 65 20 77 6f 72 6c | Hello world!.Goodbye worl
                        64 21 0a                                                                   | d!.
                        (len: 0x1c)
                    },
                },
            ),
        },
        ".rel.text": Section {
            name: ".rel.text",
            memory_address: 0x0,
            content: RelocationsTable(
                RelocationsTable {
                    symbol_table: ".symtab",
                    applies_to_section: ".text",
                    relocations: [
                        Relocation {
                            offset: 0xb,
                            symbol: "",
                            relocation_type: X86_32,
                            addend: None,
                        },
                        Relocation {
                            offset: 0x21,
                            symbol: "",
                            relocation_type: X86_32,
                            addend: None,
                        },
                    ],
                },
            ),
        },
        ".shstrtab": Section {
            name: ".shstrtab",
            memory_address: 0x0,
            content: StringTable(
                StringTable {
                    strings: {
                        0x0: "",
                        0x1: ".data",
                        0x7: ".text",
                        0xd: ".shstrtab",
                        0x17: ".symtab",
                        0x1f: ".strtab",
                        0x27: ".rel.text",
                    },
                },
            ),
        },
        ".strtab": Section {
            name: ".strtab",
            memory_address: 0x0,
            content: StringTable(
                StringTable {
                    strings: {
                        0x0: "",
                        0x1: "tests/snapshot/hello_asm.S",
                        0x1c: "msg_hello",
                        0x26: "len_hello",
                        0x30: "msg_goodbye",
                        0x3c: "len_goodbye",
                        0x48: "_start",
                    },
                },
            ),
        },
        ".symtab": Section {
            name: ".symtab",
            memory_address: 0x0,
            content: SymbolTable(
                SymbolTable {
                    symbols: {
                        "": Symbol {
                            name: "",
                            binding: Local,
                            type_: Section,
                            definition: Section(
                                ".text",
                            ),
                            value: 0x0,
                            size: 0x0,
                        },
                        "_start": Symbol {
                            name: "_start",
                            binding: Global,
                            type_: NoType,
                            definition: Section(
                                ".text",
                            ),
                            value: 0x0,
                            size: 0x0,
                        },
                        "len_goodbye": Symbol {
                            name: "len_goodbye",
                            binding: Local,
                            type_: NoType,
                            definition: Absolute,
                            value: 0xf,
                            size: 0x0,
                        },
                        "len_hello": Symbol {
                            name: "len_hello",
                            binding: Local,
                            type_: NoType,
                            definition: Absolute,
                            value: 0xd,
                            size: 0x0,
                        },
                        "msg_goodbye": Symbol {
                            name: "msg_goodbye",
                            binding: Local,
                            type_: NoType,
                            definition: Section(
                                ".data",
                            ),
                            value: 0xd,
                            size: 0x0,
                        },
                        "msg_hello": Symbol {
                            name: "msg_hello",
                            binding: Local,
                            type_: NoType,
                            definition: Section(
                                ".data",
                            ),
                            value: 0x0,
                            size: 0x0,
                        },
                        "tests/snapshot/hello_asm.S": Symbol {
                            name: "tests/snapshot/hello_asm.S",
                            binding: Local,
                            type_: File,
                            definition: Absolute,
                            value: 0x0,
                            size: 0x0,
                        },
                    },
                },
            ),
        },
        ".text": Section {
            name: ".text",
            memory_address: 0x0,
            content: Program(
                ProgramSection {
                    writeable: false,
                    allocated: true,
                    executable: true,
                    raw: RawBytes {
                        b8 04 00 00 00 bb 01 00 00 00 b9 00 00 00 00 ba 0d 00 00 00 cd 80 b8 04 00 | .........................
                        00 00 bb 01 00 00 00 b9 0d 00 00 00 ba 0f 00 00 00 cd 80 b0 01 bb 00 00 00 | .........................
                        00 cd 80                                                                   | ...
                        (len: 0x35)
                    },
                },
            ),
        },
    },
    segments: [],
}
