---
source: plink_elf/tests/snapshot.rs
---
Object {
    class: Elf32,
    endian: Little,
    abi: SystemV,
    type_: Relocatable,
    machine: X86,
    entry: None,
    flags: 0x0,
    sections: [
        Section {
            name: "",
            writeable: false,
            allocated: false,
            executable: false,
            memory_address: 0x0,
            content: Null,
        },
        Section {
            name: ".data",
            writeable: true,
            allocated: true,
            executable: false,
            memory_address: 0x0,
            content: Program(
                ProgramSection {
                    raw: RawBytes {
                         48 65 6c 6c 6f 20 77 6f 72 6c 64 21 0a | Hello world!.
                    },
                },
            ),
        },
        Section {
            name: ".text",
            writeable: false,
            allocated: true,
            executable: true,
            memory_address: 0x0,
            content: Program(
                ProgramSection {
                    raw: RawBytes {
                         b8 04 00 00 00 bb 01 00 00 00 b9 00 00 00 00 ba 0d 00 00 00 cd 80 b0 01 bb | .........................
                         00 00 00 00 cd 80                                                          | ......
                    },
                },
            ),
        },
        Section {
            name: ".shstrtab",
            writeable: false,
            allocated: false,
            executable: false,
            memory_address: 0x0,
            content: StringTable(
                StringTable {
                    strings: {
                        0x0: "",
                        0x1: ".data",
                        0x7: ".text",
                        0xd: ".shstrtab",
                        0x17: ".symtab",
                        0x1f: ".strtab",
                        0x27: ".rel.text",
                    },
                },
            ),
        },
        Section {
            name: ".symtab",
            writeable: false,
            allocated: false,
            executable: false,
            memory_address: 0x0,
            content: SymbolTable(
                SymbolTable {
                    symbols: [
                        Symbol {
                            name: "",
                            info: 0x0,
                            definition: Undefined,
                            value: 0x0,
                            size: 0x0,
                        },
                        Symbol {
                            name: "tests/snapshot/hello_asm.S",
                            info: 0x0,
                            definition: Undefined,
                            value: 0x0,
                            size: 0xfff10004,
                        },
                        Symbol {
                            name: "",
                            info: 0x0,
                            definition: Undefined,
                            value: 0x0,
                            size: 0x10003,
                        },
                        Symbol {
                            name: "",
                            info: 0x0,
                            definition: Undefined,
                            value: 0x0,
                            size: 0x20003,
                        },
                        Symbol {
                            name: "msg",
                            info: 0x0,
                            definition: Undefined,
                            value: 0x0,
                            size: 0x10000,
                        },
                        Symbol {
                            name: "len",
                            info: 0xd,
                            definition: Undefined,
                            value: 0x0,
                            size: 0xfff10000,
                        },
                        Symbol {
                            name: "_start",
                            info: 0x0,
                            definition: Undefined,
                            value: 0x0,
                            size: 0x20010,
                        },
                    ],
                },
            ),
        },
        Section {
            name: ".strtab",
            writeable: false,
            allocated: false,
            executable: false,
            memory_address: 0x0,
            content: StringTable(
                StringTable {
                    strings: {
                        0x0: "",
                        0x1: "tests/snapshot/hello_asm.S",
                        0x1c: "msg",
                        0x20: "len",
                        0x24: "_start",
                    },
                },
            ),
        },
        Section {
            name: ".rel.text",
            writeable: false,
            allocated: false,
            executable: false,
            memory_address: 0x0,
            content: Unknown(
                UnknownSection {
                    id: 0x9,
                    raw: RawBytes {
                         0b 00 00 00 01 02 00 00 | ........
                    },
                },
            ),
        },
    ],
    segments: [],
}
