---
source: plink_elf/tests/snapshot.rs
---
Object {
    class: Elf64,
    endian: Little,
    abi: SystemV,
    type_: Relocatable,
    machine: X86_64,
    entry: None,
    flags: 0x0,
    sections: [
        Section {
            name: "",
            memory_address: 0x0,
            content: Null,
        },
        Section {
            name: ".text",
            memory_address: 0x0,
            content: Program(
                ProgramSection {
                    writeable: false,
                    allocated: true,
                    executable: true,
                    raw: RawBytes {
                        f3 0f 1e fa 55 48 89 e5 48 83 ec 10 89 7d fc 48 89 75 f0 48 8d 05 00 00 00 | ....UH..H....}.H.u.H.....
                        00 48 89 c7 e8 00 00 00 00 b8 00 00 00 00 c9 c3                            | .H..............
                        (len: 0x29)
                    },
                },
            ),
        },
        Section {
            name: ".rela.text",
            memory_address: 0x0,
            content: RelocationsTable(
                RelocationsTable {
                    symbol_table: ".symtab",
                    applies_to_section: ".text",
                    relocations: [
                        Relocation {
                            offset: 0x16,
                            symbol: 0x3,
                            relocation_type: X86_64_PC32,
                            addend: Some(
                                0xfffffffffffffffc,
                            ),
                        },
                        Relocation {
                            offset: 0x1e,
                            symbol: 0x5,
                            relocation_type: X86_64_PLT32,
                            addend: Some(
                                0xfffffffffffffffc,
                            ),
                        },
                    ],
                },
            ),
        },
        Section {
            name: ".data",
            memory_address: 0x0,
            content: Program(
                ProgramSection {
                    writeable: true,
                    allocated: true,
                    executable: false,
                    raw: RawBytes {},
                },
            ),
        },
        Section {
            name: ".bss",
            memory_address: 0x0,
            content: Unknown(
                UnknownSection {
                    id: 0x8,
                    raw: RawBytes {},
                },
            ),
        },
        Section {
            name: ".rodata",
            memory_address: 0x0,
            content: Program(
                ProgramSection {
                    writeable: false,
                    allocated: true,
                    executable: false,
                    raw: RawBytes {
                        48 65 6c 6c 6f 20 77 6f 72 6c 64 00 | Hello world.
                        (len: 0xc)
                    },
                },
            ),
        },
        Section {
            name: ".comment",
            memory_address: 0x0,
            content: Program(
                ProgramSection {
                    writeable: false,
                    allocated: false,
                    executable: false,
                    raw: RawBytes {
                        00 47 43 43 3a 20 28 55 62 75 6e 74 75 20 31 31 2e 34 2e 30 2d 31 75 62 75 | .GCC: (Ubuntu 11.4.0-1ubu
                        6e 74 75 31 7e 32 32 2e 30 34 29 20 31 31 2e 34 2e 30 00                   | ntu1~22.04) 11.4.0.
                        (len: 0x2c)
                    },
                },
            ),
        },
        Section {
            name: ".note.GNU-stack",
            memory_address: 0x0,
            content: Program(
                ProgramSection {
                    writeable: false,
                    allocated: false,
                    executable: false,
                    raw: RawBytes {},
                },
            ),
        },
        Section {
            name: ".note.gnu.property",
            memory_address: 0x0,
            content: Note(
                NotesTable {
                    notes: [
                        Note {
                            name: "GNU",
                            value: RawBytes {
                                02 00 00 c0 04 00 00 00 03 00 00 00 00 00 00 00 | ................
                                (len: 0x10)
                            },
                            type_: 0x5,
                        },
                    ],
                },
            ),
        },
        Section {
            name: ".eh_frame",
            memory_address: 0x0,
            content: Program(
                ProgramSection {
                    writeable: false,
                    allocated: true,
                    executable: false,
                    raw: RawBytes {
                        14 00 00 00 00 00 00 00 01 7a 52 00 01 78 10 01 1b 0c 07 08 90 01 00 00 1c | .........zR..x...........
                        00 00 00 1c 00 00 00 00 00 00 00 29 00 00 00 00 45 0e 10 86 02 43 0d 06 60 | ...........)....E....C..`
                        0c 07 08 00 00 00                                                          | ......
                        (len: 0x38)
                    },
                },
            ),
        },
        Section {
            name: ".rela.eh_frame",
            memory_address: 0x0,
            content: RelocationsTable(
                RelocationsTable {
                    symbol_table: ".symtab",
                    applies_to_section: ".eh_frame",
                    relocations: [
                        Relocation {
                            offset: 0x20,
                            symbol: 0x2,
                            relocation_type: X86_64_PC32,
                            addend: Some(
                                0x0,
                            ),
                        },
                    ],
                },
            ),
        },
        Section {
            name: ".symtab",
            memory_address: 0x0,
            content: SymbolTable(
                SymbolTable {
                    symbols: [
                        Symbol {
                            name: "",
                            binding: Local,
                            type_: NoType,
                            definition: Undefined,
                            value: 0x0,
                            size: 0x0,
                        },
                        Symbol {
                            name: "hello_c.c",
                            binding: Local,
                            type_: File,
                            definition: Absolute,
                            value: 0x0,
                            size: 0x0,
                        },
                        Symbol {
                            name: "",
                            binding: Local,
                            type_: Section,
                            definition: Section(
                                0x1,
                            ),
                            value: 0x0,
                            size: 0x0,
                        },
                        Symbol {
                            name: "",
                            binding: Local,
                            type_: Section,
                            definition: Section(
                                0x5,
                            ),
                            value: 0x0,
                            size: 0x0,
                        },
                        Symbol {
                            name: "main",
                            binding: Global,
                            type_: Function,
                            definition: Section(
                                0x1,
                            ),
                            value: 0x0,
                            size: 0x29,
                        },
                        Symbol {
                            name: "puts",
                            binding: Global,
                            type_: NoType,
                            definition: Undefined,
                            value: 0x0,
                            size: 0x0,
                        },
                    ],
                },
            ),
        },
        Section {
            name: ".strtab",
            memory_address: 0x0,
            content: StringTable(
                StringTable {
                    strings: {
                        0x0: "",
                        0x1: "hello_c.c",
                        0xb: "main",
                        0x10: "puts",
                    },
                },
            ),
        },
        Section {
            name: ".shstrtab",
            memory_address: 0x0,
            content: StringTable(
                StringTable {
                    strings: {
                        0x0: "",
                        0x1: ".symtab",
                        0x9: ".strtab",
                        0x11: ".shstrtab",
                        0x1b: ".rela.text",
                        0x26: ".data",
                        0x2c: ".bss",
                        0x31: ".rodata",
                        0x39: ".comment",
                        0x42: ".note.GNU-stack",
                        0x52: ".note.gnu.property",
                        0x65: ".rela.eh_frame",
                    },
                },
            ),
        },
    ],
    segments: [],
}
