---
source: plink_elf/tests/snapshot.rs
---
Object {
    env: Environment {
        class: Elf32,
        endian: Little,
        abi: SystemV,
        machine: X86,
    },
    type_: Executable,
    entry: Some(
        0x8049000,
    ),
    flags: 0x0,
    sections: {
        "#0 ": Section {
            name: "",
            memory_address: 0x0,
            content: Null,
        },
        "#1 .text": Section {
            name: ".text",
            memory_address: 0x8049000,
            content: Program(
                ProgramSection {
                    writeable: false,
                    allocated: true,
                    executable: true,
                    raw: RawBytes {
                        b8 04 00 00 00 bb 01 00 00 00 b9 00 a0 04 08 ba 0d 00 00 00 cd 80 b8 04 00 | .........................
                        00 00 bb 01 00 00 00 b9 0d a0 04 08 ba 0f 00 00 00 cd 80 b0 01 bb 00 00 00 | .........................
                        00 cd 80                                                                   | ...
                        (len: 0x35)
                    },
                },
            ),
        },
        "#2 .data": Section {
            name: ".data",
            memory_address: 0x804a000,
            content: Program(
                ProgramSection {
                    writeable: true,
                    allocated: true,
                    executable: false,
                    raw: RawBytes {
                        48 65 6c 6c 6f 20 77 6f 72 6c 64 21 0a 47 6f 6f 64 62 79 65 20 77 6f 72 6c | Hello world!.Goodbye worl
                        64 21 0a                                                                   | d!.
                        (len: 0x1c)
                    },
                },
            ),
        },
        "#3 .symtab": Section {
            name: ".symtab",
            memory_address: 0x0,
            content: SymbolTable(
                SymbolTable {
                    symbols: {
                        "#00 <empty>": Symbol {
                            name: "",
                            binding: Local,
                            type_: NoType,
                            definition: Undefined,
                            value: 0x0,
                            size: 0x0,
                        },
                        "#01 tests/snapshot/hello_asm.S": Symbol {
                            name: "tests/snapshot/hello_asm.S",
                            binding: Local,
                            type_: File,
                            definition: Absolute,
                            value: 0x0,
                            size: 0x0,
                        },
                        "#02 msg_hello": Symbol {
                            name: "msg_hello",
                            binding: Local,
                            type_: NoType,
                            definition: Section(
                                "#2 .data",
                            ),
                            value: 0x804a000,
                            size: 0x0,
                        },
                        "#03 len_hello": Symbol {
                            name: "len_hello",
                            binding: Local,
                            type_: NoType,
                            definition: Absolute,
                            value: 0xd,
                            size: 0x0,
                        },
                        "#04 msg_goodbye": Symbol {
                            name: "msg_goodbye",
                            binding: Local,
                            type_: NoType,
                            definition: Section(
                                "#2 .data",
                            ),
                            value: 0x804a00d,
                            size: 0x0,
                        },
                        "#05 len_goodbye": Symbol {
                            name: "len_goodbye",
                            binding: Local,
                            type_: NoType,
                            definition: Absolute,
                            value: 0xf,
                            size: 0x0,
                        },
                        "#06 _start": Symbol {
                            name: "_start",
                            binding: Global,
                            type_: NoType,
                            definition: Section(
                                "#1 .text",
                            ),
                            value: 0x8049000,
                            size: 0x0,
                        },
                        "#07 __bss_start": Symbol {
                            name: "__bss_start",
                            binding: Global,
                            type_: NoType,
                            definition: Section(
                                "#2 .data",
                            ),
                            value: 0x804a01c,
                            size: 0x0,
                        },
                        "#08 _edata": Symbol {
                            name: "_edata",
                            binding: Global,
                            type_: NoType,
                            definition: Section(
                                "#2 .data",
                            ),
                            value: 0x804a01c,
                            size: 0x0,
                        },
                        "#09 _end": Symbol {
                            name: "_end",
                            binding: Global,
                            type_: NoType,
                            definition: Section(
                                "#2 .data",
                            ),
                            value: 0x804a01c,
                            size: 0x0,
                        },
                    },
                },
            ),
        },
        "#4 .strtab": Section {
            name: ".strtab",
            memory_address: 0x0,
            content: StringTable(
                StringTable {
                    strings: {
                        0x0: "",
                        0x1: "tests/snapshot/hello_asm.S",
                        0x1c: "msg_hello",
                        0x26: "len_hello",
                        0x30: "msg_goodbye",
                        0x3c: "len_goodbye",
                        0x48: "__bss_start",
                        0x54: "_edata",
                        0x5b: "_end",
                    },
                },
            ),
        },
        "#5 .shstrtab": Section {
            name: ".shstrtab",
            memory_address: 0x0,
            content: StringTable(
                StringTable {
                    strings: {
                        0x0: "",
                        0x1: ".symtab",
                        0x9: ".strtab",
                        0x11: ".shstrtab",
                        0x1b: ".text",
                        0x21: ".data",
                    },
                },
            ),
        },
    },
    segments: [
        Segment {
            content: Unknown {
                id: 0x1,
                raw: RawBytes {
                    7f 45 4c 46 01 01 01 00 00 00 00 00 00 00 00 00 02 00 03 00 01 00 00 00 00 | .ELF.....................
                    90 04 08 34 00 00 00 44 21 00 00 00 00 00 00 34 00 20 00 03 00 28 00 06 00 | ...4...D!......4. ...(...
                    05 00 01 00 00 00 00 00 00 00 00 80 04 08 00 80 04 08 94 00 00 00 94 00 00 | .........................
                    00 04 00 00 00 00 10 00 00 01 00 00 00 00 10 00 00 00 90 04 08 00 90 04 08 | .........................
                    35 00 00 00 35 00 00 00 05 00 00 00 00 10 00 00 01 00 00 00 00 20 00 00 00 | 5...5................ ...
                    a0 04 08 00 a0 04 08 1c 00 00 00 1c 00 00 00 06 00 00 00 00 10 00 00       | .......................
                    (len: 0x94)
                },
            },
        },
        Segment {
            content: Unknown {
                id: 0x1,
                raw: RawBytes {
                    b8 04 00 00 00 bb 01 00 00 00 b9 00 a0 04 08 ba 0d 00 00 00 cd 80 b8 04 00 | .........................
                    00 00 bb 01 00 00 00 b9 0d a0 04 08 ba 0f 00 00 00 cd 80 b0 01 bb 00 00 00 | .........................
                    00 cd 80                                                                   | ...
                    (len: 0x35)
                },
            },
        },
        Segment {
            content: Unknown {
                id: 0x1,
                raw: RawBytes {
                    48 65 6c 6c 6f 20 77 6f 72 6c 64 21 0a 47 6f 6f 64 62 79 65 20 77 6f 72 6c | Hello world!.Goodbye worl
                    64 21 0a                                                                   | d!.
                    (len: 0x1c)
                },
            },
        },
    ],
}
