---
source: plinky_test_harness/src/utils.rs
---
linking exited with exit status: 0

no stdout present

=== stderr ===
debug print: calculated layout
 │
 │    Layout:
 │  ╭────────────────────┬─────────────┬─────────────┬────────────────┬───────────────╮
 │  │ Part               │ File offset │ File length │ Memory address │ Memory length │
 │  ├────────────────────┼─────────────┼─────────────┼────────────────┼───────────────┤
 │  │ <elf header>       │ 0x0         │ 0x40        │ -              │ -             │
 │  ├────────────────────┼─────────────┼─────────────┼────────────────┼───────────────┤
 │  │ <program header>   │ 0x40        │ 0x150       │ -              │ -             │
 │  ├────────────────────┼─────────────┼─────────────┼────────────────┼───────────────┤
 │  │ <section header>   │ 0x190       │ 0x2c0       │ -              │ -             │
 │  ├────────────────────┼─────────────┼─────────────┼────────────────┼───────────────┤
 │  │ .shstrtab          │ 0x450       │ 0x62        │ -              │ -             │
 │  ├────────────────────┼─────────────┼─────────────┼────────────────┼───────────────┤
 │  │ .comment           │ 0x4b2       │ 0xf         │ -              │ -             │
 │  ├────────────────────┼─────────────┼─────────────┼────────────────┼───────────────┤
 │  │ .strtab            │ 0x4c1       │ 0x7b        │ -              │ -             │
 │  ├────────────────────┼─────────────┼─────────────┼────────────────┼───────────────┤
 │  │ .symtab            │ 0x53c       │ 0x150       │ -              │ -             │
 │  ├────────────────────┼─────────────┼─────────────┼────────────────┼───────────────┤
 │  │ <padding>          │ 0x68c       │ 0x974       │ -              │ -             │
 │  ├────────────────────┼─────────────┼─────────────┼────────────────┼───────────────┤
 │  │ .custom_messages#0 │ 0x1000      │ 0x17        │ 0x400000       │ 0x17          │
 │  ├────────────────────┼─────────────┼─────────────┼────────────────┼───────────────┤
 │  │ <padding>          │ 0x1017      │ 0xfe9       │ -              │ -             │
 │  ├────────────────────┼─────────────┼─────────────┼────────────────┼───────────────┤
 │  │ .text#0            │ 0x2000      │ 0x31        │ 0x401000       │ 0x31          │
 │  ├────────────────────┼─────────────┼─────────────┼────────────────┼───────────────┤
 │  │ .text#1            │ 0x2031      │ 0x38        │ 0x401031       │ 0x38          │
 │  ├────────────────────┼─────────────┼─────────────┼────────────────┼───────────────┤
 │  │ .plt               │ 0x2069      │ 0x20        │ 0x401069       │ 0x20          │
 │  ├────────────────────┼─────────────┼─────────────┼────────────────┼───────────────┤
 │  │ <padding>          │ 0x2089      │ 0xf77       │ -              │ -             │
 │  ├────────────────────┼─────────────┼─────────────┼────────────────┼───────────────┤
 │  │ .got.plt           │ 0x3000      │ 0x8         │ 0x402000       │ 0x8           │
 │  ├────────────────────┼─────────────┼─────────────┼────────────────┼───────────────┤
 │  │ .note.gnu.property │ 0x3008      │ 0x30        │ 0x402008       │ 0x30          │
 │  ╰────────────────────┴─────────────┴─────────────┴────────────────┴───────────────╯
 │
 │    Segments:
 │  ╭──────────┬────────┬──────────────┬───────┬────────────────────╮
 │  │ Start    │ Align  │ Type         │ Perms │ Content            │
 │  ├──────────┼────────┼──────────────┼───────┼────────────────────┤
 │  │ 0x400000 │ 0x1000 │ program      │ R     │ .custom_messages#0 │
 │  ├──────────┼────────┼──────────────┼───────┼────────────────────┤
 │  │ 0x401000 │ 0x1000 │ program      │ RX    │ .text#0            │
 │  │          │        │              │       │ .text#1            │
 │  │          │        │              │       │ .plt               │
 │  ├──────────┼────────┼──────────────┼───────┼────────────────────┤
 │  │ 0x402000 │ 0x1000 │ program      │ RW    │ .got.plt           │
 │  ├──────────┼────────┼──────────────┼───────┼────────────────────┤
 │  │ -        │ 0x1    │ GNU stack    │ RW    │                    │
 │  ├──────────┼────────┼──────────────┼───────┼────────────────────┤
 │  │ 0x402008 │ 0x8    │ GNU property │ R     │ .note.gnu.property │
 │  ├──────────┼────────┼──────────────┼───────┼────────────────────┤
 │  │ 0x402008 │ 0x8    │ notes        │ R     │ .note.gnu.property │
 │  ╰──────────┴────────┴──────────────┴───────┴────────────────────╯
 │
 │    deduplication facade .custom_messages#1 in foo.o
 │  ╭──────┬──────────────────────────╮
 │  │ From │ To                       │
 │  ├──────┼──────────────────────────┤
 │  │ 0x0  │ .custom_messages#0 + 0x0 │
 │  ├──────┼──────────────────────────┤
 │  │ 0x6  │ .custom_messages#0 + 0x6 │
 │  ╰──────┴──────────────────────────╯
 │
 │    deduplication facade .custom_messages#2 in bar.o
 │  ╭──────┬──────────────────────────╮
 │  │ From │ To                       │
 │  ├──────┼──────────────────────────┤
 │  │ 0x0  │ .custom_messages#0 + 0xf │
 │  ├──────┼──────────────────────────┤
 │  │ 0x8  │ .custom_messages#0 + 0x6 │
 │  ╰──────┴──────────────────────────╯
 ┴

debug print: object after relocations are applied
 │
 │  section .custom_messages#0 (perms: r) in mix of foo.o and bar.o
 │   │
 │   │  zero-terminated strings should be deduplicated
 │   │
 │   │  address: 0x400000
 │   │
 │   │  ╭─────────────────────────────────────────────────┬──────────────────╮
 │   │  │ 48 65 6c 6c 6f 00 20 77 6f 72 6c 64 21 0a 00 47 │ Hello. world!..G │
 │   │  │ 6f 6f 64 62 79 65 00                            │ oodbye.          │
 │   │  ╰─────────────────────────────────────────────────┴──────────────────╯
 │   ┴
 │
 │  section .text#0 (perms: rx) in foo.o
 │   │
 │   │  address: 0x401000
 │   │
 │   │  ╭─────────────────────────────────────────────────┬──────────────────╮
 │   │  │ b8 04 00 00 00 bb 01 00 00 00 b9 00 00 40 00 ba │ .............@.. │
 │   │  │ 05 00 00 00 cd 80 b8 04 00 00 00 bb 01 00 00 00 │ ................ │
 │   │  │ b9 06 00 40 00 ba 08 00 00 00 cd 80 e9 48 00 00 │ ...@.........H.. │
 │   │  │ 00                                              │ .                │
 │   │  ╰─────────────────────────────────────────────────┴──────────────────╯
 │   ┴
 │
 │  section .text#1 (perms: rx) in bar.o
 │   │
 │   │  address: 0x401031
 │   │
 │   │  ╭─────────────────────────────────────────────────┬──────────────────╮
 │   │  │ b8 04 00 00 00 bb 01 00 00 00 b9 0f 00 40 00 ba │ .............@.. │
 │   │  │ 07 00 00 00 cd 80 b8 04 00 00 00 bb 01 00 00 00 │ ................ │
 │   │  │ b9 06 00 40 00 ba 08 00 00 00 cd 80 b8 01 00 00 │ ...@............ │
 │   │  │ 00 bb 00 00 00 00 cd 80                         │ ........         │
 │   │  ╰─────────────────────────────────────────────────┴──────────────────╯
 │   ┴
 ┴

debug print: built elf
 │
 │  section .text#0 (address: 0x401000)
 │   │
 │   │  program data | permissions: R X
 │   │
 │   │  ╭─────────────────────────────────────────────────┬──────────────────╮
 │   │  │ b8 04 00 00 00 bb 01 00 00 00 b9 00 00 40 00 ba │ .............@.. │
 │   │  │ 05 00 00 00 cd 80 b8 04 00 00 00 bb 01 00 00 00 │ ................ │
 │   │  │ b9 06 00 40 00 ba 08 00 00 00 cd 80 e9 48 00 00 │ ...@.........H.. │
 │   │  │ 00                                              │ .                │
 │   │  ╰─────────────────────────────────────────────────┴──────────────────╯
 │   ┴
 │
 │  section .text#1 (address: 0x401031)
 │   │
 │   │  program data | permissions: R X
 │   │
 │   │  ╭─────────────────────────────────────────────────┬──────────────────╮
 │   │  │ b8 04 00 00 00 bb 01 00 00 00 b9 0f 00 40 00 ba │ .............@.. │
 │   │  │ 07 00 00 00 cd 80 b8 04 00 00 00 bb 01 00 00 00 │ ................ │
 │   │  │ b9 06 00 40 00 ba 08 00 00 00 cd 80 b8 01 00 00 │ ...@............ │
 │   │  │ 00 bb 00 00 00 00 cd 80                         │ ........         │
 │   │  ╰─────────────────────────────────────────────────┴──────────────────╯
 │   ┴
 │
 │  section .strtab (address: 0x0)
 │   │
 │   │    Strings table:
 │   │  ╭──────┬───────────────────────╮
 │   │  │ 0x0  │                       │
 │   │  ├──────┼───────────────────────┤
 │   │  │ 0x1  │                       │
 │   │  ├──────┼───────────────────────┤
 │   │  │ 0x2  │ _start                │
 │   │  ├──────┼───────────────────────┤
 │   │  │ 0x9  │ hello                 │
 │   │  ├──────┼───────────────────────┤
 │   │  │ 0xf  │ hello_len             │
 │   │  ├──────┼───────────────────────┤
 │   │  │ 0x19 │ foo_end               │
 │   │  ├──────┼───────────────────────┤
 │   │  │ 0x21 │ foo_end_len           │
 │   │  ├──────┼───────────────────────┤
 │   │  │ 0x2d │ bar                   │
 │   │  ├──────┼───────────────────────┤
 │   │  │ 0x31 │ goodbye               │
 │   │  ├──────┼───────────────────────┤
 │   │  │ 0x39 │ goodbye_len           │
 │   │  ├──────┼───────────────────────┤
 │   │  │ 0x45 │ bar_end               │
 │   │  ├──────┼───────────────────────┤
 │   │  │ 0x4d │ bar_end_len           │
 │   │  ├──────┼───────────────────────┤
 │   │  │ 0x59 │ _GLOBAL_OFFSET_TABLE_ │
 │   │  ├──────┼───────────────────────┤
 │   │  │ 0x6f │ bar.S                 │
 │   │  ├──────┼───────────────────────┤
 │   │  │ 0x75 │ foo.S                 │
 │   │  ╰──────┴───────────────────────╯
 │   ┴
 │
 │  section .symtab (address: 0x0)
 │   │
 │   │    Symbol table:
 │   │  ╭───────────────────────┬─────────┬──────┬────────────┬──────────────────┬──────────┬──────╮
 │   │  │ Name                  │ Binding │ Type │ Visibility │ Definition       │ Value    │ Size │
 │   │  ├───────────────────────┼─────────┼──────┼────────────┼──────────────────┼──────────┼──────┤
 │   │  │ <empty>               │ Local   │ -    │ Default    │ Undefined        │ 0x0      │ 0x0  │
 │   │  ├───────────────────────┼─────────┼──────┼────────────┼──────────────────┼──────────┼──────┤
 │   │  │ _GLOBAL_OFFSET_TABLE_ │ Local   │ -    │ Default    │ .got.plt         │ 0x402000 │ 0x0  │
 │   │  ├───────────────────────┼─────────┼──────┼────────────┼──────────────────┼──────────┼──────┤
 │   │  │ bar.S                 │ Local   │ File │ Default    │ Absolute         │ 0x0      │ 0x0  │
 │   │  ├───────────────────────┼─────────┼──────┼────────────┼──────────────────┼──────────┼──────┤
 │   │  │ goodbye               │ Local   │ -    │ Default    │ .custom_messages │ 0x40000f │ 0x0  │
 │   │  ├───────────────────────┼─────────┼──────┼────────────┼──────────────────┼──────────┼──────┤
 │   │  │ goodbye_len           │ Local   │ -    │ Default    │ Absolute         │ 0x7      │ 0x0  │
 │   │  ├───────────────────────┼─────────┼──────┼────────────┼──────────────────┼──────────┼──────┤
 │   │  │ bar_end               │ Local   │ -    │ Default    │ .custom_messages │ 0x400006 │ 0x0  │
 │   │  ├───────────────────────┼─────────┼──────┼────────────┼──────────────────┼──────────┼──────┤
 │   │  │ bar_end_len           │ Local   │ -    │ Default    │ Absolute         │ 0x8      │ 0x0  │
 │   │  ├───────────────────────┼─────────┼──────┼────────────┼──────────────────┼──────────┼──────┤
 │   │  │ foo.S                 │ Local   │ File │ Default    │ Absolute         │ 0x0      │ 0x0  │
 │   │  ├───────────────────────┼─────────┼──────┼────────────┼──────────────────┼──────────┼──────┤
 │   │  │ hello                 │ Local   │ -    │ Default    │ .custom_messages │ 0x400000 │ 0x0  │
 │   │  ├───────────────────────┼─────────┼──────┼────────────┼──────────────────┼──────────┼──────┤
 │   │  │ hello_len             │ Local   │ -    │ Default    │ Absolute         │ 0x5      │ 0x0  │
 │   │  ├───────────────────────┼─────────┼──────┼────────────┼──────────────────┼──────────┼──────┤
 │   │  │ foo_end               │ Local   │ -    │ Default    │ .custom_messages │ 0x400006 │ 0x0  │
 │   │  ├───────────────────────┼─────────┼──────┼────────────┼──────────────────┼──────────┼──────┤
 │   │  │ foo_end_len           │ Local   │ -    │ Default    │ Absolute         │ 0x8      │ 0x0  │
 │   │  ├───────────────────────┼─────────┼──────┼────────────┼──────────────────┼──────────┼──────┤
 │   │  │ _start                │ Global  │ -    │ Default    │ .text#0          │ 0x401000 │ 0x0  │
 │   │  ├───────────────────────┼─────────┼──────┼────────────┼──────────────────┼──────────┼──────┤
 │   │  │ bar                   │ Global  │ -    │ Default    │ .text#1          │ 0x401031 │ 0x0  │
 │   │  ╰───────────────────────┴─────────┴──────┴────────────┴──────────────────┴──────────┴──────╯
 │   ┴
 ┴

==============

running exited with exit status: 0

=== stdout ===
Hello world!
Goodbye world!

no stderr present
