---
source: plinky_elf/tests/snapshot.rs
---
ElfObject {
    env: ElfEnvironment {
        class: Elf32,
        endian: Little,
        abi: SystemV,
        machine: X86,
    },
    type_: Relocatable,
    entry: None,
    sections: {
        "#0 ": ElfSection {
            name: "",
            memory_address: 0x0,
            content: Null,
        },
        "#1 .data": ElfSection {
            name: ".data",
            memory_address: 0x0,
            content: Program(
                ElfProgramSection {
                    perms: ElfPermissions(RW),
                    deduplication: Disabled,
                    raw: RawBytes {
                             ?0 ?1 ?2 ?3 ?4 ?5 ?6 ?7 ?8 ?9 ?a ?b ?c ?d ?e ?f   (len: 0x1c)
                           +-------------------------------------------------+
                        0? | 48 65 6c 6c 6f 20 77 6f 72 6c 64 21 0a 47 6f 6f | Hello world!.Goo
                        1? | 64 62 79 65 20 77 6f 72 6c 64 21 0a             | dbye world!.
                    },
                },
            ),
        },
        "#2 .bss": ElfSection {
            name: ".bss",
            memory_address: 0x0,
            content: Uninitialized(
                ElfUninitializedSection {
                    perms: ElfPermissions(RW),
                    len: 0x8,
                },
            ),
        },
        "#3 .text": ElfSection {
            name: ".text",
            memory_address: 0x0,
            content: Program(
                ElfProgramSection {
                    perms: ElfPermissions(RX),
                    deduplication: Disabled,
                    raw: RawBytes {
                             ?0 ?1 ?2 ?3 ?4 ?5 ?6 ?7 ?8 ?9 ?a ?b ?c ?d ?e ?f   (len: 0x35)
                           +-------------------------------------------------+
                        0? | b8 04 00 00 00 bb 01 00 00 00 b9 00 00 00 00 ba | ................
                        1? | 0d 00 00 00 cd 80 b8 04 00 00 00 bb 01 00 00 00 | ................
                        2? | b9 0d 00 00 00 ba 0f 00 00 00 cd 80 b0 01 bb 00 | ................
                        3? | 00 00 00 cd 80                                  | .....
                    },
                },
            ),
        },
        "#4 .shstrtab": ElfSection {
            name: ".shstrtab",
            memory_address: 0x0,
            content: StringTable(
                ElfStringTable {
                    strings: {
                        0x0: "",
                        0x1: ".data",
                        0x7: ".bss",
                        0xc: ".text",
                        0x12: ".shstrtab",
                        0x1c: ".symtab",
                        0x24: ".strtab",
                        0x2c: ".rel.text",
                    },
                },
            ),
        },
        "#5 .symtab": ElfSection {
            name: ".symtab",
            memory_address: 0x0,
            content: SymbolTable(
                ElfSymbolTable {
                    symbols: {
                        "#00 <empty>": ElfSymbol {
                            name: "",
                            binding: Local,
                            type_: NoType,
                            definition: Undefined,
                            value: 0x0,
                            size: 0x0,
                        },
                        "#01 tests/snapshot/hello_asm.S": ElfSymbol {
                            name: "tests/snapshot/hello_asm.S",
                            binding: Local,
                            type_: File,
                            definition: Absolute,
                            value: 0x0,
                            size: 0x0,
                        },
                        "#02 <empty>": ElfSymbol {
                            name: "",
                            binding: Local,
                            type_: Section,
                            definition: Section(
                                "#1 .data",
                            ),
                            value: 0x0,
                            size: 0x0,
                        },
                        "#03 <empty>": ElfSymbol {
                            name: "",
                            binding: Local,
                            type_: Section,
                            definition: Section(
                                "#2 .bss",
                            ),
                            value: 0x0,
                            size: 0x0,
                        },
                        "#04 <empty>": ElfSymbol {
                            name: "",
                            binding: Local,
                            type_: Section,
                            definition: Section(
                                "#3 .text",
                            ),
                            value: 0x0,
                            size: 0x0,
                        },
                        "#05 msg_hello": ElfSymbol {
                            name: "msg_hello",
                            binding: Local,
                            type_: NoType,
                            definition: Section(
                                "#1 .data",
                            ),
                            value: 0x0,
                            size: 0x0,
                        },
                        "#06 len_hello": ElfSymbol {
                            name: "len_hello",
                            binding: Local,
                            type_: NoType,
                            definition: Absolute,
                            value: 0xd,
                            size: 0x0,
                        },
                        "#07 msg_goodbye": ElfSymbol {
                            name: "msg_goodbye",
                            binding: Local,
                            type_: NoType,
                            definition: Section(
                                "#1 .data",
                            ),
                            value: 0xd,
                            size: 0x0,
                        },
                        "#08 len_goodbye": ElfSymbol {
                            name: "len_goodbye",
                            binding: Local,
                            type_: NoType,
                            definition: Absolute,
                            value: 0xf,
                            size: 0x0,
                        },
                        "#09 uninit": ElfSymbol {
                            name: "uninit",
                            binding: Local,
                            type_: NoType,
                            definition: Section(
                                "#2 .bss",
                            ),
                            value: 0x0,
                            size: 0x0,
                        },
                        "#10 _start": ElfSymbol {
                            name: "_start",
                            binding: Global,
                            type_: NoType,
                            definition: Section(
                                "#3 .text",
                            ),
                            value: 0x0,
                            size: 0x0,
                        },
                    },
                },
            ),
        },
        "#6 .strtab": ElfSection {
            name: ".strtab",
            memory_address: 0x0,
            content: StringTable(
                ElfStringTable {
                    strings: {
                        0x0: "",
                        0x1: "tests/snapshot/hello_asm.S",
                        0x1c: "msg_hello",
                        0x26: "len_hello",
                        0x30: "msg_goodbye",
                        0x3c: "len_goodbye",
                        0x48: "uninit",
                        0x4f: "_start",
                    },
                },
            ),
        },
        "#7 .rel.text": ElfSection {
            name: ".rel.text",
            memory_address: 0x0,
            content: RelocationsTable(
                ElfRelocationsTable {
                    symbol_table: "#5 .symtab",
                    applies_to_section: "#3 .text",
                    relocations: [
                        ElfRelocation {
                            offset: 0xb,
                            symbol: "#02 <empty>",
                            relocation_type: X86_32,
                            addend: None,
                        },
                        ElfRelocation {
                            offset: 0x21,
                            symbol: "#02 <empty>",
                            relocation_type: X86_32,
                            addend: None,
                        },
                    ],
                },
            ),
        },
    },
    segments: [],
}
