---
source: plinky_test_harness/src/utils.rs
---
linking exited with exit status: 0

no stdout present

=== stderr ===
debug print: loaded object
 │
 │  class: Elf64, endian: Little, abi: SystemV, machine: X86_64
 │
 │  section .comment (no perms) in <plinky>
 │   │
 │   │  zero-terminated strings should be deduplicated
 │   │
 │   │  ╭──────────────────────────────────────────────┬─────────────────╮
 │   │  │ 4c 69 6e 6b 65 72 3a 20 70 6c 69 6e 6b 79 00 │ Linker: plinky. │
 │   │  ╰──────────────────────────────────────────────┴─────────────────╯
 │   ┴
 │
 │  section .rodata#0 (perms: r) in goodbye.o
 │   │
 │   │  ╭──────────────────────────────────────────────┬─────────────────╮
 │   │  │ 47 6f 6f 64 62 79 65 20 77 6f 72 6c 64 21 0a │ Goodbye world!. │
 │   │  ╰──────────────────────────────────────────────┴─────────────────╯
 │   ┴
 │
 │  section .rodata#1 (perms: r) in hello.o
 │   │
 │   │  ╭────────────────────────────────────────┬───────────────╮
 │   │  │ 48 65 6c 6c 6f 20 77 6f 72 6c 64 21 0a │ Hello world!. │
 │   │  ╰────────────────────────────────────────┴───────────────╯
 │   ┴
 │
 │  section names section .shstrtab in <plinky>
 │   │
 │   │  section names
 │   ┴
 │
 │  string table section .strtab in <plinky>
 │   │
 │   │  symbol names for: symbol table
 │   ┴
 │
 │  symbols table section .symtab in <plinky>
 │   │
 │   │  view: symbol table
 │   │  strings: .strtab
 │   ┴
 │
 │  section .text#0 (perms: rx) in goodbye.o
 │   │
 │   │  ╭─────────────────────────────────────────────────┬──────────────────╮
 │   │  │ b8 04 00 00 00 bb 01 00 00 00 b9 00 00 00 00 ba │ ................ │
 │   │  │ 0f 00 00 00 cd 80 b0 01 bb 00 00 00 00 cd 80    │ ...............  │
 │   │  ╰─────────────────────────────────────────────────┴──────────────────╯
 │   │
 │   │    Relocations:
 │   │  ╭────────────┬─────────────────────┬────────┬────────╮
 │   │  │ Type       │ Symbol              │ Offset │ Addend │
 │   │  ├────────────┼─────────────────────┼────────┼────────┤
 │   │  │ Absolute32 │ <section .rodata#0> │ 0xb    │ 0x0    │
 │   │  ╰────────────┴─────────────────────┴────────┴────────╯
 │   ┴
 │
 │  section .text#1 (perms: rx) in hello.o
 │   │
 │   │  ╭─────────────────────────────────────────────────┬──────────────────╮
 │   │  │ b8 04 00 00 00 bb 01 00 00 00 b9 00 00 00 00 ba │ ................ │
 │   │  │ 0d 00 00 00 cd 80 e9 00 00 00 00                │ ...........      │
 │   │  ╰─────────────────────────────────────────────────┴──────────────────╯
 │   │
 │   │    Relocations:
 │   │  ╭────────────┬─────────────────────┬────────┬────────────────────╮
 │   │  │ Type       │ Symbol              │ Offset │ Addend             │
 │   │  ├────────────┼─────────────────────┼────────┼────────────────────┤
 │   │  │ Absolute32 │ <section .rodata#1> │ 0xb    │ 0x0                │
 │   │  ├────────────┼─────────────────────┼────────┼────────────────────┤
 │   │  │ PLT32      │ goodbye             │ 0x17   │ 0xfffffffffffffffc │
 │   │  ╰────────────┴─────────────────────┴────────┴────────────────────╯
 │   ┴
 │
 │    Symbols:
 │  ╭─────────────────────┬─────────┬───────────┬────────────┬─────────────────╮
 │  │ Name                │ Type    │ Source    │ Visibility │ Value           │
 │  ├─────────────────────┼─────────┼───────────┼────────────┼─────────────────┤
 │  │ <empty>             │ none    │ <plinky>  │ local      │ <null>          │
 │  ├─────────────────────┼─────────┼───────────┼────────────┼─────────────────┤
 │  │ <section .rodata#0> │ section │ goodbye.o │ local      │ .rodata#0 + 0x0 │
 │  ├─────────────────────┼─────────┼───────────┼────────────┼─────────────────┤
 │  │ <section .rodata#1> │ section │ hello.o   │ local      │ .rodata#1 + 0x0 │
 │  ├─────────────────────┼─────────┼───────────┼────────────┼─────────────────┤
 │  │ _start              │ none    │ hello.o   │ global     │ .text#1 + 0x0   │
 │  ├─────────────────────┼─────────┼───────────┼────────────┼─────────────────┤
 │  │ goodbye             │ none    │ goodbye.o │ global     │ .text#0 + 0x0   │
 │  ├─────────────────────┼─────────┼───────────┼────────────┼─────────────────┤
 │  │ len#0               │ none    │ goodbye.o │ local      │ 0xf             │
 │  ├─────────────────────┼─────────┼───────────┼────────────┼─────────────────┤
 │  │ len#1               │ none    │ hello.o   │ local      │ 0xd             │
 │  ├─────────────────────┼─────────┼───────────┼────────────┼─────────────────┤
 │  │ msg#0               │ none    │ goodbye.o │ local      │ .rodata#0 + 0x0 │
 │  ├─────────────────────┼─────────┼───────────┼────────────┼─────────────────┤
 │  │ msg#1               │ none    │ hello.o   │ local      │ .rodata#1 + 0x0 │
 │  ╰─────────────────────┴─────────┴───────────┴────────────┴─────────────────╯
 │
 │  inputs
 │   │
 │   │    goodbye.o
 │   │  ╭─────────────────────┬─────╮
 │   │  │ X86 ISA used        │     │
 │   │  ├─────────────────────┼─────┤
 │   │  │ x86 features 2 used │ x86 │
 │   │  ╰─────────────────────┴─────╯
 │   │
 │   │    hello.o
 │   │  ╭─────────────────────┬─────╮
 │   │  │ X86 ISA used        │     │
 │   │  ├─────────────────────┼─────┤
 │   │  │ x86 features 2 used │ x86 │
 │   │  ╰─────────────────────┴─────╯
 │   ┴
 ┴

debug print: calculated layout
 │
 │    Layout:
 │  ╭────────────────────┬─────────────┬─────────────┬────────────────┬───────────────╮
 │  │ Part               │ File offset │ File length │ Memory address │ Memory length │
 │  ├────────────────────┼─────────────┼─────────────┼────────────────┼───────────────┤
 │  │ <elf header>       │ 0x0         │ 0x40        │ -              │ -             │
 │  ├────────────────────┼─────────────┼─────────────┼────────────────┼───────────────┤
 │  │ <program header>   │ 0x40        │ 0x150       │ -              │ -             │
 │  ├────────────────────┼─────────────┼─────────────┼────────────────┼───────────────┤
 │  │ <section header>   │ 0x190       │ 0x300       │ -              │ -             │
 │  ├────────────────────┼─────────────┼─────────────┼────────────────┼───────────────┤
 │  │ .shstrtab          │ 0x490       │ 0x61        │ -              │ -             │
 │  ├────────────────────┼─────────────┼─────────────┼────────────────┼───────────────┤
 │  │ .comment           │ 0x4f1       │ 0xf         │ -              │ -             │
 │  ├────────────────────┼─────────────┼─────────────┼────────────────┼───────────────┤
 │  │ .strtab            │ 0x500       │ 0x49        │ -              │ -             │
 │  ├────────────────────┼─────────────┼─────────────┼────────────────┼───────────────┤
 │  │ .symtab            │ 0x549       │ 0xf0        │ -              │ -             │
 │  ├────────────────────┼─────────────┼─────────────┼────────────────┼───────────────┤
 │  │ <padding>          │ 0x639       │ 0x9c7       │ -              │ -             │
 │  ├────────────────────┼─────────────┼─────────────┼────────────────┼───────────────┤
 │  │ .rodata#0          │ 0x1000      │ 0xf         │ 0x400000       │ 0xf           │
 │  ├────────────────────┼─────────────┼─────────────┼────────────────┼───────────────┤
 │  │ .rodata#1          │ 0x100f      │ 0xd         │ 0x40000f       │ 0xd           │
 │  ├────────────────────┼─────────────┼─────────────┼────────────────┼───────────────┤
 │  │ <padding>          │ 0x101c      │ 0xfe4       │ -              │ -             │
 │  ├────────────────────┼─────────────┼─────────────┼────────────────┼───────────────┤
 │  │ .text#0            │ 0x2000      │ 0x1f        │ 0x401000       │ 0x1f          │
 │  ├────────────────────┼─────────────┼─────────────┼────────────────┼───────────────┤
 │  │ .text#1            │ 0x201f      │ 0x1b        │ 0x40101f       │ 0x1b          │
 │  ├────────────────────┼─────────────┼─────────────┼────────────────┼───────────────┤
 │  │ .plt               │ 0x203a      │ 0x20        │ 0x40103a       │ 0x20          │
 │  ├────────────────────┼─────────────┼─────────────┼────────────────┼───────────────┤
 │  │ <padding>          │ 0x205a      │ 0xfa6       │ -              │ -             │
 │  ├────────────────────┼─────────────┼─────────────┼────────────────┼───────────────┤
 │  │ .got.plt           │ 0x3000      │ 0x8         │ 0x402000       │ 0x8           │
 │  ├────────────────────┼─────────────┼─────────────┼────────────────┼───────────────┤
 │  │ .note.gnu.property │ 0x3008      │ 0x30        │ 0x402008       │ 0x30          │
 │  ╰────────────────────┴─────────────┴─────────────┴────────────────┴───────────────╯
 │
 │    Segments:
 │  ╭──────────┬────────┬──────────────┬───────┬────────────────────╮
 │  │ Start    │ Align  │ Type         │ Perms │ Content            │
 │  ├──────────┼────────┼──────────────┼───────┼────────────────────┤
 │  │ 0x400000 │ 0x1000 │ program      │ R     │ .rodata#0          │
 │  │          │        │              │       │ .rodata#1          │
 │  ├──────────┼────────┼──────────────┼───────┼────────────────────┤
 │  │ 0x401000 │ 0x1000 │ program      │ RX    │ .text#0            │
 │  │          │        │              │       │ .text#1            │
 │  │          │        │              │       │ .plt               │
 │  ├──────────┼────────┼──────────────┼───────┼────────────────────┤
 │  │ 0x402000 │ 0x1000 │ program      │ RW    │ .got.plt           │
 │  ├──────────┼────────┼──────────────┼───────┼────────────────────┤
 │  │ -        │ 0x1    │ GNU stack    │ RW    │                    │
 │  ├──────────┼────────┼──────────────┼───────┼────────────────────┤
 │  │ 0x402008 │ 0x8    │ GNU property │ R     │ .note.gnu.property │
 │  ├──────────┼────────┼──────────────┼───────┼────────────────────┤
 │  │ 0x402008 │ 0x8    │ notes        │ R     │ .note.gnu.property │
 │  ╰──────────┴────────┴──────────────┴───────┴────────────────────╯
 ┴

debug print: object after relocations are applied
 │
 │  class: Elf64, endian: Little, abi: SystemV, machine: X86_64
 │
 │  section .comment (no perms) in <plinky>
 │   │
 │   │  zero-terminated strings should be deduplicated
 │   │
 │   │  not allocated in the resulting memory
 │   │
 │   │  ╭──────────────────────────────────────────────┬─────────────────╮
 │   │  │ 4c 69 6e 6b 65 72 3a 20 70 6c 69 6e 6b 79 00 │ Linker: plinky. │
 │   │  ╰──────────────────────────────────────────────┴─────────────────╯
 │   ┴
 │
 │  section .got.plt (perms: rw) in <plinky>
 │   │
 │   │  address: 0x402000
 │   │
 │   │  ╭─────────────────────────┬──────────╮
 │   │  │ 00 10 40 00 00 00 00 00 │ ..@..... │
 │   │  ╰─────────────────────────┴──────────╯
 │   ┴
 │
 │  notes section .note.gnu.property in <plinky>
 │   │
 │   │  GNU properties
 │   │   │
 │   │   │  ╭───────────────────────┬─────╮
 │   │   │  │ x86 ISA used          │     │
 │   │   │  ├───────────────────────┼─────┤
 │   │   │  │ x86 features (2) used │ x86 │
 │   │   │  ╰───────────────────────┴─────╯
 │   │   ┴
 │   ┴
 │
 │  section .plt (perms: rx) in <plinky>
 │   │
 │   │  address: 0x40103a
 │   │
 │   │  ╭─────────────────────────────────────────────────┬──────────────────╮
 │   │  │ ff 35 c8 0f 00 00 ff 25 ca 0f 00 00 90 90 90 90 │ .5.....%........ │
 │   │  │ ff 25 b0 0f 00 00 68 00 00 00 00 e9 e0 ff ff ff │ .%....h......... │
 │   │  ╰─────────────────────────────────────────────────┴──────────────────╯
 │   ┴
 │
 │  section .rodata#0 (perms: r) in goodbye.o
 │   │
 │   │  address: 0x400000
 │   │
 │   │  ╭──────────────────────────────────────────────┬─────────────────╮
 │   │  │ 47 6f 6f 64 62 79 65 20 77 6f 72 6c 64 21 0a │ Goodbye world!. │
 │   │  ╰──────────────────────────────────────────────┴─────────────────╯
 │   ┴
 │
 │  section .rodata#1 (perms: r) in hello.o
 │   │
 │   │  address: 0x40000f
 │   │
 │   │  ╭────────────────────────────────────────┬───────────────╮
 │   │  │ 48 65 6c 6c 6f 20 77 6f 72 6c 64 21 0a │ Hello world!. │
 │   │  ╰────────────────────────────────────────┴───────────────╯
 │   ┴
 │
 │  section names section .shstrtab in <plinky>
 │   │
 │   │  section names
 │   ┴
 │
 │  string table section .strtab in <plinky>
 │   │
 │   │  symbol names for: symbol table
 │   ┴
 │
 │  symbols table section .symtab in <plinky>
 │   │
 │   │  view: symbol table
 │   │  strings: .strtab
 │   ┴
 │
 │  section .text#0 (perms: rx) in goodbye.o
 │   │
 │   │  address: 0x401000
 │   │
 │   │  ╭─────────────────────────────────────────────────┬──────────────────╮
 │   │  │ b8 04 00 00 00 bb 01 00 00 00 b9 00 00 40 00 ba │ .............@.. │
 │   │  │ 0f 00 00 00 cd 80 b0 01 bb 00 00 00 00 cd 80    │ ...............  │
 │   │  ╰─────────────────────────────────────────────────┴──────────────────╯
 │   ┴
 │
 │  section .text#1 (perms: rx) in hello.o
 │   │
 │   │  address: 0x40101f
 │   │
 │   │  ╭─────────────────────────────────────────────────┬──────────────────╮
 │   │  │ b8 04 00 00 00 bb 01 00 00 00 b9 0f 00 40 00 ba │ .............@.. │
 │   │  │ 0d 00 00 00 cd 80 e9 10 00 00 00                │ ...........      │
 │   │  ╰─────────────────────────────────────────────────┴──────────────────╯
 │   ┴
 │
 │    Symbols:
 │  ╭───────────────────────┬─────────┬───────────┬────────────┬─────────────────╮
 │  │ Name                  │ Type    │ Source    │ Visibility │ Value           │
 │  ├───────────────────────┼─────────┼───────────┼────────────┼─────────────────┤
 │  │ <empty>               │ none    │ <plinky>  │ local      │ <null>          │
 │  ├───────────────────────┼─────────┼───────────┼────────────┼─────────────────┤
 │  │ <section .rodata#0>   │ section │ goodbye.o │ local      │ .rodata#0 + 0x0 │
 │  ├───────────────────────┼─────────┼───────────┼────────────┼─────────────────┤
 │  │ <section .rodata#1>   │ section │ hello.o   │ local      │ .rodata#1 + 0x0 │
 │  ├───────────────────────┼─────────┼───────────┼────────────┼─────────────────┤
 │  │ <section .plt>        │ section │ <plinky>  │ local      │ .plt + 0x0      │
 │  ├───────────────────────┼─────────┼───────────┼────────────┼─────────────────┤
 │  │ _GLOBAL_OFFSET_TABLE_ │ none    │ <plinky>  │ local      │ .got.plt + 0x0  │
 │  ├───────────────────────┼─────────┼───────────┼────────────┼─────────────────┤
 │  │ _start                │ none    │ hello.o   │ global     │ .text#1 + 0x0   │
 │  ├───────────────────────┼─────────┼───────────┼────────────┼─────────────────┤
 │  │ goodbye               │ none    │ goodbye.o │ global     │ .text#0 + 0x0   │
 │  ├───────────────────────┼─────────┼───────────┼────────────┼─────────────────┤
 │  │ len#0                 │ none    │ goodbye.o │ local      │ 0xf             │
 │  ├───────────────────────┼─────────┼───────────┼────────────┼─────────────────┤
 │  │ len#1                 │ none    │ hello.o   │ local      │ 0xd             │
 │  ├───────────────────────┼─────────┼───────────┼────────────┼─────────────────┤
 │  │ msg#0                 │ none    │ goodbye.o │ local      │ .rodata#0 + 0x0 │
 │  ├───────────────────────┼─────────┼───────────┼────────────┼─────────────────┤
 │  │ msg#1                 │ none    │ hello.o   │ local      │ .rodata#1 + 0x0 │
 │  ╰───────────────────────┴─────────┴───────────┴────────────┴─────────────────╯
 │
 │  inputs
 │   │
 │   │    goodbye.o
 │   │  ╭─────────────────────┬─────╮
 │   │  │ X86 ISA used        │     │
 │   │  ├─────────────────────┼─────┤
 │   │  │ x86 features 2 used │ x86 │
 │   │  ╰─────────────────────┴─────╯
 │   │
 │   │    hello.o
 │   │  ╭─────────────────────┬─────╮
 │   │  │ X86 ISA used        │     │
 │   │  ├─────────────────────┼─────┤
 │   │  │ x86 features 2 used │ x86 │
 │   │  ╰─────────────────────┴─────╯
 │   ┴
 ┴

debug print: built elf
 │
 │    Metadata:
 │  ╭────────────┬────────────╮
 │  │ Class      │ ELF 64bit  │
 │  ├────────────┼────────────┤
 │  │ Endian     │ Little     │
 │  ├────────────┼────────────┤
 │  │ ABI        │ System V   │
 │  ├────────────┼────────────┤
 │  │ Machine    │ x86-64     │
 │  ├────────────┼────────────┤
 │  │ Type       │ Executable │
 │  ├────────────┼────────────┤
 │  │ Entrypoint │ 0x40101f   │
 │  ╰────────────┴────────────╯
 │
 │  section <empty> (address: 0x0)
 │   │
 │   │  empty section
 │   ┴
 │
 │  section .shstrtab (address: 0x0)
 │   │
 │   │    Strings table:
 │   │  ╭──────┬────────────────────╮
 │   │  │ 0x0  │                    │
 │   │  ├──────┼────────────────────┤
 │   │  │ 0x1  │ .shstrtab          │
 │   │  ├──────┼────────────────────┤
 │   │  │ 0xb  │ .text              │
 │   │  ├──────┼────────────────────┤
 │   │  │ 0x11 │ .rodata            │
 │   │  ├──────┼────────────────────┤
 │   │  │ 0x19 │ .text              │
 │   │  ├──────┼────────────────────┤
 │   │  │ 0x1f │ .rodata            │
 │   │  ├──────┼────────────────────┤
 │   │  │ 0x27 │ .comment           │
 │   │  ├──────┼────────────────────┤
 │   │  │ 0x30 │ .strtab            │
 │   │  ├──────┼────────────────────┤
 │   │  │ 0x38 │ .symtab            │
 │   │  ├──────┼────────────────────┤
 │   │  │ 0x40 │ .got.plt           │
 │   │  ├──────┼────────────────────┤
 │   │  │ 0x49 │ .plt               │
 │   │  ├──────┼────────────────────┤
 │   │  │ 0x4e │ .note.gnu.property │
 │   │  ╰──────┴────────────────────╯
 │   ┴
 │
 │  section .text#0 (address: 0x401000)
 │   │
 │   │  program data | permissions: R X
 │   │
 │   │  ╭─────────────────────────────────────────────────┬──────────────────╮
 │   │  │ b8 04 00 00 00 bb 01 00 00 00 b9 00 00 40 00 ba │ .............@.. │
 │   │  │ 0f 00 00 00 cd 80 b0 01 bb 00 00 00 00 cd 80    │ ...............  │
 │   │  ╰─────────────────────────────────────────────────┴──────────────────╯
 │   ┴
 │
 │  section .rodata#0 (address: 0x400000)
 │   │
 │   │  program data | permissions: R
 │   │
 │   │  ╭──────────────────────────────────────────────┬─────────────────╮
 │   │  │ 47 6f 6f 64 62 79 65 20 77 6f 72 6c 64 21 0a │ Goodbye world!. │
 │   │  ╰──────────────────────────────────────────────┴─────────────────╯
 │   ┴
 │
 │  section .text#1 (address: 0x40101f)
 │   │
 │   │  program data | permissions: R X
 │   │
 │   │  ╭─────────────────────────────────────────────────┬──────────────────╮
 │   │  │ b8 04 00 00 00 bb 01 00 00 00 b9 0f 00 40 00 ba │ .............@.. │
 │   │  │ 0d 00 00 00 cd 80 e9 10 00 00 00                │ ...........      │
 │   │  ╰─────────────────────────────────────────────────┴──────────────────╯
 │   ┴
 │
 │  section .rodata#1 (address: 0x40000f)
 │   │
 │   │  program data | permissions: R
 │   │
 │   │  ╭────────────────────────────────────────┬───────────────╮
 │   │  │ 48 65 6c 6c 6f 20 77 6f 72 6c 64 21 0a │ Hello world!. │
 │   │  ╰────────────────────────────────────────┴───────────────╯
 │   ┴
 │
 │  section .comment (address: 0x0)
 │   │
 │   │  program data | permissions: -   | deduplicating zero-terminated strings
 │   │
 │   │  ╭──────────────────────────────────────────────┬─────────────────╮
 │   │  │ 4c 69 6e 6b 65 72 3a 20 70 6c 69 6e 6b 79 00 │ Linker: plinky. │
 │   │  ╰──────────────────────────────────────────────┴─────────────────╯
 │   ┴
 │
 │  section .strtab (address: 0x0)
 │   │
 │   │    Strings table:
 │   │  ╭──────┬───────────────────────╮
 │   │  │ 0x0  │                       │
 │   │  ├──────┼───────────────────────┤
 │   │  │ 0x1  │                       │
 │   │  ├──────┼───────────────────────┤
 │   │  │ 0x2  │ _start                │
 │   │  ├──────┼───────────────────────┤
 │   │  │ 0x9  │ msg                   │
 │   │  ├──────┼───────────────────────┤
 │   │  │ 0xd  │ len                   │
 │   │  ├──────┼───────────────────────┤
 │   │  │ 0x11 │ goodbye               │
 │   │  ├──────┼───────────────────────┤
 │   │  │ 0x19 │ msg                   │
 │   │  ├──────┼───────────────────────┤
 │   │  │ 0x1d │ len                   │
 │   │  ├──────┼───────────────────────┤
 │   │  │ 0x21 │ _GLOBAL_OFFSET_TABLE_ │
 │   │  ├──────┼───────────────────────┤
 │   │  │ 0x37 │ goodbye.S             │
 │   │  ├──────┼───────────────────────┤
 │   │  │ 0x41 │ hello.S               │
 │   │  ╰──────┴───────────────────────╯
 │   ┴
 │
 │  section .symtab (address: 0x0)
 │   │
 │   │    Symbol table:
 │   │  ╭───────────────────────┬─────────┬──────┬────────────┬────────────┬──────────┬──────╮
 │   │  │ Name                  │ Binding │ Type │ Visibility │ Definition │ Value    │ Size │
 │   │  ├───────────────────────┼─────────┼──────┼────────────┼────────────┼──────────┼──────┤
 │   │  │ <empty>               │ Local   │ -    │ Default    │ Undefined  │ 0x0      │ 0x0  │
 │   │  ├───────────────────────┼─────────┼──────┼────────────┼────────────┼──────────┼──────┤
 │   │  │ _GLOBAL_OFFSET_TABLE_ │ Local   │ -    │ Default    │ .got.plt   │ 0x402000 │ 0x0  │
 │   │  ├───────────────────────┼─────────┼──────┼────────────┼────────────┼──────────┼──────┤
 │   │  │ goodbye.S             │ Local   │ File │ Default    │ Absolute   │ 0x0      │ 0x0  │
 │   │  ├───────────────────────┼─────────┼──────┼────────────┼────────────┼──────────┼──────┤
 │   │  │ msg#0                 │ Local   │ -    │ Default    │ .rodata#0  │ 0x400000 │ 0x0  │
 │   │  ├───────────────────────┼─────────┼──────┼────────────┼────────────┼──────────┼──────┤
 │   │  │ len#0                 │ Local   │ -    │ Default    │ Absolute   │ 0xf      │ 0x0  │
 │   │  ├───────────────────────┼─────────┼──────┼────────────┼────────────┼──────────┼──────┤
 │   │  │ hello.S               │ Local   │ File │ Default    │ Absolute   │ 0x0      │ 0x0  │
 │   │  ├───────────────────────┼─────────┼──────┼────────────┼────────────┼──────────┼──────┤
 │   │  │ msg#1                 │ Local   │ -    │ Default    │ .rodata#1  │ 0x40000f │ 0x0  │
 │   │  ├───────────────────────┼─────────┼──────┼────────────┼────────────┼──────────┼──────┤
 │   │  │ len#1                 │ Local   │ -    │ Default    │ Absolute   │ 0xd      │ 0x0  │
 │   │  ├───────────────────────┼─────────┼──────┼────────────┼────────────┼──────────┼──────┤
 │   │  │ _start                │ Global  │ -    │ Default    │ .text#1    │ 0x40101f │ 0x0  │
 │   │  ├───────────────────────┼─────────┼──────┼────────────┼────────────┼──────────┼──────┤
 │   │  │ goodbye               │ Global  │ -    │ Default    │ .text#0    │ 0x401000 │ 0x0  │
 │   │  ╰───────────────────────┴─────────┴──────┴────────────┴────────────┴──────────┴──────╯
 │   ┴
 │
 │  section .got.plt (address: 0x402000)
 │   │
 │   │  program data | permissions: RW
 │   │
 │   │  ╭─────────────────────────┬──────────╮
 │   │  │ 00 10 40 00 00 00 00 00 │ ..@..... │
 │   │  ╰─────────────────────────┴──────────╯
 │   ┴
 │
 │  section .plt (address: 0x40103a)
 │   │
 │   │  program data | permissions: R X
 │   │
 │   │  ╭─────────────────────────────────────────────────┬──────────────────╮
 │   │  │ ff 35 c8 0f 00 00 ff 25 ca 0f 00 00 90 90 90 90 │ .5.....%........ │
 │   │  │ ff 25 b0 0f 00 00 68 00 00 00 00 e9 e0 ff ff ff │ .%....h......... │
 │   │  ╰─────────────────────────────────────────────────┴──────────────────╯
 │   ┴
 │
 │  section .note.gnu.property (address: 0x402008)
 │   │
 │   │  GNU properties
 │   │   │
 │   │   │  ╭───────────────────────┬─────╮
 │   │   │  │ x86 ISA used          │     │
 │   │   │  ├───────────────────────┼─────┤
 │   │   │  │ x86 features (2) used │ x86 │
 │   │   │  ╰───────────────────────┴─────╯
 │   │   ┴
 │   ┴
 │
 │    Segments:
 │  ╭──────────────┬───────┬──────────┬─────────────┬──────────┬────────────────┬────────────╮
 │  │ Type         │ Perms │ Aligment │ File offset │ File len │ Memory address │ Memory len │
 │  ├──────────────┼───────┼──────────┼─────────────┼──────────┼────────────────┼────────────┤
 │  │ Load         │ R     │ 0x1000   │ 0x1000      │ 0x1c     │ 0x400000       │ 0x1c       │
 │  ├──────────────┼───────┼──────────┼─────────────┼──────────┼────────────────┼────────────┤
 │  │ Load         │ R X   │ 0x1000   │ 0x2000      │ 0x5a     │ 0x401000       │ 0x5a       │
 │  ├──────────────┼───────┼──────────┼─────────────┼──────────┼────────────────┼────────────┤
 │  │ Load         │ RW    │ 0x1000   │ 0x3000      │ 0x8      │ 0x402000       │ 0x8        │
 │  ├──────────────┼───────┼──────────┼─────────────┼──────────┼────────────────┼────────────┤
 │  │ Note         │ R     │ 0x8      │ 0x3008      │ 0x30     │ 0x402008       │ 0x30       │
 │  ├──────────────┼───────┼──────────┼─────────────┼──────────┼────────────────┼────────────┤
 │  │ GNU stack    │ RW    │ 0x1      │ 0x0         │ 0x0      │ 0x0            │ 0x0        │
 │  ├──────────────┼───────┼──────────┼─────────────┼──────────┼────────────────┼────────────┤
 │  │ GNU property │ R     │ 0x8      │ 0x3008      │ 0x30     │ 0x402008       │ 0x30       │
 │  ╰──────────────┴───────┴──────────┴─────────────┴──────────┴────────────────┴────────────╯
 ┴

==============

running exited with exit status: 0

=== stdout ===
Hello world!
Goodbye world!

no stderr present
