---
source: plinky_test_harness/src/utils.rs
---
reading ELF exited with exit status: 0

=== stdout ===
  Metadata:
╭────────────┬─────────────╮
│ Class      │ ELF 32bit   │
├────────────┼─────────────┤
│ Endian     │ Little      │
├────────────┼─────────────┤
│ ABI        │ System V    │
├────────────┼─────────────┤
│ Machine    │ x86         │
├────────────┼─────────────┤
│ Type       │ Relocatable │
├────────────┼─────────────┤
│ Entrypoint │ -           │
╰────────────┴─────────────╯

section #0 (address: 0x0)
 │
 │  empty section
 ┴

section .shstrtab#1 (address: 0x0)
 │
 │    Strings table:
 │  ╭──────┬─────────────────╮
 │  │ 0x0  │                 │
 │  ├──────┼─────────────────┤
 │  │ 0x1  │ .symtab         │
 │  ├──────┼─────────────────┤
 │  │ 0x9  │ .strtab         │
 │  ├──────┼─────────────────┤
 │  │ 0x11 │ .shstrtab       │
 │  ├──────┼─────────────────┤
 │  │ 0x1b │ .rel.text       │
 │  ├──────┼─────────────────┤
 │  │ 0x25 │ .data           │
 │  ├──────┼─────────────────┤
 │  │ 0x2b │ .bss            │
 │  ├──────┼─────────────────┤
 │  │ 0x30 │ .rodata         │
 │  ├──────┼─────────────────┤
 │  │ 0x38 │ .comment        │
 │  ├──────┼─────────────────┤
 │  │ 0x41 │ .note.GNU-stack │
 │  ├──────┼─────────────────┤
 │  │ 0x51 │ .rel.eh_frame   │
 │  ╰──────┴─────────────────╯
 ┴

section .text#2 (address: 0x0)
 │
 │  program data | permissions: R X
 │
 │  ╭─────────────────────────────────────────────────┬──────────────────╮
 │  │ 8d 4c 24 04 83 e4 f0 ff 71 fc 55 89 e5 51 83 ec │ .L$.....q.U..Q.. │
 │  │ 04 83 ec 0c 68 00 00 00 00 e8 fc ff ff ff 83 c4 │ ....h........... │
 │  │ 10 b8 00 00 00 00 8b 4d fc c9 8d 61 fc c3       │ .......M...a..   │
 │  ╰─────────────────────────────────────────────────┴──────────────────╯
 ┴

section .rel.text#3 (address: 0x0)
 │
 │  symbol table:       .symtab#4
 │  applies to section: .text#2
 │
 │    Relocations:
 │  ╭──────────┬────────┬────────┬────────╮
 │  │ Type     │ Symbol │ Offset │ Addend │
 │  ├──────────┼────────┼────────┼────────┤
 │  │ X86_32   │ #0     │ 0x15   │ -      │
 │  ├──────────┼────────┼────────┼────────┤
 │  │ X86_PC32 │ puts#1 │ 0x1a   │ -      │
 │  ╰──────────┴────────┴────────┴────────╯
 ┴

section .symtab#4 (address: 0x0)
 │
 │    Symbol table:
 │  ╭───────────┬─────────┬──────────┬────────────┬────────────┬───────┬──────╮
 │  │ Name      │ Binding │ Type     │ Visibility │ Definition │ Value │ Size │
 │  ├───────────┼─────────┼──────────┼────────────┼────────────┼───────┼──────┤
 │  │ #0        │ Local   │ Section  │ Default    │ .rodata#7  │ 0x0   │ 0x0  │
 │  ├───────────┼─────────┼──────────┼────────────┼────────────┼───────┼──────┤
 │  │ puts#1    │ Global  │ -        │ Default    │ Undefined  │ 0x0   │ 0x0  │
 │  ├───────────┼─────────┼──────────┼────────────┼────────────┼───────┼──────┤
 │  │ #2        │ Local   │ Section  │ Default    │ .text#2    │ 0x0   │ 0x0  │
 │  ├───────────┼─────────┼──────────┼────────────┼────────────┼───────┼──────┤
 │  │ #3        │ Local   │ -        │ Default    │ Undefined  │ 0x0   │ 0x0  │
 │  ├───────────┼─────────┼──────────┼────────────┼────────────┼───────┼──────┤
 │  │ hello.c#4 │ Local   │ File     │ Default    │ Absolute   │ 0x0   │ 0x0  │
 │  ├───────────┼─────────┼──────────┼────────────┼────────────┼───────┼──────┤
 │  │ main#5    │ Global  │ Function │ Default    │ .text#2    │ 0x0   │ 0x2e │
 │  ╰───────────┴─────────┴──────────┴────────────┴────────────┴───────┴──────╯
 ┴

section .data#5 (address: 0x0)
 │
 │  program data | permissions: RW
 │
 │  ╭──┬──╮
 │  │  │  │
 │  ╰──┴──╯
 ┴

section .bss#6 (address: 0x0)
 │
 │  uninitialized | len: 0x0 | permissions: RW 
 ┴

section .rodata#7 (address: 0x0)
 │
 │  program data | permissions: R
 │
 │  ╭─────────────────────────────────────┬──────────────╮
 │  │ 48 65 6c 6c 6f 20 77 6f 72 6c 64 00 │ Hello world. │
 │  ╰─────────────────────────────────────┴──────────────╯
 ┴

section .comment#8 (address: 0x0)
 │
 │  program data | permissions: -   | deduplicating zero-terminated strings
 │
 │  ╭─────────────────────────────────────────────────┬──────────────────╮
 │  │ 00 47 43 43 3a 20 28 55 62 75 6e 74 75 20 31 31 │ .GCC: (Ubuntu 11 │
 │  │ 2e 34 2e 30 2d 31 75 62 75 6e 74 75 31 7e 32 32 │ .4.0-1ubuntu1~22 │
 │  │ 2e 30 34 29 20 31 31 2e 34 2e 30 00             │ .04) 11.4.0.     │
 │  ╰─────────────────────────────────────────────────┴──────────────────╯
 ┴

section .note.GNU-stack#9 (address: 0x0)
 │
 │  program data | permissions: -
 │
 │  ╭──┬──╮
 │  │  │  │
 │  ╰──┴──╯
 ┴

section .eh_frame#10 (address: 0x0)
 │
 │  program data | permissions: R
 │
 │  ╭─────────────────────────────────────────────────┬──────────────────╮
 │  │ 14 00 00 00 00 00 00 00 01 7a 52 00 01 7c 08 01 │ .........zR..|.. │
 │  │ 1b 0c 04 04 88 01 00 00 28 00 00 00 1c 00 00 00 │ ........(....... │
 │  │ 00 00 00 00 2e 00 00 00 00 44 0c 01 00 49 10 05 │ .........D...I.. │
 │  │ 02 75 00 41 0f 03 75 7c 06 5b 0c 01 00 41 c5 43 │ .u.A..u|.[...A.C │
 │  │ 0c 04 04 00                                     │ ....             │
 │  ╰─────────────────────────────────────────────────┴──────────────────╯
 ┴

section .rel.eh_frame#11 (address: 0x0)
 │
 │  symbol table:       .symtab#4
 │  applies to section: .eh_frame#10
 │
 │    Relocations:
 │  ╭──────────┬────────┬────────┬────────╮
 │  │ Type     │ Symbol │ Offset │ Addend │
 │  ├──────────┼────────┼────────┼────────┤
 │  │ X86_PC32 │ #2     │ 0x20   │ -      │
 │  ╰──────────┴────────┴────────┴────────╯
 ┴

section .strtab#12 (address: 0x0)
 │
 │    Strings table:
 │  ╭─────┬─────────╮
 │  │ 0x0 │         │
 │  ├─────┼─────────┤
 │  │ 0x1 │ hello.c │
 │  ├─────┼─────────┤
 │  │ 0x9 │ main    │
 │  ├─────┼─────────┤
 │  │ 0xe │ puts    │
 │  ╰─────┴─────────╯
 ┴

No segments in the ELF file.

no stderr present
