---
source: plinky_diagnostics/src/widgets/table.rs
expression: table.render_to_string()
---
╭─────┬─────┬───────────╮
│ a   │ b   │ c         │
├─────┼─────┼───────────┤
│ foo │ baz │ qu        │
│ bar │     │ u         │
│     │     │           │
│     │     │           │
│     │     │ x!!!!!!!! │
╰─────┴─────┴───────────╯
