---
source: plinky/linktest/harness/tests.rs
---
linking exited with exit status: 1

no stdout present

=== stderr ===
debug print: loaded object
 │
 │    Symbols:
 │  ╭───────────────────┬──────────┬────────────┬───────────────╮
 │  │ Name              │ Source   │ Visibility │ Value         │
 │  ├───────────────────┼──────────┼────────────┼───────────────┤
 │  │ <symbol#2>        │ hello.o  │ local      │ <undefined>   │
 │  ├───────────────────┼──────────┼────────────┼───────────────┤
 │  │ <section .text#1> │ hello.o  │ local      │ .text#1 + 0x0 │
 │  ├───────────────────┼──────────┼────────────┼───────────────┤
 │  │ _start#1          │ <plinky> │ global     │ <undefined>   │
 │  ├───────────────────┼──────────┼────────────┼───────────────┤
 │  │ custom_entry#6    │ hello.o  │ global     │ .text#1 + 0x0 │
 │  ╰───────────────────┴──────────┴────────────┴───────────────╯
 ┴

error: failed to resolve the entry point
caused by: failed to resolve symbol _start
caused by: symbol is not defined


