---
source: plinky_test_harness/src/utils.rs
---
linking exited with exit status: 0

no stdout present

=== stderr ===
debug print: calculated layout
 │
 │    Layout:
 │  ╭────────────────────┬─────────────┬─────────────┬────────────────┬───────────────╮
 │  │ Part               │ File offset │ File length │ Memory address │ Memory length │
 │  ├────────────────────┼─────────────┼─────────────┼────────────────┼───────────────┤
 │  │ <elf header>       │ 0x0         │ 0x40        │ 0x0            │ 0x40          │
 │  │ <program header>   │ 0x40        │ 0x268       │ 0x40           │ 0x268         │
 │  │ .interp            │ 0x2a8       │ 0x53        │ 0x2a8          │ 0x53          │
 │  │ .dynstr            │ 0x2fb       │ 0xd         │ 0x2fb          │ 0xd           │
 │  │ .dynsym            │ 0x308       │ 0x48        │ 0x308          │ 0x48          │
 │  │ .hash              │ 0x350       │ 0x18        │ 0x350          │ 0x18          │
 │  │ .gnu.hash          │ 0x368       │ 0x24        │ 0x368          │ 0x24          │
 │  │ .dynamic           │ 0x38c       │ 0xb0        │ 0x38c          │ 0xb0          │
 │  │ .rela.got          │ 0x43c       │ 0x30        │ 0x43c          │ 0x30          │
 │  │ <section header>   │ 0x46c       │ 0x500       │ -              │ -             │
 │  │ .shstrtab          │ 0x96c       │ 0xa4        │ -              │ -             │
 │  │ .strtab            │ 0xa10       │ 0x33        │ -              │ -             │
 │  │ .symtab            │ 0xa43       │ 0x90        │ -              │ -             │
 │  │ .comment#0         │ 0xad3       │ 0x22        │ -              │ -             │
 │  │ <padding>          │ 0xaf5       │ 0x50b       │ -              │ -             │
 │  │ .rodata            │ 0x1000      │ 0xd         │ 0x1000         │ 0xd           │
 │  │ .eh_frame          │ 0x100d      │ 0x38        │ 0x100d         │ 0x38          │
 │  │ <padding>          │ 0x1045      │ 0xfbb       │ -              │ -             │
 │  │ .text#0            │ 0x2000      │ 0x29        │ 0x2000         │ 0x29          │
 │  │ .text#1            │ 0x2029      │ 0x12        │ 0x2029         │ 0x12          │
 │  │ .text#2            │ 0x203b      │ 0x9         │ 0x203b         │ 0x9           │
 │  │ <padding>          │ 0x2044      │ 0xfbc       │ -              │ -             │
 │  │ .got               │ 0x3000      │ 0x10        │ 0x3000         │ 0x10          │
 │  │ .got.plt           │ 0x3010      │ 0x18        │ 0x3010         │ 0x18          │
 │  │ .note.gnu.property │ 0x3028      │ 0x30        │ 0x3028         │ 0x30          │
 │  ╰────────────────────┴─────────────┴─────────────┴────────────────┴───────────────╯
 │
 │    Segments:
 │  ╭────────┬────────┬────────────────┬───────┬────────────────────╮
 │  │ Start  │ Align  │ Type           │ Perms │ Content            │
 │  ├────────┼────────┼────────────────┼───────┼────────────────────┤
 │  │ 0x40   │ 0x1000 │ program header │ R     │ <program header>   │
 │  │ 0x2a8  │ 0x1    │ interpreter    │ R     │ .interp            │
 │  │ 0x0    │ 0x1000 │ program        │ R     │ <elf header>       │
 │  │        │        │                │       │ <program header>   │
 │  │        │        │                │       │ .interp            │
 │  │        │        │                │       │ .dynstr            │
 │  │        │        │                │       │ .dynsym            │
 │  │        │        │                │       │ .hash              │
 │  │        │        │                │       │ .gnu.hash          │
 │  │        │        │                │       │ .dynamic           │
 │  │        │        │                │       │ .rela.got          │
 │  │ 0x1000 │ 0x1000 │ program        │ R     │ .rodata            │
 │  │        │        │                │       │ .eh_frame          │
 │  │ 0x2000 │ 0x1000 │ program        │ RX    │ .text#0            │
 │  │        │        │                │       │ .text#1            │
 │  │        │        │                │       │ .text#2            │
 │  │ 0x3000 │ 0x1000 │ program        │ RW    │ .got               │
 │  │        │        │                │       │ .got.plt           │
 │  │ 0x38c  │ 0x8    │ dynamic        │ R     │ .dynamic           │
 │  │ -      │ 0x1    │ GNU stack      │ RW    │                    │
 │  │ 0x3000 │ 0x1    │ GNU relro      │ R     │ .got               │
 │  │ 0x3028 │ 0x8    │ GNU property   │ R     │ .note.gnu.property │
 │  │ 0x3028 │ 0x8    │ notes          │ R     │ .note.gnu.property │
 │  ╰────────┴────────┴────────────────┴───────┴────────────────────╯
 ┴

debug print: built elf
 │
 │  section .gnu.hash (address: 0x368)
 │   │
 │   │  GNU hash table for .dynsym
 │   │  Ignored symbols: 1
 │   │
 │   │    Bloom filter (shift of 10):
 │   │  ╭──────────────────────────────────────────────────────────────────╮
 │   │  │ 1000000000000000001000000000000010000000000000010000000000000000 │
 │   │  ╰──────────────────────────────────────────────────────────────────╯
 │   │
 │   │    Content:
 │   │  ╭───────────┬───────────────────┬──────────────────╮
 │   │  │ Bucket ID │ Symbols in bucket │ Truncated hashes │
 │   │  ├───────────┼───────────────────┼──────────────────┤
 │   │  │ 0         │ write#1           │ 10a8b550         │
 │   │  │           │ exit#1            │ 7c967e3e         │
 │   │  ╰───────────┴───────────────────┴──────────────────╯
 │   ┴
 │
 │    Segments:
 │  ╭───────────────────────────┬───────┬──────────┬─────────────┬──────────┬────────────────┬────────────╮
 │  │ Type                      │ Perms │ Aligment │ File offset │ File len │ Memory address │ Memory len │
 │  ├───────────────────────────┼───────┼──────────┼─────────────┼──────────┼────────────────┼────────────┤
 │  │ Program header table      │ R     │ 0x1000   │ 0x40        │ 0x268    │ 0x40           │ 0x268      │
 │  │ Interpreter               │ R     │ 0x1      │ 0x2a8       │ 0x53     │ 0x2a8          │ 0x53       │
 │  │ Load                      │ R     │ 0x1000   │ 0x0         │ 0x46c    │ 0x0            │ 0x46c      │
 │  │ Load                      │ R     │ 0x1000   │ 0x1000      │ 0x45     │ 0x1000         │ 0x45       │
 │  │ Load                      │ R X   │ 0x1000   │ 0x2000      │ 0x44     │ 0x2000         │ 0x44       │
 │  │ Load                      │ RW    │ 0x1000   │ 0x3000      │ 0x28     │ 0x3000         │ 0x28       │
 │  │ Dynamic                   │ R     │ 0x8      │ 0x38c       │ 0xb0     │ 0x38c          │ 0xb0       │
 │  │ Note                      │ R     │ 0x8      │ 0x3028      │ 0x30     │ 0x3028         │ 0x30       │
 │  │ GNU stack                 │ RW    │ 0x1      │ 0x0         │ 0x0      │ 0x0            │ 0x0        │
 │  │ GNU relocations read-only │ R     │ 0x1      │ 0x3000      │ 0x10     │ 0x3000         │ 0x10       │
 │  │ GNU property              │ R     │ 0x8      │ 0x3028      │ 0x30     │ 0x3028         │ 0x30       │
 │  ╰───────────────────────────┴───────┴──────────┴─────────────┴──────────┴────────────────┴────────────╯
 ┴

==============

running exited with exit status: 0

=== stdout ===
Hello world

no stderr present
