---
source: plinky_test_harness/src/utils.rs
---
linking exited with exit status: 0

no stdout present

=== stderr ===
debug print: loaded object
 │
 │  section .text#0 (perms: rx) in hello.o
 │   │
 │   │  ╭─────────────────────────────────────────────────┬──────────────────╮
 │   │  │ 55 48 89 e5 ba 0c 00 00 00 48 8d 05 00 00 00 00 │ UH.......H...... │
 │   │  │ 48 89 c6 bf 01 00 00 00 ff 15 00 00 00 00 bf 00 │ H............... │
 │   │  │ 00 00 00 ff 15 00 00 00 00                      │ .........        │
 │   │  ╰─────────────────────────────────────────────────┴──────────────────╯
 │   │
 │   │    Relocations:
 │   │  ╭───────────────┬───────────────────┬────────┬────────────────────╮
 │   │  │ Type          │ Symbol            │ Offset │ Addend             │
 │   │  ├───────────────┼───────────────────┼────────┼────────────────────┤
 │   │  │ Relative32    │ <section .rodata> │ 0xc    │ 0xfffffffffffffffc │
 │   │  │ GOTRelative32 │ write             │ 0x1a   │ 0xfffffffffffffffc │
 │   │  │ GOTRelative32 │ exit              │ 0x25   │ 0xfffffffffffffffc │
 │   │  ╰───────────────┴───────────────────┴────────┴────────────────────╯
 │   ┴
 │
 │  section .text#1 (perms: rx) in syscall.write.o
 │   │
 │   │  ╭─────────────────────────────────────────────────┬──────────────────╮
 │   │  │ 50 51 41 53 48 c7 c0 01 00 00 00 0f 05 41 5b 59 │ PQASH........A[Y │
 │   │  │ 58 c3                                           │ X.               │
 │   │  ╰─────────────────────────────────────────────────┴──────────────────╯
 │   ┴
 │
 │  section .text#2 (perms: rx) in syscall.exit.o
 │   │
 │   │  ╭────────────────────────────┬───────────╮
 │   │  │ 48 c7 c0 3c 00 00 00 0f 05 │ H..<..... │
 │   │  ╰────────────────────────────┴───────────╯
 │   ┴
 ┴

debug print: relocations analysis
 │
 │  global offset table .got.plt
 │   │
 │   │    Symbols:
 │   │  ╭───────┬─────────────╮
 │   │  │ Name  │ Resolved at │
 │   │  ├───────┼─────────────┤
 │   │  │ write │ link time   │
 │   │  │ exit  │ link time   │
 │   │  ╰───────┴─────────────╯
 │   ┴
 │
 │  global offset table .got.plt
 │   │
 │   │  no symbols within this GOT
 │   ┴
 ┴

debug print: object after relocations are applied
 │
 │  section .got (perms: rw) in <plinky>
 │   │
 │   │  address: 0x402000
 │   │
 │   │  ╭─────────────────────────────────────────────────┬──────────────────╮
 │   │  │ 29 10 40 00 00 00 00 00 3b 10 40 00 00 00 00 00 │ ).@.....;.@..... │
 │   │  ╰─────────────────────────────────────────────────┴──────────────────╯
 │   ┴
 │
 │  section .text (perms: rx) in mix of hello.o, syscall.write.o and syscall.exit.o
 │   │
 │   │  address: 0x401000
 │   │
 │   │  ╭─────────────────────────────────────────────────┬──────────────────╮
 │   │  │ 55 48 89 e5 ba 0c 00 00 00 48 8d 05 f0 ef ff ff │ UH.......H...... │
 │   │  │ 48 89 c6 bf 01 00 00 00 ff 15 e2 0f 00 00 bf 00 │ H............... │
 │   │  │ 00 00 00 ff 15 df 0f 00 00 50 51 41 53 48 c7 c0 │ .........PQASH.. │
 │   │  │ 01 00 00 00 0f 05 41 5b 59 58 c3 48 c7 c0 3c 00 │ ......A[YX.H..<. │
 │   │  │ 00 00 0f 05                                     │ ....             │
 │   │  ╰─────────────────────────────────────────────────┴──────────────────╯
 │   ┴
 │
 │    Symbols:
 │  ╭───────────────────────┬──────────┬────────────────────────────────────────────────────┬────────────┬────────────────╮
 │  │ Name                  │ Type     │ Source                                             │ Visibility │ Value          │
 │  ├───────────────────────┼──────────┼────────────────────────────────────────────────────┼────────────┼────────────────┤
 │  │ <empty>               │ none     │ <plinky>                                           │ local      │ <null>         │
 │  │ <section .rodata>     │ section  │ hello.o                                            │ local      │ .rodata        │
 │  │ <section .text>       │ section  │ mix of hello.o, syscall.write.o and syscall.exit.o │ local      │ .text          │
 │  │ _GLOBAL_OFFSET_TABLE_ │ none     │ <plinky>                                           │ local      │ .got.plt + 0x0 │
 │  │ _start                │ function │ hello.o                                            │ global     │ .text + 0x0    │
 │  │ exit                  │ none     │ syscall.exit.o                                     │ global     │ .text + 0x3b   │
 │  │ write                 │ none     │ syscall.write.o                                    │ global     │ .text + 0x29   │
 │  ╰───────────────────────┴──────────┴────────────────────────────────────────────────────┴────────────┴────────────────╯
 ┴

==============

running exited with exit status: 0

=== stdout ===
Hello world

no stderr present
