---
source: plinky_test_harness/src/utils.rs
---
linking exited with exit status: 0

no stdout present

=== stderr ===
debug print: loaded object
 │
 │  class: Elf64, endian: Little, abi: SystemV, machine: X86_64
 │
 │  section .comment#8 (no perms) in <plinky>
 │   │
 │   │  zero-terminated strings should be deduplicated
 │   │
 │   │  ╭──────────────────────────────────────────────┬─────────────────╮
 │   │  │ 4c 69 6e 6b 65 72 3a 20 70 6c 69 6e 6b 79 00 │ Linker: plinky. │
 │   │  ╰──────────────────────────────────────────────┴─────────────────╯
 │   ┴
 │
 │  section .data#11 (perms: rw) in hello.o inside archive archived.a
 │   │
 │   │  ╭────────────────────────────────────────┬───────────────╮
 │   │  │ 48 65 6c 6c 6f 20 77 6f 72 6c 64 21 0a │ Hello world!. │
 │   │  ╰────────────────────────────────────────┴───────────────╯
 │   ┴
 │
 │  string table (for symbols) section .strtab#16 in <plinky>
 │   │
 │   │  symbols view: symbol table
 │   ┴
 │
 │  symbols table section .symtab#17 in <plinky>
 │   │
 │   │  view: symbol table
 │   │  strings: .strtab#16
 │   ┴
 │
 │  section .text#1 (perms: rx) in entry.o
 │   │
 │   │  ╭─────────────────────────────────────────────────┬──────────────────╮
 │   │  │ b8 04 00 00 00 bb 01 00 00 00 b9 00 00 00 00 ba │ ................ │
 │   │  │ 00 00 00 00 cd 80 b0 01 bb 00 00 00 00 cd 80    │ ...............  │
 │   │  ╰─────────────────────────────────────────────────┴──────────────────╯
 │   │
 │   │    Relocations:
 │   │  ╭────────────┬─────────────┬────────┬────────╮
 │   │  │ Type       │ Symbol      │ Offset │ Addend │
 │   │  ├────────────┼─────────────┼────────┼────────┤
 │   │  │ Absolute32 │ hello#5     │ 0xb    │ 0x0    │
 │   │  ├────────────┼─────────────┼────────┼────────┤
 │   │  │ Absolute32 │ hello_len#6 │ 0x10   │ 0x0    │
 │   │  ╰────────────┴─────────────┴────────┴────────╯
 │   ┴
 │
 │    Symbols:
 │  ╭─────────────┬──────┬───────────────────────────────────┬────────────┬────────────────╮
 │  │ Name        │ Type │ Source                            │ Visibility │ Value          │
 │  ├─────────────┼──────┼───────────────────────────────────┼────────────┼────────────────┤
 │  │ <symbol#0>  │ none │ <plinky>                          │ local      │ <null>         │
 │  ├─────────────┼──────┼───────────────────────────────────┼────────────┼────────────────┤
 │  │ _start#1    │ none │ entry.o                           │ global     │ .text#1 + 0x0  │
 │  ├─────────────┼──────┼───────────────────────────────────┼────────────┼────────────────┤
 │  │ hello#5     │ none │ hello.o inside archive archived.a │ global     │ .data#11 + 0x0 │
 │  ├─────────────┼──────┼───────────────────────────────────┼────────────┼────────────────┤
 │  │ hello_len#6 │ none │ hello.o inside archive archived.a │ global     │ 0xd            │
 │  ╰─────────────┴──────┴───────────────────────────────────┴────────────┴────────────────╯
 ┴



