---
source: plinky_test_harness/src/utils.rs
---
linking exited with exit status: 0

no stdout present

=== stderr ===
debug print: loaded object
 │
 │  uninitialized section .bss#5 (perms: rw) in bss.o
 │   │
 │   │  length: 0x6
 │   ┴
 ┴

debug print: calculated layout
 │
 │    Layout:
 │  ╭──────────────────┬─────────────┬─────────────┬────────────────┬───────────────╮
 │  │ Part             │ File offset │ File length │ Memory address │ Memory length │
 │  ├──────────────────┼─────────────┼─────────────┼────────────────┼───────────────┤
 │  │ <elf header>     │ 0x0         │ 0x40        │ -              │ -             │
 │  ├──────────────────┼─────────────┼─────────────┼────────────────┼───────────────┤
 │  │ .shstrtab#0      │ 0x40        │ 0x2f        │ -              │ -             │
 │  ├──────────────────┼─────────────┼─────────────┼────────────────┼───────────────┤
 │  │ .comment#9       │ 0x6f        │ 0xf         │ -              │ -             │
 │  ├──────────────────┼─────────────┼─────────────┼────────────────┼───────────────┤
 │  │ .strtab#10       │ 0x7e        │ 0x15        │ -              │ -             │
 │  ├──────────────────┼─────────────┼─────────────┼────────────────┼───────────────┤
 │  │ .symtab#11       │ 0x93        │ 0x60        │ -              │ -             │
 │  ├──────────────────┼─────────────┼─────────────┼────────────────┼───────────────┤
 │  │ <padding>        │ 0xf3        │ 0xf0d       │ -              │ -             │
 │  ├──────────────────┼─────────────┼─────────────┼────────────────┼───────────────┤
 │  │ .text#2          │ 0x1000      │ 0x52        │ 0x400000       │ 0x52          │
 │  ├──────────────────┼─────────────┼─────────────┼────────────────┼───────────────┤
 │  │ <padding>        │ 0x1052      │ 0xfae       │ -              │ -             │
 │  ├──────────────────┼─────────────┼─────────────┼────────────────┼───────────────┤
 │  │ .bss#5           │ -           │ -           │ 0x401000       │ 0x6           │
 │  ├──────────────────┼─────────────┼─────────────┼────────────────┼───────────────┤
 │  │ <program header> │ 0x2000      │ 0xa8        │ -              │ -             │
 │  ├──────────────────┼─────────────┼─────────────┼────────────────┼───────────────┤
 │  │ <section header> │ 0x20a8      │ 0x1c0       │ -              │ -             │
 │  ╰──────────────────┴─────────────┴─────────────┴────────────────┴───────────────╯
 │
 │    Segments:
 │  ╭──────────┬────────┬───────────┬────────────────────┬─────────╮
 │  │ Start    │ Align  │ Type      │ Permissions        │ Content │
 │  ├──────────┼────────┼───────────┼────────────────────┼─────────┤
 │  │ -        │ 0x1    │ GNU stack │ ElfPermissions(RW) │ -       │
 │  ├──────────┼────────┼───────────┼────────────────────┼─────────┤
 │  │ 0x400000 │ 0x1000 │ program   │ ElfPermissions(RX) │ .text#2 │
 │  ├──────────┼────────┼───────────┼────────────────────┼─────────┤
 │  │ 0x401000 │ 0x1000 │ uninit    │ ElfPermissions(RW) │ .bss#5  │
 │  ╰──────────┴────────┴───────────┴────────────────────┴─────────╯
 ┴

debug print: built elf
 │
 │  section .bss#3 (address: 0x401000)
 │   │
 │   │  uninitialized | len: 0x6 | permissions: RW 
 │   ┴
 │
 │    Segments:
 │  ╭───────────┬───────┬──────────┬─────────╮
 │  │ Type      │ Perms │ Aligment │ Content │
 │  ├───────────┼───────┼──────────┼─────────┤
 │  │ Load      │ R X   │ 0x1000   │ .text#2 │
 │  ├───────────┼───────┼──────────┼─────────┤
 │  │ Load      │ RW    │ 0x1000   │ .bss#3  │
 │  ├───────────┼───────┼──────────┼─────────┤
 │  │ GNU stack │ RW    │ 0x1      │ -       │
 │  ╰───────────┴───────┴──────────┴─────────╯
 ┴



