---
source: plinky_test_harness/src/utils.rs
---
reading exited with exit status: 0

=== stdout ===
section .dynsym#2 (address: 0x1e0)
 │
 │    Dynamic symbol table:
 │  ╭───────┬─────────┬──────────┬────────────┬────────────┬────────┬──────╮
 │  │ Name  │ Binding │ Type     │ Visibility │ Definition │ Value  │ Size │
 │  ├───────┼─────────┼──────────┼────────────┼────────────┼────────┼──────┤
 │  │ #0    │ Local   │ -        │ Default    │ Undefined  │ 0x0    │ 0x0  │
 │  ├───────┼─────────┼──────────┼────────────┼────────────┼────────┼──────┤
 │  │ add#1 │ Global  │ -        │ Default    │ Undefined  │ 0x0    │ 0x0  │
 │  ├───────┼─────────┼──────────┼────────────┼────────────┼────────┼──────┤
 │  │ sub#2 │ Global  │ Function │ Default    │ .text#6    │ 0x1020 │ 0x23 │
 │  ╰───────┴─────────┴──────────┴────────────┴────────────┴────────┴──────╯
 ┴

section .dynstr#3 (address: 0x228)
 │
 │    Strings table:
 │  ╭─────┬─────╮
 │  │ 0x0 │     │
 │  ├─────┼─────┤
 │  │ 0x1 │ sub │
 │  ├─────┼─────┤
 │  │ 0x5 │ add │
 │  ╰─────┴─────╯
 ┴

section .rela.plt#4 (address: 0x238)
 │
 │  symbol table:       .dynsym#2
 │  applies to section: .got.plt#9
 │
 │    Relocations:
 │  ╭─────────────────┬────────┬────────┬────────╮
 │  │ Type            │ Symbol │ Offset │ Addend │
 │  ├─────────────────┼────────┼────────┼────────┤
 │  │ X86_64_JumpSlot │ add#1  │ 0x4018 │ 0x0    │
 │  ╰─────────────────┴────────┴────────┴────────╯
 ┴

section .plt#5 (address: 0x1000)
 │
 │  program data | permissions: R X
 │
 │  ╭─────────────────────────────────────────────────┬──────────────────╮
 │  │ ff 35 02 30 00 00 ff 25 04 30 00 00 0f 1f 40 00 │ .5.0...%.0....@. │
 │  │ ff 25 02 30 00 00 68 00 00 00 00 e9 e0 ff ff ff │ .%.0..h......... │
 │  ╰─────────────────────────────────────────────────┴──────────────────╯
 ┴

section .dynamic#8 (address: 0x3f10)
 │
 │  dynamic information | string table: .dynstr#3
 │
 │  ╭─────────────────────────┬────────────────╮
 │  │ Kind                    │ Value          │
 │  ├─────────────────────────┼────────────────┤
 │  │ Hash table              │ address 0x1c8  │
 │  ├─────────────────────────┼────────────────┤
 │  │ String table            │ address 0x228  │
 │  ├─────────────────────────┼────────────────┤
 │  │ Symbol table            │ address 0x1e0  │
 │  ├─────────────────────────┼────────────────┤
 │  │ String table size       │ 9 bytes        │
 │  ├─────────────────────────┼────────────────┤
 │  │ Symbol table entry size │ 24 bytes       │
 │  ├─────────────────────────┼────────────────┤
 │  │ PLT GOT                 │ address 0x4000 │
 │  ├─────────────────────────┼────────────────┤
 │  │ PLT relocations size    │ 24 bytes       │
 │  ├─────────────────────────┼────────────────┤
 │  │ PLT relocations type    │ RelocationsA   │
 │  ├─────────────────────────┼────────────────┤
 │  │ Jump PLT relocations    │ address 0x238  │
 │  ├─────────────────────────┼────────────────┤
 │  │ Null                    │ -              │
 │  ╰─────────────────────────┴────────────────╯
 ┴

section .got.plt#9 (address: 0x4000)
 │
 │  program data | permissions: RW
 │
 │  ╭─────────────────────────────────────────────────┬──────────────────╮
 │  │ 10 3f 00 00 00 00 00 00 00 00 00 00 00 00 00 00 │ .?.............. │
 │  │ 00 00 00 00 00 00 00 00 16 10 00 00 00 00 00 00 │ ................ │
 │  ╰─────────────────────────────────────────────────┴──────────────────╯
 ┴

  Segments:
╭───────────────────────────┬───────┬──────────┬────────────────────────────────────────────────────────╮
│ Type                      │ Perms │ Aligment │ Content                                                │
├───────────────────────────┼───────┼──────────┼────────────────────────────────────────────────────────┤
│ Load                      │ R     │ 0x1000   │ file: 0x0 (len: 0x250), memory: 0x0 (len: 0x250)       │
├───────────────────────────┼───────┼──────────┼────────────────────────────────────────────────────────┤
│ Load                      │ R X   │ 0x1000   │ file: 0x1000 (len: 0x43), memory: 0x1000 (len: 0x43)   │
├───────────────────────────┼───────┼──────────┼────────────────────────────────────────────────────────┤
│ Load                      │ R     │ 0x1000   │ .eh_frame#7                                            │
├───────────────────────────┼───────┼──────────┼────────────────────────────────────────────────────────┤
│ Load                      │ RW    │ 0x1000   │ file: 0x2f10 (len: 0x110), memory: 0x3f10 (len: 0x110) │
├───────────────────────────┼───────┼──────────┼────────────────────────────────────────────────────────┤
│ Dynamic                   │ RW    │ 0x8      │ .dynamic#8                                             │
├───────────────────────────┼───────┼──────────┼────────────────────────────────────────────────────────┤
│ GNU stack                 │ RW    │ 0x10     │ -                                                      │
├───────────────────────────┼───────┼──────────┼────────────────────────────────────────────────────────┤
│ GNU relocations read-only │ R     │ 0x1      │ .dynamic#8                                             │
╰───────────────────────────┴───────┴──────────┴────────────────────────────────────────────────────────╯


no stderr present

