---
source: plinky/linktest/harness/main.rs
---
linking exited with exit status: 0

no stdout present

=== stderr ===
debug print: loaded object
 │
 │  class: Elf64, endian: Little, abi: SystemV, machine: X86_64
 │
 │  section .data#7 (perms: rw) in hello.o inside archive archived.a
 │   │
 │   │  ╭────────────────────────────────────────┬───────────────╮
 │   │  │ 48 65 6c 6c 6f 20 77 6f 72 6c 64 21 0a │ Hello world!. │
 │   │  ╰────────────────────────────────────────┴───────────────╯
 │   ┴
 │
 │  section .text#1 (perms: rx) in entry.o
 │   │
 │   │  ╭─────────────────────────────────────────────────┬──────────────────╮
 │   │  │ b8 04 00 00 00 bb 01 00 00 00 b9 00 00 00 00 ba │ ................ │
 │   │  │ 00 00 00 00 cd 80 b0 01 bb 00 00 00 00 cd 80    │ ...............  │
 │   │  ╰─────────────────────────────────────────────────┴──────────────────╯
 │   │
 │   │    Relocations:
 │   │  ╭───────────┬─────────────┬────────┬────────╮
 │   │  │ Type      │ Symbol      │ Offset │ Addend │
 │   │  ├───────────┼─────────────┼────────┼────────┤
 │   │  │ X86_64_32 │ hello#8     │ 0xb    │ 0x0    │
 │   │  ├───────────┼─────────────┼────────┼────────┤
 │   │  │ X86_64_32 │ hello_len#9 │ 0x10   │ 0x0    │
 │   │  ╰───────────┴─────────────┴────────┴────────╯
 │   ┴
 │
 │    Symbols:
 │  ╭───────────────────┬───────────────────────────────────┬────────────┬───────────────╮
 │  │ Name              │ Source                            │ Visibility │ Value         │
 │  ├───────────────────┼───────────────────────────────────┼────────────┼───────────────┤
 │  │ <symbol#2>        │ entry.o                           │ local      │ <undefined>   │
 │  ├───────────────────┼───────────────────────────────────┼────────────┼───────────────┤
 │  │ <section .text#1> │ entry.o                           │ local      │ .text#1 + 0x0 │
 │  ├───────────────────┼───────────────────────────────────┼────────────┼───────────────┤
 │  │ <symbol#10>       │ hello.o inside archive archived.a │ local      │ <undefined>   │
 │  ├───────────────────┼───────────────────────────────────┼────────────┼───────────────┤
 │  │ <section .data#7> │ hello.o inside archive archived.a │ local      │ .data#7 + 0x0 │
 │  ├───────────────────┼───────────────────────────────────┼────────────┼───────────────┤
 │  │ _start#1          │ entry.o                           │ global     │ .text#1 + 0x0 │
 │  ├───────────────────┼───────────────────────────────────┼────────────┼───────────────┤
 │  │ hello#8           │ hello.o inside archive archived.a │ global     │ .data#7 + 0x0 │
 │  ├───────────────────┼───────────────────────────────────┼────────────┼───────────────┤
 │  │ hello_len#9       │ hello.o inside archive archived.a │ global     │ 0xd           │
 │  ╰───────────────────┴───────────────────────────────────┴────────────┴───────────────╯
 ┴



