---
source: plinky_test_harness/src/utils.rs
---
linking exited with exit status: 0

no stdout present

=== stderr ===
debug print: loaded object
 │
 │  class: Elf64, endian: Little, abi: SystemV, machine: X86_64
 │
 │  section .comment#9 (no perms) in <plinky>
 │   │
 │   │  zero-terminated strings should be deduplicated
 │   │
 │   │  ╭──────────────────────────────────────────────┬─────────────────╮
 │   │  │ 4c 69 6e 6b 65 72 3a 20 70 6c 69 6e 6b 79 00 │ Linker: plinky. │
 │   │  ╰──────────────────────────────────────────────┴─────────────────╯
 │   ┴
 │
 │  section .strtab#10 in <plinky>
 │   │
 │   │  strings table for symbols | view: all symbols
 │   ┴
 │
 │  section .symtab#11 in <plinky>
 │   │
 │   │  symbols table | view: all symbols | strings: .strtab#10
 │   ┴
 │
 │  section .text.b#5 (perms: rx) in foo.o
 │   │
 │   │  ╭────┬───╮
 │   │  │ 90 │ . │
 │   │  ╰────┴───╯
 │   ┴
 │
 │    Symbols:
 │  ╭────────────┬──────┬──────────┬────────────┬─────────────────╮
 │  │ Name       │ Type │ Source   │ Visibility │ Value           │
 │  ├────────────┼──────┼──────────┼────────────┼─────────────────┤
 │  │ <symbol#0> │ none │ <plinky> │ local      │ <null>          │
 │  ├────────────┼──────┼──────────┼────────────┼─────────────────┤
 │  │ _start#1   │ none │ foo.o    │ global     │ .text.b#5 + 0x0 │
 │  ╰────────────┴──────┴──────────┴────────────┴─────────────────╯
 ┴



