---
source: plinky_test_harness/src/utils.rs
---
linking exited with exit status: 0

no stdout present

=== stderr ===
debug print: loaded object
 │
 │  section .text#2 (perms: rx) in hello.o
 │   │
 │   │  ╭─────────────────────────────────────────────────┬──────────────────╮
 │   │  │ 55 89 e5 53 83 ec 04 e8 fc ff ff ff 81 c3 02 00 │ U..S............ │
 │   │  │ 00 00 83 ec 04 6a 0c 8d 83 00 00 00 00 50 6a 01 │ .....j.......Pj. │
 │   │  │ ff 93 00 00 00 00 83 c4 10 83 ec 0c 6a 00 ff 93 │ ............j... │
 │   │  │ 00 00 00 00                                     │ ....             │
 │   │  ╰─────────────────────────────────────────────────┴──────────────────╯
 │   │
 │   │    Relocations:
 │   │  ╭───────────────────────┬─────────────────────────┬────────┬────────╮
 │   │  │ Type                  │ Symbol                  │ Offset │ Addend │
 │   │  ├───────────────────────┼─────────────────────────┼────────┼────────┤
 │   │  │ Relative32            │ __x86.get_pc_thunk.bx#8 │ 0x8    │        │
 │   │  ├───────────────────────┼─────────────────────────┼────────┼────────┤
 │   │  │ GOTLocationRelative32 │ _GLOBAL_OFFSET_TABLE_#9 │ 0xe    │        │
 │   │  ├───────────────────────┼─────────────────────────┼────────┼────────┤
 │   │  │ OffsetFromGOT32       │ <section .rodata#6>     │ 0x19   │        │
 │   │  ├───────────────────────┼─────────────────────────┼────────┼────────┤
 │   │  │ GOTIndex32            │ write#10                │ 0x22   │        │
 │   │  ├───────────────────────┼─────────────────────────┼────────┼────────┤
 │   │  │ GOTIndex32            │ exit#11                 │ 0x30   │        │
 │   │  ╰───────────────────────┴─────────────────────────┴────────┴────────╯
 │   ┴
 │
 │  section .text#16 (perms: rx) in syscalls.o
 │   │
 │   │  ╭─────────────────────────────────────────────────┬──────────────────╮
 │   │  │ 50 53 51 b8 04 00 00 00 8b 5c 24 10 8b 4c 24 14 │ PSQ......\$..L$. │
 │   │  │ 8b 54 24 18 cd 80 59 5b 58 c3 b8 01 00 00 00 8b │ .T$...Y[X....... │
 │   │  │ 5c 24 04 cd 80                                  │ \$...            │
 │   │  ╰─────────────────────────────────────────────────┴──────────────────╯
 │   ┴
 ┴

debug print: object after relocations are applied
 │
 │  section .got#24 (perms: rw) in <plinky>
 │   │
 │   │  address: 0x402000
 │   │
 │   │  ╭─────────────────────────┬──────────╮
 │   │  │ 00 00 00 00 00 00 00 00 │ ........ │
 │   │  ╰─────────────────────────┴──────────╯
 │   ┴
 │
 │  section .text#2 (perms: rx) in hello.o
 │   │
 │   │  address: 0x401000
 │   │
 │   │  ╭─────────────────────────────────────────────────┬──────────────────╮
 │   │  │ 55 89 e5 53 83 ec 04 e8 28 00 00 00 81 c3 f4 0f │ U..S....(....... │
 │   │  │ 00 00 83 ec 04 6a 0c 8d 83 00 e0 ff ff 50 6a 01 │ .....j.......Pj. │
 │   │  │ ff 93 00 00 00 00 83 c4 10 83 ec 0c 6a 00 ff 93 │ ............j... │
 │   │  │ 04 00 00 00                                     │ ....             │
 │   │  ╰─────────────────────────────────────────────────┴──────────────────╯
 │   ┴
 │
 │  section .text#16 (perms: rx) in syscalls.o
 │   │
 │   │  address: 0x401038
 │   │
 │   │  ╭─────────────────────────────────────────────────┬──────────────────╮
 │   │  │ 50 53 51 b8 04 00 00 00 8b 5c 24 10 8b 4c 24 14 │ PSQ......\$..L$. │
 │   │  │ 8b 54 24 18 cd 80 59 5b 58 c3 b8 01 00 00 00 8b │ .T$...Y[X....... │
 │   │  │ 5c 24 04 cd 80                                  │ \$...            │
 │   │  ╰─────────────────────────────────────────────────┴──────────────────╯
 │   ┴
 │
 │    Symbols:
 │  ╭─────────────────────────────────────────┬──────────┬────────────┬─────────────────┬─────────────────────────────────────╮
 │  │ Name                                    │ Type     │ Source     │ Visibility      │ Value                               │
 │  ├─────────────────────────────────────────┼──────────┼────────────┼─────────────────┼─────────────────────────────────────┤
 │  │ <symbol#0>                              │ none     │ <plinky>   │ local           │ <null>                              │
 │  ├─────────────────────────────────────────┼──────────┼────────────┼─────────────────┼─────────────────────────────────────┤
 │  │ <section .text#2>                       │ section  │ hello.o    │ local           │ .text#2 + 0x0                       │
 │  ├─────────────────────────────────────────┼──────────┼────────────┼─────────────────┼─────────────────────────────────────┤
 │  │ <section .rodata#6>                     │ section  │ hello.o    │ local           │ .rodata#6 + 0x0                     │
 │  ├─────────────────────────────────────────┼──────────┼────────────┼─────────────────┼─────────────────────────────────────┤
 │  │ <section .text.__x86.get_pc_thunk.bx#7> │ section  │ hello.o    │ local           │ .text.__x86.get_pc_thunk.bx#7 + 0x0 │
 │  ├─────────────────────────────────────────┼──────────┼────────────┼─────────────────┼─────────────────────────────────────┤
 │  │ _GLOBAL_OFFSET_TABLE_#9                 │ none     │ hello.o    │ global          │ <undefined>                         │
 │  ├─────────────────────────────────────────┼──────────┼────────────┼─────────────────┼─────────────────────────────────────┤
 │  │ __x86.get_pc_thunk.bx#8                 │ function │ hello.o    │ global (hidden) │ .text.__x86.get_pc_thunk.bx#7 + 0x0 │
 │  ├─────────────────────────────────────────┼──────────┼────────────┼─────────────────┼─────────────────────────────────────┤
 │  │ _start#1                                │ function │ hello.o    │ global          │ .text#2 + 0x0                       │
 │  ├─────────────────────────────────────────┼──────────┼────────────┼─────────────────┼─────────────────────────────────────┤
 │  │ exit#11                                 │ none     │ syscalls.o │ global          │ .text#16 + 0x1a                     │
 │  ├─────────────────────────────────────────┼──────────┼────────────┼─────────────────┼─────────────────────────────────────┤
 │  │ write#10                                │ none     │ syscalls.o │ global          │ .text#16 + 0x0                      │
 │  ╰─────────────────────────────────────────┴──────────┴────────────┴─────────────────┴─────────────────────────────────────╯
 │
 │    Dynamic symbols:
 │  ╭────────────┬──────┬────────────┬────────────┬─────────────────╮
 │  │ Name       │ Type │ Source     │ Visibility │ Value           │
 │  ├────────────┼──────┼────────────┼────────────┼─────────────────┤
 │  │ <symbol#0> │ none │ <plinky>   │ local      │ <null>          │
 │  ├────────────┼──────┼────────────┼────────────┼─────────────────┤
 │  │ exit#11    │ none │ syscalls.o │ global     │ .text#16 + 0x1a │
 │  ├────────────┼──────┼────────────┼────────────┼─────────────────┤
 │  │ write#10   │ none │ syscalls.o │ global     │ .text#16 + 0x0  │
 │  ╰────────────┴──────┴────────────┴────────────┴─────────────────╯
 │
 │    Dynamic relocations:
 │  ╭─────────────┬──────────┬──────────┬────────╮
 │  │ Type        │ Symbol   │ Offset   │ Addend │
 │  ├─────────────┼──────────┼──────────┼────────┤
 │  │ FillGOTSlot │ write#10 │ 0x402000 │ 0x0    │
 │  ├─────────────┼──────────┼──────────┼────────┤
 │  │ FillGOTSlot │ exit#11  │ 0x402004 │ 0x0    │
 │  ╰─────────────┴──────────┴──────────┴────────╯
 ┴

debug print: built elf
 │
 │  section .dynstr#9 (address: 0x403000)
 │   │
 │   │    Strings table:
 │   │  ╭─────┬───────╮
 │   │  │ 0x0 │       │
 │   │  ├─────┼───────┤
 │   │  │ 0x1 │       │
 │   │  ├─────┼───────┤
 │   │  │ 0x2 │ write │
 │   │  ├─────┼───────┤
 │   │  │ 0x8 │ exit  │
 │   │  ╰─────┴───────╯
 │   ┴
 │
 │  section .dynsym#10 (address: 0x40300d)
 │   │
 │   │    Dynamic symbol table:
 │   │  ╭─────────┬─────────┬──────┬────────────┬────────────┬──────────┬──────╮
 │   │  │ Name    │ Binding │ Type │ Visibility │ Definition │ Value    │ Size │
 │   │  ├─────────┼─────────┼──────┼────────────┼────────────┼──────────┼──────┤
 │   │  │ #0      │ Local   │ -    │ Default    │ Undefined  │ 0x0      │ 0x0  │
 │   │  ├─────────┼─────────┼──────┼────────────┼────────────┼──────────┼──────┤
 │   │  │ write#1 │ Global  │ -    │ Default    │ .text#6    │ 0x401038 │ 0x0  │
 │   │  ├─────────┼─────────┼──────┼────────────┼────────────┼──────────┼──────┤
 │   │  │ exit#2  │ Global  │ -    │ Default    │ .text#6    │ 0x401052 │ 0x0  │
 │   │  ╰─────────┴─────────┴──────┴────────────┴────────────┴──────────┴──────╯
 │   ┴
 │
 │  section .rela.dyn#11 (address: 0x40303d)
 │   │
 │   │  symbol table:       .dynsym#10
 │   │  applies to section: #0
 │   │
 │   │    Relocations:
 │   │  ╭──────────────┬─────────┬──────────┬────────╮
 │   │  │ Type         │ Symbol  │ Offset   │ Addend │
 │   │  ├──────────────┼─────────┼──────────┼────────┤
 │   │  │ X86_GLOB_DAT │ write#1 │ 0x402000 │ 0x0    │
 │   │  ├──────────────┼─────────┼──────────┼────────┤
 │   │  │ X86_GLOB_DAT │ exit#2  │ 0x402004 │ 0x0    │
 │   │  ╰──────────────┴─────────┴──────────┴────────╯
 │   ┴
 │
 │  section .hash#12 (address: 0x403055)
 │   │
 │   │  Hash table for .dynsym#10
 │   │
 │   │    Content:
 │   │  ╭───────────┬───────────────────╮
 │   │  │ Bucket ID │ Symbols in bucket │
 │   │  ├───────────┼───────────────────┤
 │   │  │ 0         │ exit#2            │
 │   │  │           │ write#1           │
 │   │  ╰───────────┴───────────────────╯
 │   ┴
 │
 │    Segments:
 │  ╭───────────┬───────┬──────────┬─────────────────────────────────────────────────╮
 │  │ Type      │ Perms │ Aligment │ Content                                         │
 │  ├───────────┼───────┼──────────┼─────────────────────────────────────────────────┤
 │  │ Load      │ R     │ 0x1000   │ .rodata#3, .eh_frame#5                          │
 │  ├───────────┼───────┼──────────┼─────────────────────────────────────────────────┤
 │  │ Load      │ R X   │ 0x1000   │ .text#2, .text.__x86.get_pc_thunk.bx#4, .text#6 │
 │  ├───────────┼───────┼──────────┼─────────────────────────────────────────────────┤
 │  │ Load      │ RW    │ 0x1000   │ .got#8                                          │
 │  ├───────────┼───────┼──────────┼─────────────────────────────────────────────────┤
 │  │ Load      │ R     │ 0x1000   │ .dynstr#9, .dynsym#10, .rela.dyn#11, .hash#12   │
 │  ├───────────┼───────┼──────────┼─────────────────────────────────────────────────┤
 │  │ GNU stack │ RW    │ 0x1      │ -                                               │
 │  ╰───────────┴───────┴──────────┴─────────────────────────────────────────────────╯
 ┴



