---
source: plinky_test_harness/src/utils.rs
assertion_line: 79
---
linking exited with exit status: 0

no stdout present

=== stderr ===
debug print: loaded object
 │
 │  section .text (perms: rx) in entry.o
 │   │
 │   │  ╭─────────────────────────────────────────────────┬──────────────────╮
 │   │  │ 55 48 89 e5 b8 00 00 00 00 e8 00 00 00 00 90 5d │ UH.............] │
 │   │  │ c3                                              │ .                │
 │   │  ╰─────────────────────────────────────────────────┴──────────────────╯
 │   │
 │   │    Relocations:
 │   │  ╭───────┬────────┬────────┬────────────────────╮
 │   │  │ Type  │ Symbol │ Offset │ Addend             │
 │   │  ├───────┼────────┼────────┼────────────────────┤
 │   │  │ PLT32 │ impl   │ 0xa    │ 0xfffffffffffffffc │
 │   │  ╰───────┴────────┴────────┴────────────────────╯
 │   ┴
 │
 │    Symbols:
 │  ╭─────────────────┬──────────┬────────────┬────────────┬──────────────────────╮
 │  │ Name            │ Type     │ Source     │ Visibility │ Value                │
 │  ├─────────────────┼──────────┼────────────┼────────────┼──────────────────────┤
 │  │ <empty>         │ none     │ <plinky>   │ local      │ <null>               │
 │  ├─────────────────┼──────────┼────────────┼────────────┼──────────────────────┤
 │  │ <section .text> │ section  │ entry.o    │ local      │ .text + 0x0          │
 │  ├─────────────────┼──────────┼────────────┼────────────┼──────────────────────┤
 │  │ _start          │ function │ entry.o    │ global     │ .text + 0x0          │
 │  ├─────────────────┼──────────┼────────────┼────────────┼──────────────────────┤
 │  │ impl            │ none     │ libimpl.so │ global     │ <externally defined> │
 │  ╰─────────────────┴──────────┴────────────┴────────────┴──────────────────────╯
 │
 │  inputs
 │   │
 │   │    entry.o
 │   │  ╭─────────────────────┬─────╮
 │   │  │ X86 ISA used        │     │
 │   │  ├─────────────────────┼─────┤
 │   │  │ x86 features 2 used │ x86 │
 │   │  ╰─────────────────────┴─────╯
 │   │
 │   │  libimpl.so (shared object)
 │   ┴
 ┴

debug print: built elf
 │
 │  section .dynstr (address: 0x270)
 │   │
 │   │    Strings table:
 │   │  ╭─────┬────────────╮
 │   │  │ 0x0 │            │
 │   │  ├─────┼────────────┤
 │   │  │ 0x1 │ libimpl.so │
 │   │  ├─────┼────────────┤
 │   │  │ 0xc │            │
 │   │  ├─────┼────────────┤
 │   │  │ 0xd │ impl       │
 │   │  ╰─────┴────────────╯
 │   ┴
 │
 │  section .dynsym (address: 0x282)
 │   │
 │   │    Dynamic symbol table:
 │   │  ╭───────────┬─────────┬──────┬────────────┬────────────┬───────┬──────╮
 │   │  │ Name      │ Binding │ Type │ Visibility │ Definition │ Value │ Size │
 │   │  ├───────────┼─────────┼──────┼────────────┼────────────┼───────┼──────┤
 │   │  │ <empty>#1 │ Local   │ -    │ Default    │ Undefined  │ 0x0   │ 0x0  │
 │   │  ├───────────┼─────────┼──────┼────────────┼────────────┼───────┼──────┤
 │   │  │ impl#1    │ Global  │ -    │ Default    │ Undefined  │ 0x0   │ 0x0  │
 │   │  ╰───────────┴─────────┴──────┴────────────┴────────────┴───────┴──────╯
 │   ┴
 │
 │  section .dynamic (address: 0x1002ce)
 │   │
 │   │  dynamic information | string table: .dynstr
 │   │
 │   │  ╭─────────────────────────┬──────────────────────────────╮
 │   │  │ Kind                    │ Value                        │
 │   │  ├─────────────────────────┼──────────────────────────────┤
 │   │  │ Needed libraries        │ offset 1 in the string table │
 │   │  ├─────────────────────────┼──────────────────────────────┤
 │   │  │ String table            │ address 0x270                │
 │   │  ├─────────────────────────┼──────────────────────────────┤
 │   │  │ String table size       │ 18 bytes                     │
 │   │  ├─────────────────────────┼──────────────────────────────┤
 │   │  │ Symbol table            │ address 0x282                │
 │   │  ├─────────────────────────┼──────────────────────────────┤
 │   │  │ Symbol table entry size │ 24 bytes                     │
 │   │  ├─────────────────────────┼──────────────────────────────┤
 │   │  │ Hash table              │ address 0x2b2                │
 │   │  ├─────────────────────────┼──────────────────────────────┤
 │   │  │ Jump PLT relocations    │ address 0x10038e             │
 │   │  ├─────────────────────────┼──────────────────────────────┤
 │   │  │ PLT relocations size    │ 24 bytes                     │
 │   │  ├─────────────────────────┼──────────────────────────────┤
 │   │  │ PLT relocations type    │ RelocationsA                 │
 │   │  ├─────────────────────────┼──────────────────────────────┤
 │   │  │ PLT GOT                 │ address 0x103000             │
 │   │  ├─────────────────────────┼──────────────────────────────┤
 │   │  │ Flags1                  │ pie                          │
 │   │  ├─────────────────────────┼──────────────────────────────┤
 │   │  │ Null                    │ -                            │
 │   │  ╰─────────────────────────┴──────────────────────────────╯
 │   ┴
 ┴

==============

running exited with exit status: 0

no stdout present

no stderr present
