---
source: plinky_test_harness/src/utils.rs
---
linking exited with exit status: 0

no stdout present

=== stderr ===
debug print: loaded object
 │
 │  class: Elf32, endian: Little, abi: SystemV, machine: X86
 │
 │  section .comment#9 (no perms) in <plinky>
 │   │
 │   │  zero-terminated strings should be deduplicated
 │   │
 │   │  ╭──────────────────────────────────────────────┬─────────────────╮
 │   │  │ 4c 69 6e 6b 65 72 3a 20 70 6c 69 6e 6b 79 00 │ Linker: plinky. │
 │   │  ╰──────────────────────────────────────────────┴─────────────────╯
 │   ┴
 │
 │  section .strtab#19 in <plinky>
 │   │
 │   │  strings table for symbols | view: symbol table
 │   ┴
 │
 │  section .symtab#20 in <plinky>
 │   │
 │   │  symbols table | view: symbol table | strings: .strtab#19
 │   ┴
 │
 │  section .text#2 (perms: rx) in foo.o
 │   │
 │   │  ╭────┬───╮
 │   │  │ 90 │ . │
 │   │  ╰────┴───╯
 │   ┴
 │
 │  section .text.sample_group#5 (perms: rx) in foo.o
 │   │
 │   │  ╭──────────┬─────╮
 │   │  │ 90 90 90 │ ... │
 │   │  ╰──────────┴─────╯
 │   ┴
 │
 │    Symbols:
 │  ╭─────────────────┬──────┬──────────┬─────────────────┬────────────────────────────╮
 │  │ Name            │ Type │ Source   │ Visibility      │ Value                      │
 │  ├─────────────────┼──────┼──────────┼─────────────────┼────────────────────────────┤
 │  │ <symbol#0>      │ none │ <plinky> │ local           │ <null>                     │
 │  ├─────────────────┼──────┼──────────┼─────────────────┼────────────────────────────┤
 │  │ _start#1        │ none │ foo.o    │ global          │ .text#2 + 0x0              │
 │  ├─────────────────┼──────┼──────────┼─────────────────┼────────────────────────────┤
 │  │ sample_symbol#6 │ none │ foo.o    │ global (hidden) │ .text.sample_group#5 + 0x0 │
 │  ╰─────────────────┴──────┴──────────┴─────────────────┴────────────────────────────╯
 ┴



