---
source: plinky_test_harness/src/utils.rs
---
linking exited with exit status: 0

no stdout present

=== stderr ===
debug print: calculated layout
 │
 │    Sections:
 │  ╭─────────────────────┬────────────────────────┬────────────────╮
 │  │ Section             │ Source object          │ Memory address │
 │  ├─────────────────────┼────────────────────────┼────────────────┤
 │  │ .custom_messages#19 │ mix of foo.o and bar.o │ 0x400000       │
 │  ├─────────────────────┼────────────────────────┼────────────────┤
 │  │ .text#1             │ foo.o                  │ 0x401000       │
 │  ├─────────────────────┼────────────────────────┼────────────────┤
 │  │ .text#11            │ bar.o                  │ 0x401031       │
 │  ├─────────────────────┼────────────────────────┼────────────────┤
 │  │ .comment#9          │ <plinky>               │ not allocated  │
 │  ╰─────────────────────┴────────────────────────┴────────────────╯
 │
 │    Segments:
 │  ╭──────────┬────────┬─────────┬────────────────────┬─────────────────────╮
 │  │ Start    │ Align  │ Type    │ Permissions        │ Sections            │
 │  ├──────────┼────────┼─────────┼────────────────────┼─────────────────────┤
 │  │ 0x400000 │ 0x1000 │ program │ ElfPermissions(R)  │ .custom_messages#19 │
 │  ├──────────┼────────┼─────────┼────────────────────┼─────────────────────┤
 │  │ 0x401000 │ 0x1000 │ program │ ElfPermissions(RX) │ .text#1             │
 │  │          │        │         │                    │ .text#11            │
 │  ╰──────────┴────────┴─────────┴────────────────────┴─────────────────────╯
 │
 │    deduplication facade .custom_messages#5 in foo.o
 │  ╭──────┬───────────────────────────╮
 │  │ From │ To                        │
 │  ├──────┼───────────────────────────┤
 │  │ 0x0  │ .custom_messages#19 + 0x0 │
 │  ├──────┼───────────────────────────┤
 │  │ 0x6  │ .custom_messages#19 + 0x6 │
 │  ╰──────┴───────────────────────────╯
 │
 │    deduplication facade .custom_messages#15 in bar.o
 │  ╭──────┬───────────────────────────╮
 │  │ From │ To                        │
 │  ├──────┼───────────────────────────┤
 │  │ 0x0  │ .custom_messages#19 + 0xf │
 │  ├──────┼───────────────────────────┤
 │  │ 0x8  │ .custom_messages#19 + 0x6 │
 │  ╰──────┴───────────────────────────╯
 ┴

debug print: object after relocations are applied
 │
 │  section .custom_messages#19 (perms: r) in mix of foo.o and bar.o
 │   │
 │   │  zero-terminated strings should be deduplicated
 │   │
 │   │  address: 0x400000
 │   │
 │   │  ╭─────────────────────────────────────────────────┬──────────────────╮
 │   │  │ 48 65 6c 6c 6f 00 20 77 6f 72 6c 64 21 0a 00 47 │ Hello. world!..G │
 │   │  │ 6f 6f 64 62 79 65 00                            │ oodbye.          │
 │   │  ╰─────────────────────────────────────────────────┴──────────────────╯
 │   ┴
 │
 │  section .text#1 (perms: rx) in foo.o
 │   │
 │   │  address: 0x401000
 │   │
 │   │  ╭─────────────────────────────────────────────────┬──────────────────╮
 │   │  │ b8 04 00 00 00 bb 01 00 00 00 b9 00 00 40 00 ba │ .............@.. │
 │   │  │ 05 00 00 00 cd 80 b8 04 00 00 00 bb 01 00 00 00 │ ................ │
 │   │  │ b9 06 00 40 00 ba 08 00 00 00 cd 80 e9 00 00 00 │ ...@............ │
 │   │  │ 00                                              │ .                │
 │   │  ╰─────────────────────────────────────────────────┴──────────────────╯
 │   ┴
 │
 │  section .text#11 (perms: rx) in bar.o
 │   │
 │   │  address: 0x401031
 │   │
 │   │  ╭─────────────────────────────────────────────────┬──────────────────╮
 │   │  │ b8 04 00 00 00 bb 01 00 00 00 b9 0f 00 40 00 ba │ .............@.. │
 │   │  │ 07 00 00 00 cd 80 b8 04 00 00 00 bb 01 00 00 00 │ ................ │
 │   │  │ b9 06 00 40 00 ba 08 00 00 00 cd 80 b8 01 00 00 │ ...@............ │
 │   │  │ 00 bb 00 00 00 00 cd 80                         │ ........         │
 │   │  ╰─────────────────────────────────────────────────┴──────────────────╯
 │   ┴
 ┴

debug print: built elf
 │
 │  section .text#2 (address: 0x401000)
 │   │
 │   │  program data | permissions: R X
 │   │
 │   │  ╭─────────────────────────────────────────────────┬──────────────────╮
 │   │  │ b8 04 00 00 00 bb 01 00 00 00 b9 00 00 40 00 ba │ .............@.. │
 │   │  │ 05 00 00 00 cd 80 b8 04 00 00 00 bb 01 00 00 00 │ ................ │
 │   │  │ b9 06 00 40 00 ba 08 00 00 00 cd 80 e9 00 00 00 │ ...@............ │
 │   │  │ 00                                              │ .                │
 │   │  ╰─────────────────────────────────────────────────┴──────────────────╯
 │   ┴
 │
 │  section .text#4 (address: 0x401031)
 │   │
 │   │  program data | permissions: R X
 │   │
 │   │  ╭─────────────────────────────────────────────────┬──────────────────╮
 │   │  │ b8 04 00 00 00 bb 01 00 00 00 b9 0f 00 40 00 ba │ .............@.. │
 │   │  │ 07 00 00 00 cd 80 b8 04 00 00 00 bb 01 00 00 00 │ ................ │
 │   │  │ b9 06 00 40 00 ba 08 00 00 00 cd 80 b8 01 00 00 │ ...@............ │
 │   │  │ 00 bb 00 00 00 00 cd 80                         │ ........         │
 │   │  ╰─────────────────────────────────────────────────┴──────────────────╯
 │   ┴
 │
 │  section .strtab#6 (address: 0x0)
 │   │
 │   │    Strings table:
 │   │  ╭──────┬─────────────╮
 │   │  │ 0x0  │             │
 │   │  ├──────┼─────────────┤
 │   │  │ 0x1  │             │
 │   │  ├──────┼─────────────┤
 │   │  │ 0x2  │ bar.S       │
 │   │  ├──────┼─────────────┤
 │   │  │ 0x8  │ goodbye     │
 │   │  ├──────┼─────────────┤
 │   │  │ 0x10 │ goodbye_len │
 │   │  ├──────┼─────────────┤
 │   │  │ 0x1c │ bar_end     │
 │   │  ├──────┼─────────────┤
 │   │  │ 0x24 │ bar_end_len │
 │   │  ├──────┼─────────────┤
 │   │  │ 0x30 │ foo.S       │
 │   │  ├──────┼─────────────┤
 │   │  │ 0x36 │ hello       │
 │   │  ├──────┼─────────────┤
 │   │  │ 0x3c │ hello_len   │
 │   │  ├──────┼─────────────┤
 │   │  │ 0x46 │ foo_end     │
 │   │  ├──────┼─────────────┤
 │   │  │ 0x4e │ foo_end_len │
 │   │  ├──────┼─────────────┤
 │   │  │ 0x5a │ _start      │
 │   │  ├──────┼─────────────┤
 │   │  │ 0x61 │ bar         │
 │   │  ╰──────┴─────────────╯
 │   ┴
 │
 │  section .symtab#7 (address: 0x0)
 │   │
 │   │    Symbol table:
 │   │  ╭────────────────┬─────────┬──────┬────────────┬────────────────────┬──────────┬──────╮
 │   │  │ Name           │ Binding │ Type │ Visibility │ Definition         │ Value    │ Size │
 │   │  ├────────────────┼─────────┼──────┼────────────┼────────────────────┼──────────┼──────┤
 │   │  │ #0             │ Local   │ -    │ Default    │ Undefined          │ 0x0      │ 0x0  │
 │   │  ├────────────────┼─────────┼──────┼────────────┼────────────────────┼──────────┼──────┤
 │   │  │ bar.S#1        │ Local   │ File │ Default    │ Absolute           │ 0x0      │ 0x0  │
 │   │  ├────────────────┼─────────┼──────┼────────────┼────────────────────┼──────────┼──────┤
 │   │  │ goodbye#2      │ Local   │ -    │ Default    │ .custom_messages#5 │ 0x40000f │ 0x0  │
 │   │  ├────────────────┼─────────┼──────┼────────────┼────────────────────┼──────────┼──────┤
 │   │  │ goodbye_len#3  │ Local   │ -    │ Default    │ Absolute           │ 0x7      │ 0x0  │
 │   │  ├────────────────┼─────────┼──────┼────────────┼────────────────────┼──────────┼──────┤
 │   │  │ bar_end#4      │ Local   │ -    │ Default    │ .custom_messages#5 │ 0x400006 │ 0x0  │
 │   │  ├────────────────┼─────────┼──────┼────────────┼────────────────────┼──────────┼──────┤
 │   │  │ bar_end_len#5  │ Local   │ -    │ Default    │ Absolute           │ 0x8      │ 0x0  │
 │   │  ├────────────────┼─────────┼──────┼────────────┼────────────────────┼──────────┼──────┤
 │   │  │ foo.S#6        │ Local   │ File │ Default    │ Absolute           │ 0x0      │ 0x0  │
 │   │  ├────────────────┼─────────┼──────┼────────────┼────────────────────┼──────────┼──────┤
 │   │  │ hello#7        │ Local   │ -    │ Default    │ .custom_messages#5 │ 0x400000 │ 0x0  │
 │   │  ├────────────────┼─────────┼──────┼────────────┼────────────────────┼──────────┼──────┤
 │   │  │ hello_len#8    │ Local   │ -    │ Default    │ Absolute           │ 0x5      │ 0x0  │
 │   │  ├────────────────┼─────────┼──────┼────────────┼────────────────────┼──────────┼──────┤
 │   │  │ foo_end#9      │ Local   │ -    │ Default    │ .custom_messages#5 │ 0x400006 │ 0x0  │
 │   │  ├────────────────┼─────────┼──────┼────────────┼────────────────────┼──────────┼──────┤
 │   │  │ foo_end_len#10 │ Local   │ -    │ Default    │ Absolute           │ 0x8      │ 0x0  │
 │   │  ├────────────────┼─────────┼──────┼────────────┼────────────────────┼──────────┼──────┤
 │   │  │ _start#11      │ Global  │ -    │ Default    │ .text#2            │ 0x401000 │ 0x0  │
 │   │  ├────────────────┼─────────┼──────┼────────────┼────────────────────┼──────────┼──────┤
 │   │  │ bar#12         │ Global  │ -    │ Default    │ .text#4            │ 0x401031 │ 0x0  │
 │   │  ╰────────────────┴─────────┴──────┴────────────┴────────────────────┴──────────┴──────╯
 │   ┴
 ┴
