---
source: plinky_test_harness/src/utils.rs
---
linking exited with exit status: 0

no stdout present

=== stderr ===
debug print: calculated layout
 │
 │    Layout:
 │  ╭─────────────────────┬─────────────┬─────────────┬────────────────┬───────────────╮
 │  │ Part                │ File offset │ File length │ Memory address │ Memory length │
 │  ├─────────────────────┼─────────────┼─────────────┼────────────────┼───────────────┤
 │  │ <elf header>        │ 0x0         │ 0x40        │ -              │ -             │
 │  ├─────────────────────┼─────────────┼─────────────┼────────────────┼───────────────┤
 │  │ <program header>    │ 0x40        │ 0xe0        │ -              │ -             │
 │  ├─────────────────────┼─────────────┼─────────────┼────────────────┼───────────────┤
 │  │ <section header>    │ 0x120       │ 0x240       │ -              │ -             │
 │  ├─────────────────────┼─────────────┼─────────────┼────────────────┼───────────────┤
 │  │ .shstrtab#0         │ 0x360       │ 0x4a        │ -              │ -             │
 │  ├─────────────────────┼─────────────┼─────────────┼────────────────┼───────────────┤
 │  │ .comment#10         │ 0x3aa       │ 0xf         │ -              │ -             │
 │  ├─────────────────────┼─────────────┼─────────────┼────────────────┼───────────────┤
 │  │ .strtab#20          │ 0x3b9       │ 0x7b        │ -              │ -             │
 │  ├─────────────────────┼─────────────┼─────────────┼────────────────┼───────────────┤
 │  │ .symtab#21          │ 0x434       │ 0x150       │ -              │ -             │
 │  ├─────────────────────┼─────────────┼─────────────┼────────────────┼───────────────┤
 │  │ <padding>           │ 0x584       │ 0xa7c       │ -              │ -             │
 │  ├─────────────────────┼─────────────┼─────────────┼────────────────┼───────────────┤
 │  │ .custom_messages#22 │ 0x1000      │ 0x17        │ 0x400000       │ 0x17          │
 │  ├─────────────────────┼─────────────┼─────────────┼────────────────┼───────────────┤
 │  │ <padding>           │ 0x1017      │ 0xfe9       │ -              │ -             │
 │  ├─────────────────────┼─────────────┼─────────────┼────────────────┼───────────────┤
 │  │ .text#2             │ 0x2000      │ 0x31        │ 0x401000       │ 0x31          │
 │  ├─────────────────────┼─────────────┼─────────────┼────────────────┼───────────────┤
 │  │ .text#12            │ 0x2031      │ 0x38        │ 0x401031       │ 0x38          │
 │  ├─────────────────────┼─────────────┼─────────────┼────────────────┼───────────────┤
 │  │ <padding>           │ 0x2069      │ 0xf97       │ -              │ -             │
 │  ├─────────────────────┼─────────────┼─────────────┼────────────────┼───────────────┤
 │  │ .got.plt#23         │ 0x3000      │ 0x8         │ 0x402000       │ 0x8           │
 │  ╰─────────────────────┴─────────────┴─────────────┴────────────────┴───────────────╯
 │
 │    Segments:
 │  ╭──────────┬────────┬───────────┬───────┬─────────────────────╮
 │  │ Start    │ Align  │ Type      │ Perms │ Content             │
 │  ├──────────┼────────┼───────────┼───────┼─────────────────────┤
 │  │ 0x400000 │ 0x1000 │ program   │ R     │ .custom_messages#22 │
 │  ├──────────┼────────┼───────────┼───────┼─────────────────────┤
 │  │ 0x401000 │ 0x1000 │ program   │ RX    │ .text#2             │
 │  │          │        │           │       │ .text#12            │
 │  ├──────────┼────────┼───────────┼───────┼─────────────────────┤
 │  │ 0x402000 │ 0x1000 │ program   │ RW    │ .got.plt#23         │
 │  ├──────────┼────────┼───────────┼───────┼─────────────────────┤
 │  │ -        │ 0x1    │ GNU stack │ RW    │                     │
 │  ╰──────────┴────────┴───────────┴───────┴─────────────────────╯
 │
 │    deduplication facade .custom_messages#6 in foo.o
 │  ╭──────┬───────────────────────────╮
 │  │ From │ To                        │
 │  ├──────┼───────────────────────────┤
 │  │ 0x0  │ .custom_messages#22 + 0x0 │
 │  ├──────┼───────────────────────────┤
 │  │ 0x6  │ .custom_messages#22 + 0x6 │
 │  ╰──────┴───────────────────────────╯
 │
 │    deduplication facade .custom_messages#16 in bar.o
 │  ╭──────┬───────────────────────────╮
 │  │ From │ To                        │
 │  ├──────┼───────────────────────────┤
 │  │ 0x0  │ .custom_messages#22 + 0xf │
 │  ├──────┼───────────────────────────┤
 │  │ 0x8  │ .custom_messages#22 + 0x6 │
 │  ╰──────┴───────────────────────────╯
 ┴

debug print: object after relocations are applied
 │
 │  section .custom_messages#22 (perms: r) in mix of foo.o and bar.o
 │   │
 │   │  zero-terminated strings should be deduplicated
 │   │
 │   │  address: 0x400000
 │   │
 │   │  ╭─────────────────────────────────────────────────┬──────────────────╮
 │   │  │ 48 65 6c 6c 6f 00 20 77 6f 72 6c 64 21 0a 00 47 │ Hello. world!..G │
 │   │  │ 6f 6f 64 62 79 65 00                            │ oodbye.          │
 │   │  ╰─────────────────────────────────────────────────┴──────────────────╯
 │   ┴
 │
 │  section .text#2 (perms: rx) in foo.o
 │   │
 │   │  address: 0x401000
 │   │
 │   │  ╭─────────────────────────────────────────────────┬──────────────────╮
 │   │  │ b8 04 00 00 00 bb 01 00 00 00 b9 00 00 40 00 ba │ .............@.. │
 │   │  │ 05 00 00 00 cd 80 b8 04 00 00 00 bb 01 00 00 00 │ ................ │
 │   │  │ b9 06 00 40 00 ba 08 00 00 00 cd 80 e9 00 00 00 │ ...@............ │
 │   │  │ 00                                              │ .                │
 │   │  ╰─────────────────────────────────────────────────┴──────────────────╯
 │   ┴
 │
 │  section .text#12 (perms: rx) in bar.o
 │   │
 │   │  address: 0x401031
 │   │
 │   │  ╭─────────────────────────────────────────────────┬──────────────────╮
 │   │  │ b8 04 00 00 00 bb 01 00 00 00 b9 0f 00 40 00 ba │ .............@.. │
 │   │  │ 07 00 00 00 cd 80 b8 04 00 00 00 bb 01 00 00 00 │ ................ │
 │   │  │ b9 06 00 40 00 ba 08 00 00 00 cd 80 b8 01 00 00 │ ...@............ │
 │   │  │ 00 bb 00 00 00 00 cd 80                         │ ........         │
 │   │  ╰─────────────────────────────────────────────────┴──────────────────╯
 │   ┴
 ┴

debug print: built elf
 │
 │  section .text#2 (address: 0x401000)
 │   │
 │   │  program data | permissions: R X
 │   │
 │   │  ╭─────────────────────────────────────────────────┬──────────────────╮
 │   │  │ b8 04 00 00 00 bb 01 00 00 00 b9 00 00 40 00 ba │ .............@.. │
 │   │  │ 05 00 00 00 cd 80 b8 04 00 00 00 bb 01 00 00 00 │ ................ │
 │   │  │ b9 06 00 40 00 ba 08 00 00 00 cd 80 e9 00 00 00 │ ...@............ │
 │   │  │ 00                                              │ .                │
 │   │  ╰─────────────────────────────────────────────────┴──────────────────╯
 │   ┴
 │
 │  section .text#4 (address: 0x401031)
 │   │
 │   │  program data | permissions: R X
 │   │
 │   │  ╭─────────────────────────────────────────────────┬──────────────────╮
 │   │  │ b8 04 00 00 00 bb 01 00 00 00 b9 0f 00 40 00 ba │ .............@.. │
 │   │  │ 07 00 00 00 cd 80 b8 04 00 00 00 bb 01 00 00 00 │ ................ │
 │   │  │ b9 06 00 40 00 ba 08 00 00 00 cd 80 b8 01 00 00 │ ...@............ │
 │   │  │ 00 bb 00 00 00 00 cd 80                         │ ........         │
 │   │  ╰─────────────────────────────────────────────────┴──────────────────╯
 │   ┴
 │
 │  section .strtab#5 (address: 0x0)
 │   │
 │   │    Strings table:
 │   │  ╭──────┬───────────────────────╮
 │   │  │ 0x0  │                       │
 │   │  ├──────┼───────────────────────┤
 │   │  │ 0x1  │                       │
 │   │  ├──────┼───────────────────────┤
 │   │  │ 0x2  │ _GLOBAL_OFFSET_TABLE_ │
 │   │  ├──────┼───────────────────────┤
 │   │  │ 0x18 │ bar.S                 │
 │   │  ├──────┼───────────────────────┤
 │   │  │ 0x1e │ goodbye               │
 │   │  ├──────┼───────────────────────┤
 │   │  │ 0x26 │ goodbye_len           │
 │   │  ├──────┼───────────────────────┤
 │   │  │ 0x32 │ bar_end               │
 │   │  ├──────┼───────────────────────┤
 │   │  │ 0x3a │ bar_end_len           │
 │   │  ├──────┼───────────────────────┤
 │   │  │ 0x46 │ foo.S                 │
 │   │  ├──────┼───────────────────────┤
 │   │  │ 0x4c │ hello                 │
 │   │  ├──────┼───────────────────────┤
 │   │  │ 0x52 │ hello_len             │
 │   │  ├──────┼───────────────────────┤
 │   │  │ 0x5c │ foo_end               │
 │   │  ├──────┼───────────────────────┤
 │   │  │ 0x64 │ foo_end_len           │
 │   │  ├──────┼───────────────────────┤
 │   │  │ 0x70 │ _start                │
 │   │  ├──────┼───────────────────────┤
 │   │  │ 0x77 │ bar                   │
 │   │  ╰──────┴───────────────────────╯
 │   ┴
 │
 │  section .symtab#6 (address: 0x0)
 │   │
 │   │    Symbol table:
 │   │  ╭─────────────────────────┬─────────┬──────┬────────────┬────────────────────┬──────────┬──────╮
 │   │  │ Name                    │ Binding │ Type │ Visibility │ Definition         │ Value    │ Size │
 │   │  ├─────────────────────────┼─────────┼──────┼────────────┼────────────────────┼──────────┼──────┤
 │   │  │ #0                      │ Local   │ -    │ Default    │ Undefined          │ 0x0      │ 0x0  │
 │   │  ├─────────────────────────┼─────────┼──────┼────────────┼────────────────────┼──────────┼──────┤
 │   │  │ _GLOBAL_OFFSET_TABLE_#1 │ Local   │ -    │ Default    │ .got.plt#8         │ 0x402000 │ 0x0  │
 │   │  ├─────────────────────────┼─────────┼──────┼────────────┼────────────────────┼──────────┼──────┤
 │   │  │ bar.S#2                 │ Local   │ File │ Default    │ Absolute           │ 0x0      │ 0x0  │
 │   │  ├─────────────────────────┼─────────┼──────┼────────────┼────────────────────┼──────────┼──────┤
 │   │  │ goodbye#3               │ Local   │ -    │ Default    │ .custom_messages#7 │ 0x40000f │ 0x0  │
 │   │  ├─────────────────────────┼─────────┼──────┼────────────┼────────────────────┼──────────┼──────┤
 │   │  │ goodbye_len#4           │ Local   │ -    │ Default    │ Absolute           │ 0x7      │ 0x0  │
 │   │  ├─────────────────────────┼─────────┼──────┼────────────┼────────────────────┼──────────┼──────┤
 │   │  │ bar_end#5               │ Local   │ -    │ Default    │ .custom_messages#7 │ 0x400006 │ 0x0  │
 │   │  ├─────────────────────────┼─────────┼──────┼────────────┼────────────────────┼──────────┼──────┤
 │   │  │ bar_end_len#6           │ Local   │ -    │ Default    │ Absolute           │ 0x8      │ 0x0  │
 │   │  ├─────────────────────────┼─────────┼──────┼────────────┼────────────────────┼──────────┼──────┤
 │   │  │ foo.S#7                 │ Local   │ File │ Default    │ Absolute           │ 0x0      │ 0x0  │
 │   │  ├─────────────────────────┼─────────┼──────┼────────────┼────────────────────┼──────────┼──────┤
 │   │  │ hello#8                 │ Local   │ -    │ Default    │ .custom_messages#7 │ 0x400000 │ 0x0  │
 │   │  ├─────────────────────────┼─────────┼──────┼────────────┼────────────────────┼──────────┼──────┤
 │   │  │ hello_len#9             │ Local   │ -    │ Default    │ Absolute           │ 0x5      │ 0x0  │
 │   │  ├─────────────────────────┼─────────┼──────┼────────────┼────────────────────┼──────────┼──────┤
 │   │  │ foo_end#10              │ Local   │ -    │ Default    │ .custom_messages#7 │ 0x400006 │ 0x0  │
 │   │  ├─────────────────────────┼─────────┼──────┼────────────┼────────────────────┼──────────┼──────┤
 │   │  │ foo_end_len#11          │ Local   │ -    │ Default    │ Absolute           │ 0x8      │ 0x0  │
 │   │  ├─────────────────────────┼─────────┼──────┼────────────┼────────────────────┼──────────┼──────┤
 │   │  │ _start#12               │ Global  │ -    │ Default    │ .text#2            │ 0x401000 │ 0x0  │
 │   │  ├─────────────────────────┼─────────┼──────┼────────────┼────────────────────┼──────────┼──────┤
 │   │  │ bar#13                  │ Global  │ -    │ Default    │ .text#4            │ 0x401031 │ 0x0  │
 │   │  ╰─────────────────────────┴─────────┴──────┴────────────┴────────────────────┴──────────┴──────╯
 │   ┴
 ┴

==============

running exited with exit status: 0

=== stdout ===
Hello world!
Goodbye world!

no stderr present
