---
source: plinky_test_harness/src/utils.rs
---
linking exited with exit status: 0

no stdout present

=== stderr ===
debug print: calculated layout
 │
 │    Layout:
 │  ╭──────────────────┬─────────────┬─────────────┬────────────────┬───────────────╮
 │  │ Part             │ File offset │ File length │ Memory address │ Memory length │
 │  ├──────────────────┼─────────────┼─────────────┼────────────────┼───────────────┤
 │  │ <elf header>     │ 0x0         │ 0x40        │ 0x0            │ 0x40          │
 │  ├──────────────────┼─────────────┼─────────────┼────────────────┼───────────────┤
 │  │ <program header> │ 0x40        │ 0x1f8       │ 0x40           │ 0x1f8         │
 │  ├──────────────────┼─────────────┼─────────────┼────────────────┼───────────────┤
 │  │ .interp#25       │ 0x238       │ 0x1c        │ 0x238          │ 0x1c          │
 │  ├──────────────────┼─────────────┼─────────────┼────────────────┼───────────────┤
 │  │ .dynstr#26       │ 0x254       │ 0xd         │ 0x254          │ 0xd           │
 │  ├──────────────────┼─────────────┼─────────────┼────────────────┼───────────────┤
 │  │ .dynsym#27       │ 0x261       │ 0x48        │ 0x261          │ 0x48          │
 │  ├──────────────────┼─────────────┼─────────────┼────────────────┼───────────────┤
 │  │ .hash#28         │ 0x2a9       │ 0x18        │ 0x2a9          │ 0x18          │
 │  ├──────────────────┼─────────────┼─────────────┼────────────────┼───────────────┤
 │  │ .dynamic#29      │ 0x2c1       │ 0xa0        │ 0x2c1          │ 0xa0          │
 │  ├──────────────────┼─────────────┼─────────────┼────────────────┼───────────────┤
 │  │ .rela.got#31     │ 0x361       │ 0x30        │ 0x361          │ 0x30          │
 │  ├──────────────────┼─────────────┼─────────────┼────────────────┼───────────────┤
 │  │ <section header> │ 0x391       │ 0x400       │ -              │ -             │
 │  ├──────────────────┼─────────────┼─────────────┼────────────────┼───────────────┤
 │  │ .shstrtab#0      │ 0x791       │ 0x78        │ -              │ -             │
 │  ├──────────────────┼─────────────┼─────────────┼────────────────┼───────────────┤
 │  │ .strtab#22       │ 0x809       │ 0x2a        │ -              │ -             │
 │  ├──────────────────┼─────────────┼─────────────┼────────────────┼───────────────┤
 │  │ .symtab#23       │ 0x833       │ 0x78        │ -              │ -             │
 │  ├──────────────────┼─────────────┼─────────────┼────────────────┼───────────────┤
 │  │ .comment#24      │ 0x8ab       │ 0x3b        │ -              │ -             │
 │  ├──────────────────┼─────────────┼─────────────┼────────────────┼───────────────┤
 │  │ <padding>        │ 0x8e6       │ 0x71a       │ -              │ -             │
 │  ├──────────────────┼─────────────┼─────────────┼────────────────┼───────────────┤
 │  │ .rodata#6        │ 0x1000      │ 0xd         │ 0x1000         │ 0xd           │
 │  ├──────────────────┼─────────────┼─────────────┼────────────────┼───────────────┤
 │  │ .eh_frame#9      │ 0x100d      │ 0x38        │ 0x100d         │ 0x38          │
 │  ├──────────────────┼─────────────┼─────────────┼────────────────┼───────────────┤
 │  │ <padding>        │ 0x1045      │ 0xfbb       │ -              │ -             │
 │  ├──────────────────┼─────────────┼─────────────┼────────────────┼───────────────┤
 │  │ .text#2          │ 0x2000      │ 0x29        │ 0x2000         │ 0x29          │
 │  ├──────────────────┼─────────────┼─────────────┼────────────────┼───────────────┤
 │  │ .text#16         │ 0x2029      │ 0x22        │ 0x2029         │ 0x22          │
 │  ├──────────────────┼─────────────┼─────────────┼────────────────┼───────────────┤
 │  │ <padding>        │ 0x204b      │ 0xfb5       │ -              │ -             │
 │  ├──────────────────┼─────────────┼─────────────┼────────────────┼───────────────┤
 │  │ .got#30          │ 0x3000      │ 0x10        │ 0x3000         │ 0x10          │
 │  ╰──────────────────┴─────────────┴─────────────┴────────────────┴───────────────╯
 │
 │    Segments:
 │  ╭────────┬────────┬────────────────┬───────┬──────────────────╮
 │  │ Start  │ Align  │ Type           │ Perms │ Content          │
 │  ├────────┼────────┼────────────────┼───────┼──────────────────┤
 │  │ 0x40   │ 0x1000 │ program header │ R     │ <program header> │
 │  ├────────┼────────┼────────────────┼───────┼──────────────────┤
 │  │ 0x238  │ 0x1    │ interpreter    │ R     │ .interp#25       │
 │  ├────────┼────────┼────────────────┼───────┼──────────────────┤
 │  │ 0x0    │ 0x1000 │ program        │ R     │ <elf header>     │
 │  │        │        │                │       │ <program header> │
 │  │        │        │                │       │ .interp#25       │
 │  │        │        │                │       │ .dynstr#26       │
 │  │        │        │                │       │ .dynsym#27       │
 │  │        │        │                │       │ .hash#28         │
 │  │        │        │                │       │ .dynamic#29      │
 │  │        │        │                │       │ .rela.got#31     │
 │  ├────────┼────────┼────────────────┼───────┼──────────────────┤
 │  │ 0x1000 │ 0x1000 │ program        │ R     │ .rodata#6        │
 │  │        │        │                │       │ .eh_frame#9      │
 │  ├────────┼────────┼────────────────┼───────┼──────────────────┤
 │  │ 0x2000 │ 0x1000 │ program        │ RX    │ .text#2          │
 │  │        │        │                │       │ .text#16         │
 │  ├────────┼────────┼────────────────┼───────┼──────────────────┤
 │  │ 0x3000 │ 0x1000 │ program        │ RW    │ .got#30          │
 │  ├────────┼────────┼────────────────┼───────┼──────────────────┤
 │  │ 0x2c1  │ 0x8    │ dynamic        │ R     │ .dynamic#29      │
 │  ├────────┼────────┼────────────────┼───────┼──────────────────┤
 │  │ -      │ 0x1    │ GNU stack      │ RW    │                  │
 │  ├────────┼────────┼────────────────┼───────┼──────────────────┤
 │  │ 0x3000 │ 0x1    │ GNU relro      │ R     │ .got#30          │
 │  ╰────────┴────────┴────────────────┴───────┴──────────────────╯
 │
 │    deduplication facade .comment#7 in hello.o
 │  ╭──────┬───────────────────╮
 │  │ From │ To                │
 │  ├──────┼───────────────────┤
 │  │ 0x0  │ .comment#24 + 0x0 │
 │  ├──────┼───────────────────┤
 │  │ 0x1  │ .comment#24 + 0x1 │
 │  ╰──────┴───────────────────╯
 │
 │    deduplication facade .comment#14 in <plinky>
 │  ╭──────┬────────────────────╮
 │  │ From │ To                 │
 │  ├──────┼────────────────────┤
 │  │ 0x0  │ .comment#24 + 0x2c │
 │  ╰──────┴────────────────────╯
 ┴

debug print: built elf
 │
 │    Segments:
 │  ╭───────────────────────────┬───────┬──────────┬─────────────┬──────────┬────────────────┬────────────╮
 │  │ Type                      │ Perms │ Aligment │ File offset │ File len │ Memory address │ Memory len │
 │  ├───────────────────────────┼───────┼──────────┼─────────────┼──────────┼────────────────┼────────────┤
 │  │ Program header table      │ R     │ 0x1000   │ 0x40        │ 0x1f8    │ 0x40           │ 0x1f8      │
 │  ├───────────────────────────┼───────┼──────────┼─────────────┼──────────┼────────────────┼────────────┤
 │  │ Interpreter               │ R     │ 0x1      │ 0x238       │ 0x1c     │ 0x238          │ 0x1c       │
 │  ├───────────────────────────┼───────┼──────────┼─────────────┼──────────┼────────────────┼────────────┤
 │  │ Load                      │ R     │ 0x1000   │ 0x0         │ 0x391    │ 0x0            │ 0x391      │
 │  ├───────────────────────────┼───────┼──────────┼─────────────┼──────────┼────────────────┼────────────┤
 │  │ Load                      │ R     │ 0x1000   │ 0x1000      │ 0x45     │ 0x1000         │ 0x45       │
 │  ├───────────────────────────┼───────┼──────────┼─────────────┼──────────┼────────────────┼────────────┤
 │  │ Load                      │ R X   │ 0x1000   │ 0x2000      │ 0x4b     │ 0x2000         │ 0x4b       │
 │  ├───────────────────────────┼───────┼──────────┼─────────────┼──────────┼────────────────┼────────────┤
 │  │ Load                      │ RW    │ 0x1000   │ 0x3000      │ 0x10     │ 0x3000         │ 0x10       │
 │  ├───────────────────────────┼───────┼──────────┼─────────────┼──────────┼────────────────┼────────────┤
 │  │ Dynamic                   │ R     │ 0x8      │ 0x2c1       │ 0xa0     │ 0x2c1          │ 0xa0       │
 │  ├───────────────────────────┼───────┼──────────┼─────────────┼──────────┼────────────────┼────────────┤
 │  │ GNU stack                 │ RW    │ 0x1      │ 0x0         │ 0x0      │ 0x0            │ 0x0        │
 │  ├───────────────────────────┼───────┼──────────┼─────────────┼──────────┼────────────────┼────────────┤
 │  │ GNU relocations read-only │ R     │ 0x1      │ 0x3000      │ 0x10     │ 0x3000         │ 0x10       │
 │  ╰───────────────────────────┴───────┴──────────┴─────────────┴──────────┴────────────────┴────────────╯
 ┴

==============

running exited with exit status: 0

=== stdout ===
Hello world

no stderr present
