---
source: plinky_test_harness/src/utils.rs
---
linking exited with exit status: 0

no stdout present

=== stderr ===
debug print: calculated layout
 │
 │    Layout:
 │  ╭──────────────────┬─────────────┬─────────────┬────────────────┬───────────────╮
 │  │ Part             │ File offset │ File length │ Memory address │ Memory length │
 │  ├──────────────────┼─────────────┼─────────────┼────────────────┼───────────────┤
 │  │ <elf header>     │ 0x0         │ 0x40        │ 0x0            │ 0x40          │
 │  ├──────────────────┼─────────────┼─────────────┼────────────────┼───────────────┤
 │  │ <program header> │ 0x40        │ 0x1f8       │ 0x40           │ 0x1f8         │
 │  ├──────────────────┼─────────────┼─────────────┼────────────────┼───────────────┤
 │  │ .dynstr          │ 0x238       │ 0xd         │ 0x238          │ 0xd           │
 │  ├──────────────────┼─────────────┼─────────────┼────────────────┼───────────────┤
 │  │ .dynsym          │ 0x245       │ 0x48        │ 0x245          │ 0x48          │
 │  ├──────────────────┼─────────────┼─────────────┼────────────────┼───────────────┤
 │  │ .hash            │ 0x28d       │ 0x18        │ 0x28d          │ 0x18          │
 │  ├──────────────────┼─────────────┼─────────────┼────────────────┼───────────────┤
 │  │ .dynamic         │ 0x2a5       │ 0xa0        │ 0x2a5          │ 0xa0          │
 │  ├──────────────────┼─────────────┼─────────────┼────────────────┼───────────────┤
 │  │ .rela.got        │ 0x345       │ 0x30        │ 0x345          │ 0x30          │
 │  ├──────────────────┼─────────────┼─────────────┼────────────────┼───────────────┤
 │  │ .interp          │ 0x375       │ 0x53        │ 0x375          │ 0x53          │
 │  ├──────────────────┼─────────────┼─────────────┼────────────────┼───────────────┤
 │  │ <section header> │ 0x3c8       │ 0x440       │ -              │ -             │
 │  ├──────────────────┼─────────────┼─────────────┼────────────────┼───────────────┤
 │  │ .shstrtab        │ 0x808       │ 0x81        │ -              │ -             │
 │  ├──────────────────┼─────────────┼─────────────┼────────────────┼───────────────┤
 │  │ .strtab          │ 0x889       │ 0x33        │ -              │ -             │
 │  ├──────────────────┼─────────────┼─────────────┼────────────────┼───────────────┤
 │  │ .symtab          │ 0x8bc       │ 0x90        │ -              │ -             │
 │  ├──────────────────┼─────────────┼─────────────┼────────────────┼───────────────┤
 │  │ .comment#0       │ 0x94c       │ 0x22        │ -              │ -             │
 │  ├──────────────────┼─────────────┼─────────────┼────────────────┼───────────────┤
 │  │ <padding>        │ 0x96e       │ 0x692       │ -              │ -             │
 │  ├──────────────────┼─────────────┼─────────────┼────────────────┼───────────────┤
 │  │ .rodata          │ 0x1000      │ 0xd         │ 0x1000         │ 0xd           │
 │  ├──────────────────┼─────────────┼─────────────┼────────────────┼───────────────┤
 │  │ .eh_frame        │ 0x100d      │ 0x38        │ 0x100d         │ 0x38          │
 │  ├──────────────────┼─────────────┼─────────────┼────────────────┼───────────────┤
 │  │ <padding>        │ 0x1045      │ 0xfbb       │ -              │ -             │
 │  ├──────────────────┼─────────────┼─────────────┼────────────────┼───────────────┤
 │  │ .text#0          │ 0x2000      │ 0x29        │ 0x2000         │ 0x29          │
 │  ├──────────────────┼─────────────┼─────────────┼────────────────┼───────────────┤
 │  │ .text#1          │ 0x2029      │ 0x22        │ 0x2029         │ 0x22          │
 │  ├──────────────────┼─────────────┼─────────────┼────────────────┼───────────────┤
 │  │ <padding>        │ 0x204b      │ 0xfb5       │ -              │ -             │
 │  ├──────────────────┼─────────────┼─────────────┼────────────────┼───────────────┤
 │  │ .got             │ 0x3000      │ 0x10        │ 0x3000         │ 0x10          │
 │  ├──────────────────┼─────────────┼─────────────┼────────────────┼───────────────┤
 │  │ .got.plt         │ 0x3010      │ 0x18        │ 0x3010         │ 0x18          │
 │  ╰──────────────────┴─────────────┴─────────────┴────────────────┴───────────────╯
 │
 │    Segments:
 │  ╭────────┬────────┬────────────────┬───────┬──────────────────╮
 │  │ Start  │ Align  │ Type           │ Perms │ Content          │
 │  ├────────┼────────┼────────────────┼───────┼──────────────────┤
 │  │ 0x40   │ 0x1000 │ program header │ R     │ <program header> │
 │  ├────────┼────────┼────────────────┼───────┼──────────────────┤
 │  │ 0x375  │ 0x1    │ interpreter    │ R     │ .interp          │
 │  ├────────┼────────┼────────────────┼───────┼──────────────────┤
 │  │ 0x0    │ 0x1000 │ program        │ R     │ <elf header>     │
 │  │        │        │                │       │ <program header> │
 │  │        │        │                │       │ .dynstr          │
 │  │        │        │                │       │ .dynsym          │
 │  │        │        │                │       │ .hash            │
 │  │        │        │                │       │ .dynamic         │
 │  │        │        │                │       │ .rela.got        │
 │  │        │        │                │       │ .interp          │
 │  ├────────┼────────┼────────────────┼───────┼──────────────────┤
 │  │ 0x1000 │ 0x1000 │ program        │ R     │ .rodata          │
 │  │        │        │                │       │ .eh_frame        │
 │  ├────────┼────────┼────────────────┼───────┼──────────────────┤
 │  │ 0x2000 │ 0x1000 │ program        │ RX    │ .text#0          │
 │  │        │        │                │       │ .text#1          │
 │  ├────────┼────────┼────────────────┼───────┼──────────────────┤
 │  │ 0x3000 │ 0x1000 │ program        │ RW    │ .got             │
 │  │        │        │                │       │ .got.plt         │
 │  ├────────┼────────┼────────────────┼───────┼──────────────────┤
 │  │ 0x2a5  │ 0x8    │ dynamic        │ R     │ .dynamic         │
 │  ├────────┼────────┼────────────────┼───────┼──────────────────┤
 │  │ -      │ 0x1    │ GNU stack      │ RW    │                  │
 │  ├────────┼────────┼────────────────┼───────┼──────────────────┤
 │  │ 0x3000 │ 0x1    │ GNU relro      │ R     │ .got             │
 │  ╰────────┴────────┴────────────────┴───────┴──────────────────╯
 │
 │    deduplication facade .comment#1 in hello.o
 │  ╭──────┬──────────────────╮
 │  │ From │ To               │
 │  ├──────┼──────────────────┤
 │  │ 0x0  │ .comment#0 + 0x0 │
 │  ├──────┼──────────────────┤
 │  │ 0x1  │ .comment#0 + 0x1 │
 │  ╰──────┴──────────────────╯
 │
 │    deduplication facade .comment#2 in <plinky>
 │  ╭──────┬───────────────────╮
 │  │ From │ To                │
 │  ├──────┼───────────────────┤
 │  │ 0x0  │ .comment#0 + 0x13 │
 │  ╰──────┴───────────────────╯
 ┴

debug print: built elf
 │
 │    Segments:
 │  ╭───────────────────────────┬───────┬──────────┬─────────────┬──────────┬────────────────┬────────────╮
 │  │ Type                      │ Perms │ Aligment │ File offset │ File len │ Memory address │ Memory len │
 │  ├───────────────────────────┼───────┼──────────┼─────────────┼──────────┼────────────────┼────────────┤
 │  │ Program header table      │ R     │ 0x1000   │ 0x40        │ 0x1f8    │ 0x40           │ 0x1f8      │
 │  ├───────────────────────────┼───────┼──────────┼─────────────┼──────────┼────────────────┼────────────┤
 │  │ Interpreter               │ R     │ 0x1      │ 0x375       │ 0x53     │ 0x375          │ 0x53       │
 │  ├───────────────────────────┼───────┼──────────┼─────────────┼──────────┼────────────────┼────────────┤
 │  │ Load                      │ R     │ 0x1000   │ 0x0         │ 0x3c8    │ 0x0            │ 0x3c8      │
 │  ├───────────────────────────┼───────┼──────────┼─────────────┼──────────┼────────────────┼────────────┤
 │  │ Load                      │ R     │ 0x1000   │ 0x1000      │ 0x45     │ 0x1000         │ 0x45       │
 │  ├───────────────────────────┼───────┼──────────┼─────────────┼──────────┼────────────────┼────────────┤
 │  │ Load                      │ R X   │ 0x1000   │ 0x2000      │ 0x4b     │ 0x2000         │ 0x4b       │
 │  ├───────────────────────────┼───────┼──────────┼─────────────┼──────────┼────────────────┼────────────┤
 │  │ Load                      │ RW    │ 0x1000   │ 0x3000      │ 0x28     │ 0x3000         │ 0x28       │
 │  ├───────────────────────────┼───────┼──────────┼─────────────┼──────────┼────────────────┼────────────┤
 │  │ Dynamic                   │ R     │ 0x8      │ 0x2a5       │ 0xa0     │ 0x2a5          │ 0xa0       │
 │  ├───────────────────────────┼───────┼──────────┼─────────────┼──────────┼────────────────┼────────────┤
 │  │ GNU stack                 │ RW    │ 0x1      │ 0x0         │ 0x0      │ 0x0            │ 0x0        │
 │  ├───────────────────────────┼───────┼──────────┼─────────────┼──────────┼────────────────┼────────────┤
 │  │ GNU relocations read-only │ R     │ 0x1      │ 0x3000      │ 0x10     │ 0x3000         │ 0x10       │
 │  ╰───────────────────────────┴───────┴──────────┴─────────────┴──────────┴────────────────┴────────────╯
 ┴

==============

running exited with exit status: 0

=== stdout ===
Hello world

no stderr present
