---
source: plinky_test_harness/src/utils.rs
---
linking exited with exit status: 0

no stdout present

=== stderr ===
debug print: loaded object
 │
 │  section .text#3 (perms: rx) in hello.o
 │   │
 │   │  ╭─────────────────────────────────────────────────┬──────────────────╮
 │   │  │ 55 89 e5 53 83 ec 04 e8 fc ff ff ff 81 c3 02 00 │ U..S............ │
 │   │  │ 00 00 83 ec 04 6a 0c 8d 83 00 00 00 00 50 6a 01 │ .....j.......Pj. │
 │   │  │ e8 fc ff ff ff 83 c4 10 83 ec 0c 6a 00 e8 fc ff │ ...........j.... │
 │   │  │ ff ff                                           │ ..               │
 │   │  ╰─────────────────────────────────────────────────┴──────────────────╯
 │   │
 │   │    Relocations:
 │   │  ╭───────────────────────┬─────────────────────────┬────────┬────────╮
 │   │  │ Type                  │ Symbol                  │ Offset │ Addend │
 │   │  ├───────────────────────┼─────────────────────────┼────────┼────────┤
 │   │  │ Relative32            │ __x86.get_pc_thunk.bx#8 │ 0x8    │        │
 │   │  ├───────────────────────┼─────────────────────────┼────────┼────────┤
 │   │  │ GOTLocationRelative32 │ _GLOBAL_OFFSET_TABLE_#9 │ 0xe    │        │
 │   │  ├───────────────────────┼─────────────────────────┼────────┼────────┤
 │   │  │ OffsetFromGOT32       │ <section .rodata#7>     │ 0x19   │        │
 │   │  ├───────────────────────┼─────────────────────────┼────────┼────────┤
 │   │  │ PLT32                 │ write#10                │ 0x21   │        │
 │   │  ├───────────────────────┼─────────────────────────┼────────┼────────┤
 │   │  │ PLT32                 │ exit#11                 │ 0x2e   │        │
 │   │  ╰───────────────────────┴─────────────────────────┴────────┴────────╯
 │   ┴
 │
 │  section .text#18 (perms: rx) in syscalls.o
 │   │
 │   │  ╭─────────────────────────────────────────────────┬──────────────────╮
 │   │  │ 50 53 51 b8 04 00 00 00 8b 5c 24 10 8b 4c 24 14 │ PSQ......\$..L$. │
 │   │  │ 8b 54 24 18 cd 80 59 5b 58 c3 b8 01 00 00 00 8b │ .T$...Y[X....... │
 │   │  │ 5c 24 04 cd 80                                  │ \$...            │
 │   │  ╰─────────────────────────────────────────────────┴──────────────────╯
 │   ┴
 ┴

debug print: calculated layout
 │
 │    Layout:
 │  ╭───────────────────────────────┬─────────────┬─────────────┬────────────────┬───────────────╮
 │  │ Part                          │ File offset │ File length │ Memory address │ Memory length │
 │  ├───────────────────────────────┼─────────────┼─────────────┼────────────────┼───────────────┤
 │  │ <elf header>                  │ 0x0         │ 0x34        │ 0x0            │ 0x34          │
 │  ├───────────────────────────────┼─────────────┼─────────────┼────────────────┼───────────────┤
 │  │ <program header>              │ 0x34        │ 0x100       │ 0x34           │ 0x100         │
 │  ├───────────────────────────────┼─────────────┼─────────────┼────────────────┼───────────────┤
 │  │ .dynstr#27                    │ 0x134       │ 0xd         │ 0x134          │ 0xd           │
 │  ├───────────────────────────────┼─────────────┼─────────────┼────────────────┼───────────────┤
 │  │ .dynsym#28                    │ 0x141       │ 0x30        │ 0x141          │ 0x30          │
 │  ├───────────────────────────────┼─────────────┼─────────────┼────────────────┼───────────────┤
 │  │ .hash#29                      │ 0x171       │ 0x18        │ 0x171          │ 0x18          │
 │  ├───────────────────────────────┼─────────────┼─────────────┼────────────────┼───────────────┤
 │  │ .dynamic#30                   │ 0x189       │ 0x58        │ 0x189          │ 0x58          │
 │  ├───────────────────────────────┼─────────────┼─────────────┼────────────────┼───────────────┤
 │  │ .rela.plt#33                  │ 0x1e1       │ 0x18        │ 0x1e1          │ 0x18          │
 │  ├───────────────────────────────┼─────────────┼─────────────┼────────────────┼───────────────┤
 │  │ .interp#35                    │ 0x1f9       │ 0x13        │ 0x1f9          │ 0x13          │
 │  ├───────────────────────────────┼─────────────┼─────────────┼────────────────┼───────────────┤
 │  │ <section header>              │ 0x20c       │ 0x2f8       │ -              │ -             │
 │  ├───────────────────────────────┼─────────────┼─────────────┼────────────────┼───────────────┤
 │  │ .shstrtab#0                   │ 0x504       │ 0xa2        │ -              │ -             │
 │  ├───────────────────────────────┼─────────────┼─────────────┼────────────────┼───────────────┤
 │  │ .strtab#24                    │ 0x5a6       │ 0x51        │ -              │ -             │
 │  ├───────────────────────────────┼─────────────┼─────────────┼────────────────┼───────────────┤
 │  │ .symtab#25                    │ 0x5f7       │ 0x80        │ -              │ -             │
 │  ├───────────────────────────────┼─────────────┼─────────────┼────────────────┼───────────────┤
 │  │ .comment#26                   │ 0x677       │ 0x3b        │ -              │ -             │
 │  ├───────────────────────────────┼─────────────┼─────────────┼────────────────┼───────────────┤
 │  │ <padding>                     │ 0x6b2       │ 0x94e       │ -              │ -             │
 │  ├───────────────────────────────┼─────────────┼─────────────┼────────────────┼───────────────┤
 │  │ .rodata#7                     │ 0x1000      │ 0xd         │ 0x1000         │ 0xd           │
 │  ├───────────────────────────────┼─────────────┼─────────────┼────────────────┼───────────────┤
 │  │ .eh_frame#11                  │ 0x100d      │ 0x48        │ 0x100d         │ 0x48          │
 │  ├───────────────────────────────┼─────────────┼─────────────┼────────────────┼───────────────┤
 │  │ <padding>                     │ 0x1055      │ 0xfab       │ -              │ -             │
 │  ├───────────────────────────────┼─────────────┼─────────────┼────────────────┼───────────────┤
 │  │ .text#3                       │ 0x2000      │ 0x32        │ 0x2000         │ 0x32          │
 │  ├───────────────────────────────┼─────────────┼─────────────┼────────────────┼───────────────┤
 │  │ .text.__x86.get_pc_thunk.bx#8 │ 0x2032      │ 0x4         │ 0x2032         │ 0x4           │
 │  ├───────────────────────────────┼─────────────┼─────────────┼────────────────┼───────────────┤
 │  │ .text#18                      │ 0x2036      │ 0x25        │ 0x2036         │ 0x25          │
 │  ├───────────────────────────────┼─────────────┼─────────────┼────────────────┼───────────────┤
 │  │ .plt#34                       │ 0x205b      │ 0x30        │ 0x205b         │ 0x30          │
 │  ├───────────────────────────────┼─────────────┼─────────────┼────────────────┼───────────────┤
 │  │ <padding>                     │ 0x208b      │ 0xf75       │ -              │ -             │
 │  ├───────────────────────────────┼─────────────┼─────────────┼────────────────┼───────────────┤
 │  │ .got#31                       │ 0x3000      │ 0x0         │ 0x3000         │ 0x0           │
 │  ├───────────────────────────────┼─────────────┼─────────────┼────────────────┼───────────────┤
 │  │ .got.plt#32                   │ 0x3000      │ 0x14        │ 0x3000         │ 0x14          │
 │  ╰───────────────────────────────┴─────────────┴─────────────┴────────────────┴───────────────╯
 │
 │    Segments:
 │  ╭────────┬────────┬────────────────┬───────┬───────────────────────────────╮
 │  │ Start  │ Align  │ Type           │ Perms │ Content                       │
 │  ├────────┼────────┼────────────────┼───────┼───────────────────────────────┤
 │  │ 0x34   │ 0x1000 │ program header │ R     │ <program header>              │
 │  ├────────┼────────┼────────────────┼───────┼───────────────────────────────┤
 │  │ 0x1f9  │ 0x1    │ interpreter    │ R     │ .interp#35                    │
 │  ├────────┼────────┼────────────────┼───────┼───────────────────────────────┤
 │  │ 0x0    │ 0x1000 │ program        │ R     │ <elf header>                  │
 │  │        │        │                │       │ <program header>              │
 │  │        │        │                │       │ .dynstr#27                    │
 │  │        │        │                │       │ .dynsym#28                    │
 │  │        │        │                │       │ .hash#29                      │
 │  │        │        │                │       │ .dynamic#30                   │
 │  │        │        │                │       │ .rela.plt#33                  │
 │  │        │        │                │       │ .interp#35                    │
 │  ├────────┼────────┼────────────────┼───────┼───────────────────────────────┤
 │  │ 0x1000 │ 0x1000 │ program        │ R     │ .rodata#7                     │
 │  │        │        │                │       │ .eh_frame#11                  │
 │  ├────────┼────────┼────────────────┼───────┼───────────────────────────────┤
 │  │ 0x2000 │ 0x1000 │ program        │ RX    │ .text#3                       │
 │  │        │        │                │       │ .text.__x86.get_pc_thunk.bx#8 │
 │  │        │        │                │       │ .text#18                      │
 │  │        │        │                │       │ .plt#34                       │
 │  ├────────┼────────┼────────────────┼───────┼───────────────────────────────┤
 │  │ 0x3000 │ 0x1000 │ program        │ RW    │ .got#31                       │
 │  │        │        │                │       │ .got.plt#32                   │
 │  ├────────┼────────┼────────────────┼───────┼───────────────────────────────┤
 │  │ 0x189  │ 0x4    │ dynamic        │ R     │ .dynamic#30                   │
 │  ├────────┼────────┼────────────────┼───────┼───────────────────────────────┤
 │  │ -      │ 0x1    │ GNU stack      │ RW    │                               │
 │  ╰────────┴────────┴────────────────┴───────┴───────────────────────────────╯
 │
 │    deduplication facade .comment#9 in hello.o
 │  ╭──────┬───────────────────╮
 │  │ From │ To                │
 │  ├──────┼───────────────────┤
 │  │ 0x0  │ .comment#26 + 0x0 │
 │  ├──────┼───────────────────┤
 │  │ 0x1  │ .comment#26 + 0x1 │
 │  ╰──────┴───────────────────╯
 │
 │    deduplication facade .comment#16 in <plinky>
 │  ╭──────┬────────────────────╮
 │  │ From │ To                 │
 │  ├──────┼────────────────────┤
 │  │ 0x0  │ .comment#26 + 0x2c │
 │  ╰──────┴────────────────────╯
 ┴

debug print: object after relocations are applied
 │
 │  section .got#31 (perms: rw) in <plinky>
 │   │
 │   │  address: 0x3000
 │   │
 │   │  ╭──┬──╮
 │   │  │  │  │
 │   │  ╰──┴──╯
 │   ┴
 │
 │  section .got.plt#32 (perms: rw) in <plinky>
 │   │
 │   │  address: 0x3000
 │   │
 │   │  ╭─────────────────────────────────────────────────┬──────────────────╮
 │   │  │ 89 01 00 00 00 00 00 00 00 00 00 00 71 20 00 00 │ ............q .. │
 │   │  │ 81 20 00 00                                     │ . ..             │
 │   │  ╰─────────────────────────────────────────────────┴──────────────────╯
 │   ┴
 │
 │  section .interp#35 (perms: r) in <plinky>
 │   │
 │   │  address: 0x1f9
 │   │
 │   │  ╭─────────────────────────────────────────────────┬──────────────────╮
 │   │  │ 2f 6c 69 62 2f 6c 64 2d 6c 69 6e 75 78 2e 73 6f │ /lib/ld-linux.so │
 │   │  │ 2e 32 00                                        │ .2.              │
 │   │  ╰─────────────────────────────────────────────────┴──────────────────╯
 │   ┴
 │
 │  section .plt#34 (perms: rx) in <plinky>
 │   │
 │   │  address: 0x205b
 │   │
 │   │  ╭─────────────────────────────────────────────────┬──────────────────╮
 │   │  │ ff b3 04 00 00 00 ff a3 08 00 00 00 90 90 90 90 │ ................ │
 │   │  │ ff a3 0c 00 00 00 68 00 00 00 00 e9 e0 ff ff ff │ ......h......... │
 │   │  │ ff a3 10 00 00 00 68 01 00 00 00 e9 d0 ff ff ff │ ......h......... │
 │   │  ╰─────────────────────────────────────────────────┴──────────────────╯
 │   ┴
 │
 │  section .text#3 (perms: rx) in hello.o
 │   │
 │   │  address: 0x2000
 │   │
 │   │  ╭─────────────────────────────────────────────────┬──────────────────╮
 │   │  │ 55 89 e5 53 83 ec 04 e8 26 00 00 00 81 c3 f4 0f │ U..S....&....... │
 │   │  │ 00 00 83 ec 04 6a 0c 8d 83 00 e0 ff ff 50 6a 01 │ .....j.......Pj. │
 │   │  │ e8 46 00 00 00 83 c4 10 83 ec 0c 6a 00 e8 49 00 │ .F.........j..I. │
 │   │  │ 00 00                                           │ ..               │
 │   │  ╰─────────────────────────────────────────────────┴──────────────────╯
 │   ┴
 │
 │  section .text#18 (perms: rx) in syscalls.o
 │   │
 │   │  address: 0x2036
 │   │
 │   │  ╭─────────────────────────────────────────────────┬──────────────────╮
 │   │  │ 50 53 51 b8 04 00 00 00 8b 5c 24 10 8b 4c 24 14 │ PSQ......\$..L$. │
 │   │  │ 8b 54 24 18 cd 80 59 5b 58 c3 b8 01 00 00 00 8b │ .T$...Y[X....... │
 │   │  │ 5c 24 04 cd 80                                  │ \$...            │
 │   │  ╰─────────────────────────────────────────────────┴──────────────────╯
 │   ┴
 │
 │    Symbols:
 │  ╭─────────────────────────────────────────┬──────────┬────────────┬────────────┬─────────────────────────────────────╮
 │  │ Name                                    │ Type     │ Source     │ Visibility │ Value                               │
 │  ├─────────────────────────────────────────┼──────────┼────────────┼────────────┼─────────────────────────────────────┤
 │  │ <symbol#0>                              │ none     │ <plinky>   │ local      │ <null>                              │
 │  ├─────────────────────────────────────────┼──────────┼────────────┼────────────┼─────────────────────────────────────┤
 │  │ <section .text#3>                       │ section  │ hello.o    │ local      │ .text#3 + 0x0                       │
 │  ├─────────────────────────────────────────┼──────────┼────────────┼────────────┼─────────────────────────────────────┤
 │  │ <section .rodata#7>                     │ section  │ hello.o    │ local      │ .rodata#7 + 0x0                     │
 │  ├─────────────────────────────────────────┼──────────┼────────────┼────────────┼─────────────────────────────────────┤
 │  │ <section .text.__x86.get_pc_thunk.bx#8> │ section  │ hello.o    │ local      │ .text.__x86.get_pc_thunk.bx#8 + 0x0 │
 │  ├─────────────────────────────────────────┼──────────┼────────────┼────────────┼─────────────────────────────────────┤
 │  │ <section .plt#34>                       │ section  │ <plinky>   │ local      │ .plt#34 + 0x0                       │
 │  ├─────────────────────────────────────────┼──────────┼────────────┼────────────┼─────────────────────────────────────┤
 │  │ _DYNAMIC#16                             │ none     │ <plinky>   │ local      │ .dynamic#30 + 0x0                   │
 │  ├─────────────────────────────────────────┼──────────┼────────────┼────────────┼─────────────────────────────────────┤
 │  │ _GLOBAL_OFFSET_TABLE_#9                 │ none     │ <plinky>   │ local      │ .got.plt#32 + 0x0                   │
 │  ├─────────────────────────────────────────┼──────────┼────────────┼────────────┼─────────────────────────────────────┤
 │  │ __x86.get_pc_thunk.bx#8                 │ function │ hello.o    │ local      │ .text.__x86.get_pc_thunk.bx#8 + 0x0 │
 │  ├─────────────────────────────────────────┼──────────┼────────────┼────────────┼─────────────────────────────────────┤
 │  │ _start#1                                │ function │ hello.o    │ global     │ .text#3 + 0x0                       │
 │  ├─────────────────────────────────────────┼──────────┼────────────┼────────────┼─────────────────────────────────────┤
 │  │ exit#11                                 │ none     │ syscalls.o │ global     │ .text#18 + 0x1a                     │
 │  ├─────────────────────────────────────────┼──────────┼────────────┼────────────┼─────────────────────────────────────┤
 │  │ write#10                                │ none     │ syscalls.o │ global     │ .text#18 + 0x0                      │
 │  ╰─────────────────────────────────────────┴──────────┴────────────┴────────────┴─────────────────────────────────────╯
 │
 │    Dynamic symbols:
 │  ╭────────────┬──────┬────────────┬────────────┬─────────────────╮
 │  │ Name       │ Type │ Source     │ Visibility │ Value           │
 │  ├────────────┼──────┼────────────┼────────────┼─────────────────┤
 │  │ <symbol#0> │ none │ <plinky>   │ local      │ <null>          │
 │  ├────────────┼──────┼────────────┼────────────┼─────────────────┤
 │  │ exit#11    │ none │ syscalls.o │ global     │ .text#18 + 0x1a │
 │  ├────────────┼──────┼────────────┼────────────┼─────────────────┤
 │  │ write#10   │ none │ syscalls.o │ global     │ .text#18 + 0x0  │
 │  ╰────────────┴──────┴────────────┴────────────┴─────────────────╯
 ┴

debug print: built elf
 │
 │    Metadata:
 │  ╭────────────┬───────────────╮
 │  │ Class      │ ELF 32bit     │
 │  ├────────────┼───────────────┤
 │  │ Endian     │ Little        │
 │  ├────────────┼───────────────┤
 │  │ ABI        │ System V      │
 │  ├────────────┼───────────────┤
 │  │ Machine    │ x86           │
 │  ├────────────┼───────────────┤
 │  │ Type       │ Shared object │
 │  ├────────────┼───────────────┤
 │  │ Entrypoint │ 0x2000        │
 │  ╰────────────┴───────────────╯
 │
 │  section .dynstr#10 (address: 0x134)
 │   │
 │   │    Strings table:
 │   │  ╭─────┬───────╮
 │   │  │ 0x0 │       │
 │   │  ├─────┼───────┤
 │   │  │ 0x1 │       │
 │   │  ├─────┼───────┤
 │   │  │ 0x2 │ write │
 │   │  ├─────┼───────┤
 │   │  │ 0x8 │ exit  │
 │   │  ╰─────┴───────╯
 │   ┴
 │
 │  section .dynsym#11 (address: 0x141)
 │   │
 │   │    Dynamic symbol table:
 │   │  ╭─────────┬─────────┬──────┬────────────┬────────────┬────────┬──────╮
 │   │  │ Name    │ Binding │ Type │ Visibility │ Definition │ Value  │ Size │
 │   │  ├─────────┼─────────┼──────┼────────────┼────────────┼────────┼──────┤
 │   │  │ #8      │ Local   │ -    │ Default    │ Undefined  │ 0x0    │ 0x0  │
 │   │  ├─────────┼─────────┼──────┼────────────┼────────────┼────────┼──────┤
 │   │  │ write#9 │ Global  │ -    │ Default    │ .text#6    │ 0x2036 │ 0x0  │
 │   │  ├─────────┼─────────┼──────┼────────────┼────────────┼────────┼──────┤
 │   │  │ exit#10 │ Global  │ -    │ Default    │ .text#6    │ 0x2050 │ 0x0  │
 │   │  ╰─────────┴─────────┴──────┴────────────┴────────────┴────────┴──────╯
 │   ┴
 │
 │  section .hash#12 (address: 0x171)
 │   │
 │   │  Hash table for .dynsym#11
 │   │
 │   │    Content:
 │   │  ╭───────────┬───────────────────╮
 │   │  │ Bucket ID │ Symbols in bucket │
 │   │  ├───────────┼───────────────────┤
 │   │  │ 0         │ exit#10           │
 │   │  │           │ write#9           │
 │   │  ╰───────────┴───────────────────╯
 │   ┴
 │
 │  section .dynamic#13 (address: 0x189)
 │   │
 │   │  dynamic information | string table: .dynstr#10
 │   │
 │   │  ╭─────────────────────────┬────────────────╮
 │   │  │ Kind                    │ Value          │
 │   │  ├─────────────────────────┼────────────────┤
 │   │  │ String table            │ address 0x134  │
 │   │  ├─────────────────────────┼────────────────┤
 │   │  │ String table size       │ 13 bytes       │
 │   │  ├─────────────────────────┼────────────────┤
 │   │  │ Symbol table            │ address 0x141  │
 │   │  ├─────────────────────────┼────────────────┤
 │   │  │ Symbol table entry size │ 16 bytes       │
 │   │  ├─────────────────────────┼────────────────┤
 │   │  │ Hash table              │ address 0x171  │
 │   │  ├─────────────────────────┼────────────────┤
 │   │  │ Jump PLT relocations    │ address 0x1e1  │
 │   │  ├─────────────────────────┼────────────────┤
 │   │  │ PLT relocations size    │ 24 bytes       │
 │   │  ├─────────────────────────┼────────────────┤
 │   │  │ PLT relocations type    │ RelocationsA   │
 │   │  ├─────────────────────────┼────────────────┤
 │   │  │ PLT GOT                 │ address 0x3000 │
 │   │  ├─────────────────────────┼────────────────┤
 │   │  │ Flags1                  │ pie            │
 │   │  ├─────────────────────────┼────────────────┤
 │   │  │ Null                    │ -              │
 │   │  ╰─────────────────────────┴────────────────╯
 │   ┴
 │
 │  section .rela.plt#16 (address: 0x1e1)
 │   │
 │   │  symbol table:       .dynsym#11
 │   │  applies to section: .got.plt#15
 │   │
 │   │    Relocations:
 │   │  ╭──────────────┬─────────┬────────┬────────╮
 │   │  │ Type         │ Symbol  │ Offset │ Addend │
 │   │  ├──────────────┼─────────┼────────┼────────┤
 │   │  │ X86_JumpSlot │ write#9 │ 0x300c │ 0x0    │
 │   │  ├──────────────┼─────────┼────────┼────────┤
 │   │  │ X86_JumpSlot │ exit#10 │ 0x3010 │ 0x0    │
 │   │  ╰──────────────┴─────────┴────────┴────────╯
 │   ┴
 │
 │  section .interp#18 (address: 0x1f9)
 │   │
 │   │  program data | permissions: R
 │   │
 │   │  ╭─────────────────────────────────────────────────┬──────────────────╮
 │   │  │ 2f 6c 69 62 2f 6c 64 2d 6c 69 6e 75 78 2e 73 6f │ /lib/ld-linux.so │
 │   │  │ 2e 32 00                                        │ .2.              │
 │   │  ╰─────────────────────────────────────────────────┴──────────────────╯
 │   ┴
 │
 │    Segments:
 │  ╭──────────────────────┬───────┬──────────┬─────────────┬──────────┬────────────────┬────────────╮
 │  │ Type                 │ Perms │ Aligment │ File offset │ File len │ Memory address │ Memory len │
 │  ├──────────────────────┼───────┼──────────┼─────────────┼──────────┼────────────────┼────────────┤
 │  │ Program header table │ R     │ 0x1000   │ 0x34        │ 0x100    │ 0x34           │ 0x100      │
 │  ├──────────────────────┼───────┼──────────┼─────────────┼──────────┼────────────────┼────────────┤
 │  │ Interpreter          │ R     │ 0x1      │ 0x1f9       │ 0x13     │ 0x1f9          │ 0x13       │
 │  ├──────────────────────┼───────┼──────────┼─────────────┼──────────┼────────────────┼────────────┤
 │  │ Load                 │ R     │ 0x1000   │ 0x0         │ 0x20c    │ 0x0            │ 0x20c      │
 │  ├──────────────────────┼───────┼──────────┼─────────────┼──────────┼────────────────┼────────────┤
 │  │ Load                 │ R     │ 0x1000   │ 0x1000      │ 0x55     │ 0x1000         │ 0x55       │
 │  ├──────────────────────┼───────┼──────────┼─────────────┼──────────┼────────────────┼────────────┤
 │  │ Load                 │ R X   │ 0x1000   │ 0x2000      │ 0x8b     │ 0x2000         │ 0x8b       │
 │  ├──────────────────────┼───────┼──────────┼─────────────┼──────────┼────────────────┼────────────┤
 │  │ Load                 │ RW    │ 0x1000   │ 0x3000      │ 0x14     │ 0x3000         │ 0x14       │
 │  ├──────────────────────┼───────┼──────────┼─────────────┼──────────┼────────────────┼────────────┤
 │  │ Dynamic              │ R     │ 0x4      │ 0x189       │ 0x58     │ 0x189          │ 0x58       │
 │  ├──────────────────────┼───────┼──────────┼─────────────┼──────────┼────────────────┼────────────┤
 │  │ GNU stack            │ RW    │ 0x1      │ 0x0         │ 0x0      │ 0x0            │ 0x0        │
 │  ╰──────────────────────┴───────┴──────────┴─────────────┴──────────┴────────────────┴────────────╯
 ┴

==============

running exited with exit status: 0

=== stdout ===
Hello world

no stderr present
