---
source: plinky_test_harness/src/utils.rs
---
linking exited with exit status: 0

no stdout present

=== stderr ===
debug print: loaded object
 │
 │  section .text#3 (perms: rx) in hello.o
 │   │
 │   │  ╭─────────────────────────────────────────────────┬──────────────────╮
 │   │  │ 55 89 e5 53 83 ec 04 e8 fc ff ff ff 81 c3 02 00 │ U..S............ │
 │   │  │ 00 00 83 ec 04 6a 0c 8d 83 00 00 00 00 50 6a 01 │ .....j.......Pj. │
 │   │  │ ff 93 00 00 00 00 83 c4 10 83 ec 0c 6a 00 ff 93 │ ............j... │
 │   │  │ 00 00 00 00                                     │ ....             │
 │   │  ╰─────────────────────────────────────────────────┴──────────────────╯
 │   │
 │   │    Relocations:
 │   │  ╭───────────────────────┬─────────────────────────┬────────┬────────╮
 │   │  │ Type                  │ Symbol                  │ Offset │ Addend │
 │   │  ├───────────────────────┼─────────────────────────┼────────┼────────┤
 │   │  │ Relative32            │ __x86.get_pc_thunk.bx#8 │ 0x8    │        │
 │   │  ├───────────────────────┼─────────────────────────┼────────┼────────┤
 │   │  │ GOTLocationRelative32 │ _GLOBAL_OFFSET_TABLE_#9 │ 0xe    │        │
 │   │  ├───────────────────────┼─────────────────────────┼────────┼────────┤
 │   │  │ OffsetFromGOT32       │ <section .rodata#7>     │ 0x19   │        │
 │   │  ├───────────────────────┼─────────────────────────┼────────┼────────┤
 │   │  │ GOTIndex32            │ write#10                │ 0x22   │        │
 │   │  ├───────────────────────┼─────────────────────────┼────────┼────────┤
 │   │  │ GOTIndex32            │ exit#11                 │ 0x30   │        │
 │   │  ╰───────────────────────┴─────────────────────────┴────────┴────────╯
 │   ┴
 │
 │  section .text#18 (perms: rx) in syscalls.o
 │   │
 │   │  ╭─────────────────────────────────────────────────┬──────────────────╮
 │   │  │ 50 53 51 b8 04 00 00 00 8b 5c 24 10 8b 4c 24 14 │ PSQ......\$..L$. │
 │   │  │ 8b 54 24 18 cd 80 59 5b 58 c3 b8 01 00 00 00 8b │ .T$...Y[X....... │
 │   │  │ 5c 24 04 cd 80                                  │ \$...            │
 │   │  ╰─────────────────────────────────────────────────┴──────────────────╯
 │   ┴
 ┴

debug print: calculated layout
 │
 │    Layout:
 │  ╭───────────────────────────────┬─────────────┬─────────────┬────────────────┬───────────────╮
 │  │ Part                          │ File offset │ File length │ Memory address │ Memory length │
 │  ├───────────────────────────────┼─────────────┼─────────────┼────────────────┼───────────────┤
 │  │ <elf header>                  │ 0x0         │ 0x34        │ 0x0            │ 0x34          │
 │  ├───────────────────────────────┼─────────────┼─────────────┼────────────────┼───────────────┤
 │  │ <program header>              │ 0x34        │ 0x100       │ 0x34           │ 0x100         │
 │  ├───────────────────────────────┼─────────────┼─────────────┼────────────────┼───────────────┤
 │  │ .interp#27                    │ 0x134       │ 0x13        │ 0x134          │ 0x13          │
 │  ├───────────────────────────────┼─────────────┼─────────────┼────────────────┼───────────────┤
 │  │ .dynstr#28                    │ 0x147       │ 0xd         │ 0x147          │ 0xd           │
 │  ├───────────────────────────────┼─────────────┼─────────────┼────────────────┼───────────────┤
 │  │ .dynsym#29                    │ 0x154       │ 0x30        │ 0x154          │ 0x30          │
 │  ├───────────────────────────────┼─────────────┼─────────────┼────────────────┼───────────────┤
 │  │ .hash#30                      │ 0x184       │ 0x18        │ 0x184          │ 0x18          │
 │  ├───────────────────────────────┼─────────────┼─────────────┼────────────────┼───────────────┤
 │  │ .dynamic#31                   │ 0x19c       │ 0x50        │ 0x19c          │ 0x50          │
 │  ├───────────────────────────────┼─────────────┼─────────────┼────────────────┼───────────────┤
 │  │ .rela.got#33                  │ 0x1ec       │ 0x18        │ 0x1ec          │ 0x18          │
 │  ├───────────────────────────────┼─────────────┼─────────────┼────────────────┼───────────────┤
 │  │ <section header>              │ 0x204       │ 0x2a8       │ -              │ -             │
 │  ├───────────────────────────────┼─────────────┼─────────────┼────────────────┼───────────────┤
 │  │ .shstrtab#0                   │ 0x4ac       │ 0x94        │ -              │ -             │
 │  ├───────────────────────────────┼─────────────┼─────────────┼────────────────┼───────────────┤
 │  │ .strtab#24                    │ 0x540       │ 0x48        │ -              │ -             │
 │  ├───────────────────────────────┼─────────────┼─────────────┼────────────────┼───────────────┤
 │  │ .symtab#25                    │ 0x588       │ 0x70        │ -              │ -             │
 │  ├───────────────────────────────┼─────────────┼─────────────┼────────────────┼───────────────┤
 │  │ .comment#26                   │ 0x5f8       │ 0x3b        │ -              │ -             │
 │  ├───────────────────────────────┼─────────────┼─────────────┼────────────────┼───────────────┤
 │  │ <padding>                     │ 0x633       │ 0x9cd       │ -              │ -             │
 │  ├───────────────────────────────┼─────────────┼─────────────┼────────────────┼───────────────┤
 │  │ .rodata#7                     │ 0x1000      │ 0xd         │ 0x1000         │ 0xd           │
 │  ├───────────────────────────────┼─────────────┼─────────────┼────────────────┼───────────────┤
 │  │ .eh_frame#11                  │ 0x100d      │ 0x48        │ 0x100d         │ 0x48          │
 │  ├───────────────────────────────┼─────────────┼─────────────┼────────────────┼───────────────┤
 │  │ <padding>                     │ 0x1055      │ 0xfab       │ -              │ -             │
 │  ├───────────────────────────────┼─────────────┼─────────────┼────────────────┼───────────────┤
 │  │ .text#3                       │ 0x2000      │ 0x34        │ 0x2000         │ 0x34          │
 │  ├───────────────────────────────┼─────────────┼─────────────┼────────────────┼───────────────┤
 │  │ .text.__x86.get_pc_thunk.bx#8 │ 0x2034      │ 0x4         │ 0x2034         │ 0x4           │
 │  ├───────────────────────────────┼─────────────┼─────────────┼────────────────┼───────────────┤
 │  │ .text#18                      │ 0x2038      │ 0x25        │ 0x2038         │ 0x25          │
 │  ├───────────────────────────────┼─────────────┼─────────────┼────────────────┼───────────────┤
 │  │ <padding>                     │ 0x205d      │ 0xfa3       │ -              │ -             │
 │  ├───────────────────────────────┼─────────────┼─────────────┼────────────────┼───────────────┤
 │  │ .got#32                       │ 0x3000      │ 0x8         │ 0x3000         │ 0x8           │
 │  ╰───────────────────────────────┴─────────────┴─────────────┴────────────────┴───────────────╯
 │
 │    Segments:
 │  ╭────────┬────────┬────────────────┬───────┬───────────────────────────────╮
 │  │ Start  │ Align  │ Type           │ Perms │ Content                       │
 │  ├────────┼────────┼────────────────┼───────┼───────────────────────────────┤
 │  │ -      │ 0x1    │ GNU stack      │ RW    │                               │
 │  ├────────┼────────┼────────────────┼───────┼───────────────────────────────┤
 │  │ 0x134  │ 0x1    │ interpreter    │ R     │ .interp#27                    │
 │  ├────────┼────────┼────────────────┼───────┼───────────────────────────────┤
 │  │ 0x0    │ 0x1000 │ program        │ R     │ <elf header>                  │
 │  │        │        │                │       │ <program header>              │
 │  │        │        │                │       │ .interp#27                    │
 │  │        │        │                │       │ .dynstr#28                    │
 │  │        │        │                │       │ .dynsym#29                    │
 │  │        │        │                │       │ .hash#30                      │
 │  │        │        │                │       │ .dynamic#31                   │
 │  │        │        │                │       │ .rela.got#33                  │
 │  ├────────┼────────┼────────────────┼───────┼───────────────────────────────┤
 │  │ 0x19c  │ 0x4    │ dynamic        │ R     │ .dynamic#31                   │
 │  ├────────┼────────┼────────────────┼───────┼───────────────────────────────┤
 │  │ 0x34   │ 0x1000 │ program header │ R     │ <program header>              │
 │  ├────────┼────────┼────────────────┼───────┼───────────────────────────────┤
 │  │ 0x1000 │ 0x1000 │ program        │ R     │ .rodata#7                     │
 │  │        │        │                │       │ .eh_frame#11                  │
 │  ├────────┼────────┼────────────────┼───────┼───────────────────────────────┤
 │  │ 0x2000 │ 0x1000 │ program        │ RX    │ .text#3                       │
 │  │        │        │                │       │ .text.__x86.get_pc_thunk.bx#8 │
 │  │        │        │                │       │ .text#18                      │
 │  ├────────┼────────┼────────────────┼───────┼───────────────────────────────┤
 │  │ 0x3000 │ 0x1000 │ program        │ RW    │ .got#32                       │
 │  ╰────────┴────────┴────────────────┴───────┴───────────────────────────────╯
 │
 │    deduplication facade .comment#9 in hello.o
 │  ╭──────┬───────────────────╮
 │  │ From │ To                │
 │  ├──────┼───────────────────┤
 │  │ 0x0  │ .comment#26 + 0x0 │
 │  ├──────┼───────────────────┤
 │  │ 0x1  │ .comment#26 + 0x1 │
 │  ╰──────┴───────────────────╯
 │
 │    deduplication facade .comment#16 in <plinky>
 │  ╭──────┬────────────────────╮
 │  │ From │ To                 │
 │  ├──────┼────────────────────┤
 │  │ 0x0  │ .comment#26 + 0x2c │
 │  ╰──────┴────────────────────╯
 ┴

debug print: object after relocations are applied
 │
 │  section .got#32 (perms: rw) in <plinky>
 │   │
 │   │  address: 0x3000
 │   │
 │   │  ╭─────────────────────────┬──────────╮
 │   │  │ 00 00 00 00 00 00 00 00 │ ........ │
 │   │  ╰─────────────────────────┴──────────╯
 │   ┴
 │
 │  section .interp#27 (perms: r) in <plinky>
 │   │
 │   │  address: 0x134
 │   │
 │   │  ╭─────────────────────────────────────────────────┬──────────────────╮
 │   │  │ 2f 6c 69 62 2f 6c 64 2d 6c 69 6e 75 78 2e 73 6f │ /lib/ld-linux.so │
 │   │  │ 2e 32 00                                        │ .2.              │
 │   │  ╰─────────────────────────────────────────────────┴──────────────────╯
 │   ┴
 │
 │  section .text#3 (perms: rx) in hello.o
 │   │
 │   │  address: 0x2000
 │   │
 │   │  ╭─────────────────────────────────────────────────┬──────────────────╮
 │   │  │ 55 89 e5 53 83 ec 04 e8 28 00 00 00 81 c3 f4 0f │ U..S....(....... │
 │   │  │ 00 00 83 ec 04 6a 0c 8d 83 00 e0 ff ff 50 6a 01 │ .....j.......Pj. │
 │   │  │ ff 93 00 00 00 00 83 c4 10 83 ec 0c 6a 00 ff 93 │ ............j... │
 │   │  │ 04 00 00 00                                     │ ....             │
 │   │  ╰─────────────────────────────────────────────────┴──────────────────╯
 │   ┴
 │
 │  section .text#18 (perms: rx) in syscalls.o
 │   │
 │   │  address: 0x2038
 │   │
 │   │  ╭─────────────────────────────────────────────────┬──────────────────╮
 │   │  │ 50 53 51 b8 04 00 00 00 8b 5c 24 10 8b 4c 24 14 │ PSQ......\$..L$. │
 │   │  │ 8b 54 24 18 cd 80 59 5b 58 c3 b8 01 00 00 00 8b │ .T$...Y[X....... │
 │   │  │ 5c 24 04 cd 80                                  │ \$...            │
 │   │  ╰─────────────────────────────────────────────────┴──────────────────╯
 │   ┴
 │
 │    Symbols:
 │  ╭─────────────────────────────────────────┬──────────┬────────────┬────────────┬─────────────────────────────────────╮
 │  │ Name                                    │ Type     │ Source     │ Visibility │ Value                               │
 │  ├─────────────────────────────────────────┼──────────┼────────────┼────────────┼─────────────────────────────────────┤
 │  │ <symbol#0>                              │ none     │ <plinky>   │ local      │ <null>                              │
 │  ├─────────────────────────────────────────┼──────────┼────────────┼────────────┼─────────────────────────────────────┤
 │  │ <section .text#3>                       │ section  │ hello.o    │ local      │ .text#3 + 0x0                       │
 │  ├─────────────────────────────────────────┼──────────┼────────────┼────────────┼─────────────────────────────────────┤
 │  │ <section .rodata#7>                     │ section  │ hello.o    │ local      │ .rodata#7 + 0x0                     │
 │  ├─────────────────────────────────────────┼──────────┼────────────┼────────────┼─────────────────────────────────────┤
 │  │ <section .text.__x86.get_pc_thunk.bx#8> │ section  │ hello.o    │ local      │ .text.__x86.get_pc_thunk.bx#8 + 0x0 │
 │  ├─────────────────────────────────────────┼──────────┼────────────┼────────────┼─────────────────────────────────────┤
 │  │ _GLOBAL_OFFSET_TABLE_#9                 │ none     │ <plinky>   │ local      │ .got#32 + 0x0                       │
 │  ├─────────────────────────────────────────┼──────────┼────────────┼────────────┼─────────────────────────────────────┤
 │  │ __x86.get_pc_thunk.bx#8                 │ function │ hello.o    │ local      │ .text.__x86.get_pc_thunk.bx#8 + 0x0 │
 │  ├─────────────────────────────────────────┼──────────┼────────────┼────────────┼─────────────────────────────────────┤
 │  │ _start#1                                │ function │ hello.o    │ global     │ .text#3 + 0x0                       │
 │  ├─────────────────────────────────────────┼──────────┼────────────┼────────────┼─────────────────────────────────────┤
 │  │ exit#11                                 │ none     │ syscalls.o │ global     │ .text#18 + 0x1a                     │
 │  ├─────────────────────────────────────────┼──────────┼────────────┼────────────┼─────────────────────────────────────┤
 │  │ write#10                                │ none     │ syscalls.o │ global     │ .text#18 + 0x0                      │
 │  ╰─────────────────────────────────────────┴──────────┴────────────┴────────────┴─────────────────────────────────────╯
 │
 │    Dynamic symbols:
 │  ╭────────────┬──────┬────────────┬────────────┬─────────────────╮
 │  │ Name       │ Type │ Source     │ Visibility │ Value           │
 │  ├────────────┼──────┼────────────┼────────────┼─────────────────┤
 │  │ <symbol#0> │ none │ <plinky>   │ local      │ <null>          │
 │  ├────────────┼──────┼────────────┼────────────┼─────────────────┤
 │  │ exit#11    │ none │ syscalls.o │ global     │ .text#18 + 0x1a │
 │  ├────────────┼──────┼────────────┼────────────┼─────────────────┤
 │  │ write#10   │ none │ syscalls.o │ global     │ .text#18 + 0x0  │
 │  ╰────────────┴──────┴────────────┴────────────┴─────────────────╯
 ┴

debug print: built elf
 │
 │    Metadata:
 │  ╭────────────┬───────────────╮
 │  │ Class      │ ELF 32bit     │
 │  ├────────────┼───────────────┤
 │  │ Endian     │ Little        │
 │  ├────────────┼───────────────┤
 │  │ ABI        │ System V      │
 │  ├────────────┼───────────────┤
 │  │ Machine    │ x86           │
 │  ├────────────┼───────────────┤
 │  │ Type       │ Shared object │
 │  ├────────────┼───────────────┤
 │  │ Entrypoint │ 0x2000        │
 │  ╰────────────┴───────────────╯
 │
 │  section .interp#10 (address: 0x134)
 │   │
 │   │  program data | permissions: R
 │   │
 │   │  ╭─────────────────────────────────────────────────┬──────────────────╮
 │   │  │ 2f 6c 69 62 2f 6c 64 2d 6c 69 6e 75 78 2e 73 6f │ /lib/ld-linux.so │
 │   │  │ 2e 32 00                                        │ .2.              │
 │   │  ╰─────────────────────────────────────────────────┴──────────────────╯
 │   ┴
 │
 │  section .dynstr#11 (address: 0x147)
 │   │
 │   │    Strings table:
 │   │  ╭─────┬───────╮
 │   │  │ 0x0 │       │
 │   │  ├─────┼───────┤
 │   │  │ 0x1 │       │
 │   │  ├─────┼───────┤
 │   │  │ 0x2 │ write │
 │   │  ├─────┼───────┤
 │   │  │ 0x8 │ exit  │
 │   │  ╰─────┴───────╯
 │   ┴
 │
 │  section .dynsym#12 (address: 0x154)
 │   │
 │   │    Dynamic symbol table:
 │   │  ╭─────────┬─────────┬──────┬────────────┬────────────┬────────┬──────╮
 │   │  │ Name    │ Binding │ Type │ Visibility │ Definition │ Value  │ Size │
 │   │  ├─────────┼─────────┼──────┼────────────┼────────────┼────────┼──────┤
 │   │  │ #7      │ Local   │ -    │ Default    │ Undefined  │ 0x0    │ 0x0  │
 │   │  ├─────────┼─────────┼──────┼────────────┼────────────┼────────┼──────┤
 │   │  │ write#8 │ Global  │ -    │ Default    │ .text#6    │ 0x2038 │ 0x0  │
 │   │  ├─────────┼─────────┼──────┼────────────┼────────────┼────────┼──────┤
 │   │  │ exit#9  │ Global  │ -    │ Default    │ .text#6    │ 0x2052 │ 0x0  │
 │   │  ╰─────────┴─────────┴──────┴────────────┴────────────┴────────┴──────╯
 │   ┴
 │
 │  section .hash#13 (address: 0x184)
 │   │
 │   │  Hash table for .dynsym#12
 │   │
 │   │    Content:
 │   │  ╭───────────┬───────────────────╮
 │   │  │ Bucket ID │ Symbols in bucket │
 │   │  ├───────────┼───────────────────┤
 │   │  │ 0         │ exit#9            │
 │   │  │           │ write#8           │
 │   │  ╰───────────┴───────────────────╯
 │   ┴
 │
 │  section .dynamic#14 (address: 0x19c)
 │   │
 │   │  dynamic information | string table: .dynstr#11
 │   │
 │   │  ╭─────────────────────────┬───────────────╮
 │   │  │ Kind                    │ Value         │
 │   │  ├─────────────────────────┼───────────────┤
 │   │  │ String table            │ address 0x147 │
 │   │  ├─────────────────────────┼───────────────┤
 │   │  │ String table size       │ 13 bytes      │
 │   │  ├─────────────────────────┼───────────────┤
 │   │  │ Symbol table            │ address 0x154 │
 │   │  ├─────────────────────────┼───────────────┤
 │   │  │ Symbol table entry size │ 16 bytes      │
 │   │  ├─────────────────────────┼───────────────┤
 │   │  │ Hash table              │ address 0x184 │
 │   │  ├─────────────────────────┼───────────────┤
 │   │  │ Flags1                  │ pie           │
 │   │  ├─────────────────────────┼───────────────┤
 │   │  │ RelocationsA table      │ address 0x1ec │
 │   │  ├─────────────────────────┼───────────────┤
 │   │  │ RelocationsA size       │ 24 bytes      │
 │   │  ├─────────────────────────┼───────────────┤
 │   │  │ RelocationsA entry size │ 12 bytes      │
 │   │  ├─────────────────────────┼───────────────┤
 │   │  │ Null                    │ -             │
 │   │  ╰─────────────────────────┴───────────────╯
 │   ┴
 │
 │  section .rela.got#16 (address: 0x1ec)
 │   │
 │   │  symbol table:       .dynsym#12
 │   │  applies to section: #0
 │   │
 │   │    Relocations:
 │   │  ╭──────────────┬─────────┬────────┬────────╮
 │   │  │ Type         │ Symbol  │ Offset │ Addend │
 │   │  ├──────────────┼─────────┼────────┼────────┤
 │   │  │ X86_GLOB_DAT │ write#8 │ 0x3000 │ 0x0    │
 │   │  ├──────────────┼─────────┼────────┼────────┤
 │   │  │ X86_GLOB_DAT │ exit#9  │ 0x3004 │ 0x0    │
 │   │  ╰──────────────┴─────────┴────────┴────────╯
 │   ┴
 │
 │    Segments:
 │  ╭──────────────────────┬───────┬──────────┬─────────────┬──────────┬────────────────┬────────────╮
 │  │ Type                 │ Perms │ Aligment │ File offset │ File len │ Memory address │ Memory len │
 │  ├──────────────────────┼───────┼──────────┼─────────────┼──────────┼────────────────┼────────────┤
 │  │ Program header table │ R     │ 0x1000   │ 0x34        │ 0x100    │ 0x34           │ 0x100      │
 │  ├──────────────────────┼───────┼──────────┼─────────────┼──────────┼────────────────┼────────────┤
 │  │ Interpreter          │ R     │ 0x1      │ 0x134       │ 0x13     │ 0x134          │ 0x13       │
 │  ├──────────────────────┼───────┼──────────┼─────────────┼──────────┼────────────────┼────────────┤
 │  │ Load                 │ R     │ 0x1000   │ 0x0         │ 0x204    │ 0x0            │ 0x204      │
 │  ├──────────────────────┼───────┼──────────┼─────────────┼──────────┼────────────────┼────────────┤
 │  │ Load                 │ R     │ 0x1000   │ 0x1000      │ 0x55     │ 0x1000         │ 0x55       │
 │  ├──────────────────────┼───────┼──────────┼─────────────┼──────────┼────────────────┼────────────┤
 │  │ Load                 │ R X   │ 0x1000   │ 0x2000      │ 0x5d     │ 0x2000         │ 0x5d       │
 │  ├──────────────────────┼───────┼──────────┼─────────────┼──────────┼────────────────┼────────────┤
 │  │ Load                 │ RW    │ 0x1000   │ 0x3000      │ 0x8      │ 0x3000         │ 0x8        │
 │  ├──────────────────────┼───────┼──────────┼─────────────┼──────────┼────────────────┼────────────┤
 │  │ Dynamic              │ R     │ 0x4      │ 0x19c       │ 0x50     │ 0x19c          │ 0x50       │
 │  ├──────────────────────┼───────┼──────────┼─────────────┼──────────┼────────────────┼────────────┤
 │  │ GNU stack            │ RW    │ 0x1      │ 0x0         │ 0x0      │ 0x0            │ 0x0        │
 │  ╰──────────────────────┴───────┴──────────┴─────────────┴──────────┴────────────────┴────────────╯
 ┴

==============

running exited with exit status: 0

=== stdout ===
Hello world

no stderr present
