---
source: plinky_test_harness/src/utils.rs
---
linking exited with exit status: 0

no stdout present

=== stderr ===
debug print: calculated layout
 │
 │    Sections:
 │  ╭──────────────┬───────────────┬────────────────┬────────╮
 │  │ Section      │ Source object │ Memory address │ Length │
 │  ├──────────────┼───────────────┼────────────────┼────────┤
 │  │ .text.foo#4  │ rx.o          │ 0x400000       │ 0x1    │
 │  ├──────────────┼───────────────┼────────────────┼────────┤
 │  │ .text.foo#13 │ rwx.o         │ 0x401000       │ 0x1    │
 │  ├──────────────┼───────────────┼────────────────┼────────┤
 │  │ .comment#8   │ <plinky>      │ not allocated  │ -      │
 │  ├──────────────┼───────────────┼────────────────┼────────┤
 │  │ .strtab#17   │ <plinky>      │ not allocated  │ -      │
 │  ├──────────────┼───────────────┼────────────────┼────────┤
 │  │ .symtab#18   │ <plinky>      │ not allocated  │ -      │
 │  ╰──────────────┴───────────────┴────────────────┴────────╯
 │
 │    Segments:
 │  ╭──────────┬────────┬─────────┬─────────────────────┬──────────────╮
 │  │ Start    │ Align  │ Type    │ Permissions         │ Content      │
 │  ├──────────┼────────┼─────────┼─────────────────────┼──────────────┤
 │  │ 0x400000 │ 0x1000 │ program │ ElfPermissions(RX)  │ .text.foo#4  │
 │  ├──────────┼────────┼─────────┼─────────────────────┼──────────────┤
 │  │ 0x401000 │ 0x1000 │ program │ ElfPermissions(RWX) │ .text.foo#13 │
 │  ╰──────────┴────────┴─────────┴─────────────────────┴──────────────╯
 ┴



