---
source: plinky/linktest/harness/tests.rs
---
linking exited with exit status: 0

no stdout present

=== stderr ===
debug print: built elf
 │
 │    Metadata:
 │  ╭────────────┬────────────╮
 │  │ Class      │ ELF 32bit  │
 │  ├────────────┼────────────┤
 │  │ Endian     │ Little     │
 │  ├────────────┼────────────┤
 │  │ ABI        │ System V   │
 │  ├────────────┼────────────┤
 │  │ Machine    │ x86        │
 │  ├────────────┼────────────┤
 │  │ Type       │ Executable │
 │  ├────────────┼────────────┤
 │  │ Entrypoint │ 0x400000   │
 │  ╰────────────┴────────────╯
 │
 │  section #0 (address: 0x0)
 │   │
 │   │  empty section
 │   ┴
 │
 │  section .shstrtab#1 (address: 0x0)
 │   │
 │   │    Strings table:
 │   │  ╭──────┬───────────╮
 │   │  │ 0x0  │           │
 │   │  ├──────┼───────────┤
 │   │  │ 0x1  │ .data     │
 │   │  ├──────┼───────────┤
 │   │  │ 0x7  │ .text     │
 │   │  ├──────┼───────────┤
 │   │  │ 0xd  │ .comment  │
 │   │  ├──────┼───────────┤
 │   │  │ 0x16 │ .shstrtab │
 │   │  ╰──────┴───────────╯
 │   ┴
 │
 │  section .data#2 (address: 0x401000)
 │   │
 │   │  program data | permissions: RW
 │   │
 │   │  ╭────────────────────────────────────────┬───────────────╮
 │   │  │ 48 65 6c 6c 6f 20 77 6f 72 6c 64 21 0a │ Hello world!. │
 │   │  ╰────────────────────────────────────────┴───────────────╯
 │   ┴
 │
 │  section .text#3 (address: 0x400000)
 │   │
 │   │  program data | permissions: R X
 │   │
 │   │  ╭─────────────────────────────────────────────────┬──────────────────╮
 │   │  │ b8 04 00 00 00 bb 01 00 00 00 b9 00 10 40 00 ba │ .............@.. │
 │   │  │ 0d 00 00 00 cd 80 b0 01 bb 00 00 00 00 cd 80    │ ...............  │
 │   │  ╰─────────────────────────────────────────────────┴──────────────────╯
 │   ┴
 │
 │  section .comment#4 (address: 0x0)
 │   │
 │   │  program data | permissions: -   | deduplicating zero-terminated strings
 │   │
 │   │  ╭──────────────────────────────────────────────┬─────────────────╮
 │   │  │ 4c 69 6e 6b 65 72 3a 20 70 6c 69 6e 6b 79 00 │ Linker: plinky. │
 │   │  ╰──────────────────────────────────────────────┴─────────────────╯
 │   ┴
 │
 │    Segments:
 │  ╭───────────┬───────┬──────────┬─────────╮
 │  │ Type      │ Perms │ Aligment │ Content │
 │  ├───────────┼───────┼──────────┼─────────┤
 │  │ Load      │ R X   │ 0x1000   │ .text#3 │
 │  ├───────────┼───────┼──────────┼─────────┤
 │  │ Load      │ RW    │ 0x1000   │ .data#2 │
 │  ├───────────┼───────┼──────────┼─────────┤
 │  │ GNU stack │ RW    │ 0x1      │ -       │
 │  ╰───────────┴───────┴──────────┴─────────╯
 ┴



